-- Logs begin at Mon 2017-09-11 15:51:06 UTC, end at Mon 2017-09-11 15:53:46 UTC. --
Sep 11 15:51:06 localhost systemd-journal[80]: Runtime journal is using 6.2M (max allowed 49.6M, trying to leave 74.4M free of 490.0M available â†’ current limit 49.6M).
Sep 11 15:51:06 localhost kernel: Initializing cgroup subsys cpuset
Sep 11 15:51:06 localhost kernel: Initializing cgroup subsys cpu
Sep 11 15:51:06 localhost kernel: Initializing cgroup subsys cpuacct
Sep 11 15:51:06 localhost kernel: Linux version 3.10.0-693.el7.x86_64 (builder@kbuilder.dev.centos.org) (gcc version 4.8.5 20150623 (Red Hat 4.8.5-16) (GCC) ) #1 SMP Tue Aug 22 21:09:27 UTC 2017
Sep 11 15:51:06 localhost kernel: Command line: ks=file:/centos-7.ks inst.cmdline console=ttyS0 stage2=hd:LABEL=CentOS\x207\x20x86_64
Sep 11 15:51:06 localhost kernel: e820: BIOS-provided physical RAM map:
Sep 11 15:51:06 localhost kernel: BIOS-e820: [mem 0x0000000000000000-0x000000000009fbff] usable
Sep 11 15:51:06 localhost kernel: BIOS-e820: [mem 0x000000000009fc00-0x000000000009ffff] reserved
Sep 11 15:51:06 localhost kernel: BIOS-e820: [mem 0x00000000000f0000-0x00000000000fffff] reserved
Sep 11 15:51:06 localhost kernel: BIOS-e820: [mem 0x0000000000100000-0x000000003fffdfff] usable
Sep 11 15:51:06 localhost kernel: BIOS-e820: [mem 0x000000003fffe000-0x000000003fffffff] reserved
Sep 11 15:51:06 localhost kernel: BIOS-e820: [mem 0x00000000feffc000-0x00000000feffffff] reserved
Sep 11 15:51:06 localhost kernel: BIOS-e820: [mem 0x00000000fffc0000-0x00000000ffffffff] reserved
Sep 11 15:51:06 localhost kernel: NX (Execute Disable) protection: active
Sep 11 15:51:06 localhost kernel: SMBIOS 2.4 present.
Sep 11 15:51:06 localhost kernel: DMI: Red Hat KVM, BIOS 0.5.1 01/01/2011
Sep 11 15:51:06 localhost kernel: Hypervisor detected: KVM
Sep 11 15:51:06 localhost kernel: e820: update [mem 0x00000000-0x00000fff] usable ==> reserved
Sep 11 15:51:06 localhost kernel: e820: remove [mem 0x000a0000-0x000fffff] usable
Sep 11 15:51:06 localhost kernel: e820: last_pfn = 0x3fffe max_arch_pfn = 0x400000000
Sep 11 15:51:06 localhost kernel: MTRR default type: write-back
Sep 11 15:51:06 localhost kernel: MTRR fixed ranges enabled:
Sep 11 15:51:06 localhost kernel:   00000-9FFFF write-back
Sep 11 15:51:06 localhost kernel:   A0000-BFFFF uncachable
Sep 11 15:51:06 localhost kernel:   C0000-FFFFF write-protect
Sep 11 15:51:06 localhost kernel: MTRR variable ranges enabled:
Sep 11 15:51:06 localhost kernel:   0 base 080000000 mask F80000000 uncachable
Sep 11 15:51:06 localhost kernel:   1 disabled
Sep 11 15:51:06 localhost kernel:   2 disabled
Sep 11 15:51:06 localhost kernel:   3 disabled
Sep 11 15:51:06 localhost kernel:   4 disabled
Sep 11 15:51:06 localhost kernel:   5 disabled
Sep 11 15:51:06 localhost kernel:   6 disabled
Sep 11 15:51:06 localhost kernel:   7 disabled
Sep 11 15:51:06 localhost kernel: x86 PAT enabled: cpu 0, old 0x7040600070406, new 0x7010600070106
Sep 11 15:51:06 localhost kernel: found SMP MP-table at [mem 0x000f73c0-0x000f73cf] mapped at [ffff8800000f73c0]
Sep 11 15:51:06 localhost kernel: Base memory trampoline at [ffff880000099000] 99000 size 24576
Sep 11 15:51:06 localhost kernel: BRK [0x01fe9000, 0x01fe9fff] PGTABLE
Sep 11 15:51:06 localhost kernel: BRK [0x01fea000, 0x01feafff] PGTABLE
Sep 11 15:51:06 localhost kernel: BRK [0x01feb000, 0x01febfff] PGTABLE
Sep 11 15:51:06 localhost kernel: BRK [0x01fec000, 0x01fecfff] PGTABLE
Sep 11 15:51:06 localhost kernel: RAMDISK: [mem 0x3d1be000-0x3ffeffff]
Sep 11 15:51:06 localhost kernel: Early table checksum verification disabled
Sep 11 15:51:06 localhost kernel: ACPI: RSDP 00000000000f7220 00014 (v00 BOCHS )
Sep 11 15:51:06 localhost kernel: ACPI: RSDT 000000003ffffa9b 00030 (v01 BOCHS  BXPCRSDT 00000001 BXPC 00000001)
Sep 11 15:51:06 localhost kernel: ACPI: FACP 000000003ffff177 00074 (v01 BOCHS  BXPCFACP 00000001 BXPC 00000001)
Sep 11 15:51:06 localhost kernel: ACPI: DSDT 000000003fffe040 01137 (v01 BOCHS  BXPCDSDT 00000001 BXPC 00000001)
Sep 11 15:51:06 localhost kernel: ACPI: FACS 000000003fffe000 00040
Sep 11 15:51:06 localhost kernel: ACPI: SSDT 000000003ffff1eb 00838 (v01 BOCHS  BXPCSSDT 00000001 BXPC 00000001)
Sep 11 15:51:06 localhost kernel: ACPI: APIC 000000003ffffa23 00078 (v01 BOCHS  BXPCAPIC 00000001 BXPC 00000001)
Sep 11 15:51:06 localhost kernel: ACPI: Local APIC address 0xfee00000
Sep 11 15:51:06 localhost kernel: No NUMA configuration found
Sep 11 15:51:06 localhost kernel: Faking a node at [mem 0x0000000000000000-0x000000003fffdfff]
Sep 11 15:51:06 localhost kernel: NODE_DATA(0) allocated [mem 0x3d197000-0x3d1bdfff]
Sep 11 15:51:06 localhost kernel: kvm-clock: Using msrs 4b564d01 and 4b564d00
Sep 11 15:51:06 localhost kernel: kvm-clock: cpu 0, msr 0:3d147001, primary cpu clock
Sep 11 15:51:06 localhost kernel: kvm-clock: using sched offset of 1760039118 cycles
Sep 11 15:51:06 localhost kernel: Zone ranges:
Sep 11 15:51:06 localhost kernel:   DMA      [mem 0x00001000-0x00ffffff]
Sep 11 15:51:06 localhost kernel:   DMA32    [mem 0x01000000-0xffffffff]
Sep 11 15:51:06 localhost kernel:   Normal   empty
Sep 11 15:51:06 localhost kernel: Movable zone start for each node
Sep 11 15:51:06 localhost kernel: Early memory node ranges
Sep 11 15:51:06 localhost kernel:   node   0: [mem 0x00001000-0x0009efff]
Sep 11 15:51:06 localhost kernel:   node   0: [mem 0x00100000-0x3fffdfff]
Sep 11 15:51:06 localhost kernel: Initmem setup node 0 [mem 0x00001000-0x3fffdfff]
Sep 11 15:51:06 localhost kernel: On node 0 totalpages: 262044
Sep 11 15:51:06 localhost kernel:   DMA zone: 64 pages used for memmap
Sep 11 15:51:06 localhost kernel:   DMA zone: 21 pages reserved
Sep 11 15:51:06 localhost kernel:   DMA zone: 3998 pages, LIFO batch:0
Sep 11 15:51:06 localhost kernel:   DMA32 zone: 4032 pages used for memmap
Sep 11 15:51:06 localhost kernel:   DMA32 zone: 258046 pages, LIFO batch:31
Sep 11 15:51:06 localhost kernel: ACPI: PM-Timer IO Port: 0x608
Sep 11 15:51:06 localhost kernel: ACPI: Local APIC address 0xfee00000
Sep 11 15:51:06 localhost kernel: ACPI: LAPIC (acpi_id[0x00] lapic_id[0x00] enabled)
Sep 11 15:51:06 localhost kernel: ACPI: LAPIC_NMI (acpi_id[0xff] dfl dfl lint[0x1])
Sep 11 15:51:06 localhost kernel: ACPI: IOAPIC (id[0x00] address[0xfec00000] gsi_base[0])
Sep 11 15:51:06 localhost kernel: IOAPIC[0]: apic_id 0, version 17, address 0xfec00000, GSI 0-23
Sep 11 15:51:06 localhost kernel: ACPI: INT_SRC_OVR (bus 0 bus_irq 0 global_irq 2 dfl dfl)
Sep 11 15:51:06 localhost kernel: ACPI: INT_SRC_OVR (bus 0 bus_irq 5 global_irq 5 high level)
Sep 11 15:51:06 localhost kernel: ACPI: INT_SRC_OVR (bus 0 bus_irq 9 global_irq 9 high level)
Sep 11 15:51:06 localhost kernel: ACPI: INT_SRC_OVR (bus 0 bus_irq 10 global_irq 10 high level)
Sep 11 15:51:06 localhost kernel: ACPI: INT_SRC_OVR (bus 0 bus_irq 11 global_irq 11 high level)
Sep 11 15:51:06 localhost kernel: ACPI: IRQ0 used by override.
Sep 11 15:51:06 localhost kernel: ACPI: IRQ5 used by override.
Sep 11 15:51:06 localhost kernel: ACPI: IRQ9 used by override.
Sep 11 15:51:06 localhost kernel: ACPI: IRQ10 used by override.
Sep 11 15:51:06 localhost kernel: ACPI: IRQ11 used by override.
Sep 11 15:51:06 localhost kernel: Using ACPI (MADT) for SMP configuration information
Sep 11 15:51:06 localhost kernel: smpboot: Allowing 1 CPUs, 0 hotplug CPUs
Sep 11 15:51:06 localhost kernel: PM: Registered nosave memory: [mem 0x0009f000-0x0009ffff]
Sep 11 15:51:06 localhost kernel: PM: Registered nosave memory: [mem 0x000a0000-0x000effff]
Sep 11 15:51:06 localhost kernel: PM: Registered nosave memory: [mem 0x000f0000-0x000fffff]
Sep 11 15:51:06 localhost kernel: e820: [mem 0x40000000-0xfeffbfff] available for PCI devices
Sep 11 15:51:06 localhost kernel: Booting paravirtualized kernel on KVM
Sep 11 15:51:06 localhost kernel: setup_percpu: NR_CPUS:5120 nr_cpumask_bits:1 nr_cpu_ids:1 nr_node_ids:1
Sep 11 15:51:06 localhost kernel: PERCPU: Embedded 33 pages/cpu @ffff88003ce00000 s97048 r8192 d29928 u2097152
Sep 11 15:51:06 localhost kernel: pcpu-alloc: s97048 r8192 d29928 u2097152 alloc=1*2097152
Sep 11 15:51:06 localhost kernel: pcpu-alloc: [0] 0 
Sep 11 15:51:06 localhost kernel: KVM setup async PF for cpu 0
Sep 11 15:51:06 localhost kernel: kvm-stealtime: cpu 0, msr 3ce0f440
Sep 11 15:51:06 localhost kernel: PV qspinlock hash table entries: 256 (order: 0, 4096 bytes)
Sep 11 15:51:06 localhost kernel: Built 1 zonelists in Node order, mobility grouping on.  Total pages: 257927
Sep 11 15:51:06 localhost kernel: Policy zone: DMA32
Sep 11 15:51:06 localhost kernel: Kernel command line: ks=file:/centos-7.ks inst.cmdline console=ttyS0 stage2=hd:LABEL=CentOS\x207\x20x86_64
Sep 11 15:51:06 localhost kernel: PID hash table entries: 4096 (order: 3, 32768 bytes)
Sep 11 15:51:06 localhost kernel: x86/fpu: xstate_offset[2]: 0240, xstate_sizes[2]: 0100
Sep 11 15:51:06 localhost kernel: xsave: enabled xstate_bv 0x7, cntxt size 0x340 using standard form
Sep 11 15:51:06 localhost kernel: Memory: 967200k/1048568k available (6886k kernel code, 392k absent, 80976k reserved, 4545k data, 1764k init)
Sep 11 15:51:06 localhost kernel: SLUB: HWalign=64, Order=0-3, MinObjects=0, CPUs=1, Nodes=1
Sep 11 15:51:06 localhost kernel: Hierarchical RCU implementation.
Sep 11 15:51:06 localhost kernel:         RCU restricting CPUs from NR_CPUS=5120 to nr_cpu_ids=1.
Sep 11 15:51:06 localhost kernel: NR_IRQS:327936 nr_irqs:256 0
Sep 11 15:51:06 localhost kernel: Console: colour *CGA 80x25
Sep 11 15:51:06 localhost kernel: console [ttyS0] enabled
Sep 11 15:51:06 localhost kernel: allocated 4194304 bytes of page_cgroup
Sep 11 15:51:06 localhost kernel: please try 'cgroup_disable=memory' option if you don't want memory cgroups
Sep 11 15:51:06 localhost kernel: tsc: Detected 2400.016 MHz processor
Sep 11 15:51:06 localhost kernel: Calibrating delay loop (skipped) preset value.. 4800.03 BogoMIPS (lpj=2400016)
Sep 11 15:51:06 localhost kernel: pid_max: default: 32768 minimum: 301
Sep 11 15:51:06 localhost kernel: Security Framework initialized
Sep 11 15:51:06 localhost kernel: SELinux:  Initializing.
Sep 11 15:51:06 localhost kernel: SELinux:  Starting in permissive mode
Sep 11 15:51:06 localhost kernel: Yama: becoming mindful.
Sep 11 15:51:06 localhost kernel: Dentry cache hash table entries: 131072 (order: 8, 1048576 bytes)
Sep 11 15:51:06 localhost kernel: Inode-cache hash table entries: 65536 (order: 7, 524288 bytes)
Sep 11 15:51:06 localhost kernel: Mount-cache hash table entries: 2048 (order: 2, 16384 bytes)
Sep 11 15:51:06 localhost kernel: Mountpoint-cache hash table entries: 2048 (order: 2, 16384 bytes)
Sep 11 15:51:06 localhost kernel: Initializing cgroup subsys memory
Sep 11 15:51:06 localhost kernel: Initializing cgroup subsys devices
Sep 11 15:51:06 localhost kernel: Initializing cgroup subsys freezer
Sep 11 15:51:06 localhost kernel: Initializing cgroup subsys net_cls
Sep 11 15:51:06 localhost kernel: Initializing cgroup subsys blkio
Sep 11 15:51:06 localhost kernel: Initializing cgroup subsys perf_event
Sep 11 15:51:06 localhost kernel: Initializing cgroup subsys hugetlb
Sep 11 15:51:06 localhost kernel: Initializing cgroup subsys pids
Sep 11 15:51:06 localhost kernel: Initializing cgroup subsys net_prio
Sep 11 15:51:06 localhost kernel: mce: CPU supports 10 MCE banks
Sep 11 15:51:06 localhost kernel: Last level iTLB entries: 4KB 0, 2MB 0, 4MB 0
Sep 11 15:51:06 localhost kernel: Last level dTLB entries: 4KB 0, 2MB 0, 4MB 0
Sep 11 15:51:06 localhost kernel: tlb_flushall_shift: 6
Sep 11 15:51:06 localhost kernel: Freeing SMP alternatives: 24k freed
Sep 11 15:51:06 localhost kernel: ACPI: Core revision 20130517
Sep 11 15:51:06 localhost kernel: ACPI: All ACPI Tables successfully acquired
Sep 11 15:51:06 localhost kernel: ftrace: allocating 26584 entries in 104 pages
Sep 11 15:51:06 localhost kernel: smpboot: Max logical packages: 1
Sep 11 15:51:06 localhost kernel: Enabling x2apic
Sep 11 15:51:06 localhost kernel: Enabled x2apic
Sep 11 15:51:06 localhost kernel: Switched APIC routing to physical x2apic.
Sep 11 15:51:06 localhost kernel: ..TIMER: vector=0x30 apic1=0 pin1=2 apic2=-1 pin2=-1
Sep 11 15:51:06 localhost kernel: smpboot: CPU0: Intel Xeon E312xx (Sandy Bridge) (fam: 06, model: 2a, stepping: 01)
Sep 11 15:51:06 localhost kernel: TSC deadline timer enabled
Sep 11 15:51:06 localhost kernel: Performance Events: unsupported p6 CPU model 42 no PMU driver, software events only.
Sep 11 15:51:06 localhost kernel: KVM setup paravirtual spinlock
Sep 11 15:51:06 localhost kernel: Brought up 1 CPUs
Sep 11 15:51:06 localhost kernel: smpboot: Total of 1 processors activated (4800.03 BogoMIPS)
Sep 11 15:51:06 localhost kernel: devtmpfs: initialized
Sep 11 15:51:06 localhost kernel: EVM: security.selinux
Sep 11 15:51:06 localhost kernel: EVM: security.ima
Sep 11 15:51:06 localhost kernel: EVM: security.capability
Sep 11 15:51:06 localhost kernel: atomic64 test passed for x86-64 platform with CX8 and with SSE
Sep 11 15:51:06 localhost kernel: pinctrl core: initialized pinctrl subsystem
Sep 11 15:51:06 localhost kernel: RTC time: 15:51:02, date: 09/11/17
Sep 11 15:51:06 localhost kernel: NET: Registered protocol family 16
Sep 11 15:51:06 localhost kernel: ACPI: bus type PCI registered
Sep 11 15:51:06 localhost kernel: acpiphp: ACPI Hot Plug PCI Controller Driver version: 0.5
Sep 11 15:51:06 localhost kernel: PCI: Using configuration type 1 for base access
Sep 11 15:51:06 localhost kernel: ACPI: Added _OSI(Module Device)
Sep 11 15:51:06 localhost kernel: ACPI: Added _OSI(Processor Device)
Sep 11 15:51:06 localhost kernel: ACPI: Added _OSI(3.0 _SCP Extensions)
Sep 11 15:51:06 localhost kernel: ACPI: Added _OSI(Processor Aggregator Device)
Sep 11 15:51:06 localhost kernel: ACPI: EC: Look up EC in DSDT
Sep 11 15:51:06 localhost kernel: ACPI: Interpreter enabled
Sep 11 15:51:06 localhost kernel: ACPI: (supports S0 S5)
Sep 11 15:51:06 localhost kernel: ACPI: Using IOAPIC for interrupt routing
Sep 11 15:51:06 localhost kernel: PCI: Using host bridge windows from ACPI; if necessary, use "pci=nocrs" and report a bug
Sep 11 15:51:06 localhost kernel: ACPI: PCI Root Bridge [PCI0] (domain 0000 [bus 00-ff])
Sep 11 15:51:06 localhost kernel: acpi PNP0A03:00: _OSC: OS supports [ASPM ClockPM Segments MSI]
Sep 11 15:51:06 localhost kernel: acpi PNP0A03:00: _OSC failed (AE_NOT_FOUND); disabling ASPM
Sep 11 15:51:06 localhost kernel: acpi PNP0A03:00: fail to add MMCONFIG information, can't access extended PCI configuration space under this bridge.
Sep 11 15:51:06 localhost kernel: acpiphp: Slot [3] registered
Sep 11 15:51:06 localhost kernel: acpiphp: Slot [4] registered
Sep 11 15:51:06 localhost kernel: acpiphp: Slot [6] registered
Sep 11 15:51:06 localhost kernel: acpiphp: Slot [7] registered
Sep 11 15:51:06 localhost kernel: acpiphp: Slot [8] registered
Sep 11 15:51:06 localhost kernel: acpiphp: Slot [9] registered
Sep 11 15:51:06 localhost kernel: acpiphp: Slot [10] registered
Sep 11 15:51:06 localhost kernel: acpiphp: Slot [11] registered
Sep 11 15:51:06 localhost kernel: acpiphp: Slot [12] registered
Sep 11 15:51:06 localhost kernel: acpiphp: Slot [13] registered
Sep 11 15:51:06 localhost kernel: acpiphp: Slot [14] registered
Sep 11 15:51:06 localhost kernel: acpiphp: Slot [15] registered
Sep 11 15:51:06 localhost kernel: acpiphp: Slot [16] registered
Sep 11 15:51:06 localhost kernel: acpiphp: Slot [17] registered
Sep 11 15:51:06 localhost kernel: acpiphp: Slot [18] registered
Sep 11 15:51:06 localhost kernel: acpiphp: Slot [19] registered
Sep 11 15:51:06 localhost kernel: acpiphp: Slot [20] registered
Sep 11 15:51:06 localhost kernel: acpiphp: Slot [21] registered
Sep 11 15:51:06 localhost kernel: acpiphp: Slot [22] registered
Sep 11 15:51:06 localhost kernel: acpiphp: Slot [23] registered
Sep 11 15:51:06 localhost kernel: acpiphp: Slot [24] registered
Sep 11 15:51:06 localhost kernel: acpiphp: Slot [25] registered
Sep 11 15:51:06 localhost kernel: acpiphp: Slot [26] registered
Sep 11 15:51:06 localhost kernel: acpiphp: Slot [27] registered
Sep 11 15:51:06 localhost kernel: acpiphp: Slot [28] registered
Sep 11 15:51:06 localhost kernel: acpiphp: Slot [29] registered
Sep 11 15:51:06 localhost kernel: acpiphp: Slot [30] registered
Sep 11 15:51:06 localhost kernel: acpiphp: Slot [31] registered
Sep 11 15:51:06 localhost kernel: PCI host bridge to bus 0000:00
Sep 11 15:51:06 localhost kernel: pci_bus 0000:00: root bus resource [bus 00-ff]
Sep 11 15:51:06 localhost kernel: pci_bus 0000:00: root bus resource [io  0x0000-0x0cf7 window]
Sep 11 15:51:06 localhost kernel: pci_bus 0000:00: root bus resource [io  0x0d00-0xffff window]
Sep 11 15:51:06 localhost kernel: pci_bus 0000:00: root bus resource [mem 0x000a0000-0x000bffff window]
Sep 11 15:51:06 localhost kernel: pci_bus 0000:00: root bus resource [mem 0x40000000-0xfebfffff window]
Sep 11 15:51:06 localhost kernel: pci 0000:00:00.0: [8086:1237] type 00 class 0x060000
Sep 11 15:51:06 localhost kernel: pci 0000:00:01.0: [8086:7000] type 00 class 0x060100
Sep 11 15:51:06 localhost kernel: pci 0000:00:01.1: [8086:7010] type 00 class 0x010180
Sep 11 15:51:06 localhost kernel: pci 0000:00:01.1: reg 0x20: [io  0xc1a0-0xc1af]
Sep 11 15:51:06 localhost kernel: pci 0000:00:01.1: legacy IDE quirk: reg 0x10: [io  0x01f0-0x01f7]
Sep 11 15:51:06 localhost kernel: pci 0000:00:01.1: legacy IDE quirk: reg 0x14: [io  0x03f6]
Sep 11 15:51:06 localhost kernel: pci 0000:00:01.1: legacy IDE quirk: reg 0x18: [io  0x0170-0x0177]
Sep 11 15:51:06 localhost kernel: pci 0000:00:01.1: legacy IDE quirk: reg 0x1c: [io  0x0376]
Sep 11 15:51:06 localhost kernel: pci 0000:00:01.3: [8086:7113] type 00 class 0x068000
Sep 11 15:51:06 localhost kernel: pci 0000:00:01.3: quirk: [io  0x0600-0x063f] claimed by PIIX4 ACPI
Sep 11 15:51:06 localhost kernel: pci 0000:00:01.3: quirk: [io  0x0700-0x070f] claimed by PIIX4 SMB
Sep 11 15:51:06 localhost kernel: pci 0000:00:03.0: [10ec:8139] type 00 class 0x020000
Sep 11 15:51:06 localhost kernel: pci 0000:00:03.0: reg 0x10: [io  0xc000-0xc0ff]
Sep 11 15:51:06 localhost kernel: pci 0000:00:03.0: reg 0x14: [mem 0xfebc0000-0xfebc00ff]
Sep 11 15:51:06 localhost kernel: pci 0000:00:03.0: reg 0x30: [mem 0xfeb80000-0xfebbffff pref]
Sep 11 15:51:06 localhost kernel: pci 0000:00:04.0: [1af4:1003] type 00 class 0x078000
Sep 11 15:51:06 localhost kernel: pci 0000:00:04.0: reg 0x10: [io  0xc100-0xc11f]
Sep 11 15:51:06 localhost kernel: pci 0000:00:04.0: reg 0x14: [mem 0xfebc1000-0xfebc1fff]
Sep 11 15:51:06 localhost kernel: pci 0000:00:05.0: [8086:2934] type 00 class 0x0c0300
Sep 11 15:51:06 localhost kernel: pci 0000:00:05.0: reg 0x20: [io  0xc120-0xc13f]
Sep 11 15:51:06 localhost kernel: pci 0000:00:05.1: [8086:2935] type 00 class 0x0c0300
Sep 11 15:51:06 localhost kernel: pci 0000:00:05.1: reg 0x20: [io  0xc140-0xc15f]
Sep 11 15:51:06 localhost kernel: pci 0000:00:05.2: [8086:2936] type 00 class 0x0c0300
Sep 11 15:51:06 localhost kernel: pci 0000:00:05.2: reg 0x20: [io  0xc160-0xc17f]
Sep 11 15:51:06 localhost kernel: pci 0000:00:05.7: [8086:293a] type 00 class 0x0c0320
Sep 11 15:51:06 localhost kernel: pci 0000:00:05.7: reg 0x10: [mem 0xfebc2000-0xfebc2fff]
Sep 11 15:51:06 localhost kernel: pci 0000:00:06.0: [1af4:1002] type 00 class 0x00ff00
Sep 11 15:51:06 localhost kernel: pci 0000:00:06.0: reg 0x10: [io  0xc180-0xc19f]
Sep 11 15:51:06 localhost kernel: ACPI: PCI Interrupt Link [LNKA] (IRQs 5 *10 11)
Sep 11 15:51:06 localhost kernel: ACPI: PCI Interrupt Link [LNKB] (IRQs 5 *10 11)
Sep 11 15:51:06 localhost kernel: ACPI: PCI Interrupt Link [LNKC] (IRQs 5 10 *11)
Sep 11 15:51:06 localhost kernel: ACPI: PCI Interrupt Link [LNKD] (IRQs 5 10 *11)
Sep 11 15:51:06 localhost kernel: ACPI: PCI Interrupt Link [LNKS] (IRQs *9)
Sep 11 15:51:06 localhost kernel: ACPI: Enabled 16 GPEs in block 00 to 0F
Sep 11 15:51:06 localhost kernel: vgaarb: loaded
Sep 11 15:51:06 localhost kernel: SCSI subsystem initialized
Sep 11 15:51:06 localhost kernel: ACPI: bus type USB registered
Sep 11 15:51:06 localhost kernel: usbcore: registered new interface driver usbfs
Sep 11 15:51:06 localhost kernel: usbcore: registered new interface driver hub
Sep 11 15:51:06 localhost kernel: usbcore: registered new device driver usb
Sep 11 15:51:06 localhost kernel: PCI: Using ACPI for IRQ routing
Sep 11 15:51:06 localhost kernel: PCI: pci_cache_line_size set to 64 bytes
Sep 11 15:51:06 localhost kernel: e820: reserve RAM buffer [mem 0x0009fc00-0x0009ffff]
Sep 11 15:51:06 localhost kernel: e820: reserve RAM buffer [mem 0x3fffe000-0x3fffffff]
Sep 11 15:51:06 localhost kernel: NetLabel: Initializing
Sep 11 15:51:06 localhost kernel: NetLabel:  domain hash size = 128
Sep 11 15:51:06 localhost kernel: NetLabel:  protocols = UNLABELED CIPSOv4
Sep 11 15:51:06 localhost kernel: NetLabel:  unlabeled traffic allowed by default
Sep 11 15:51:06 localhost kernel: amd_nb: Cannot enumerate AMD northbridges
Sep 11 15:51:06 localhost kernel: Switched to clocksource kvm-clock
Sep 11 15:51:06 localhost kernel: pnp: PnP ACPI init
Sep 11 15:51:06 localhost kernel: ACPI: bus type PNP registered
Sep 11 15:51:06 localhost kernel: pnp 00:00: Plug and Play ACPI device, IDs PNP0b00 (active)
Sep 11 15:51:06 localhost kernel: pnp 00:01: Plug and Play ACPI device, IDs PNP0303 (active)
Sep 11 15:51:06 localhost kernel: pnp 00:02: Plug and Play ACPI device, IDs PNP0f13 (active)
Sep 11 15:51:06 localhost kernel: pnp 00:03: [dma 2]
Sep 11 15:51:06 localhost kernel: pnp 00:03: Plug and Play ACPI device, IDs PNP0700 (active)
Sep 11 15:51:06 localhost kernel: pnp 00:04: Plug and Play ACPI device, IDs PNP0501 (active)
Sep 11 15:51:06 localhost kernel: pnp: PnP ACPI: found 5 devices
Sep 11 15:51:06 localhost kernel: ACPI: bus type PNP unregistered
Sep 11 15:51:06 localhost kernel: pci_bus 0000:00: resource 4 [io  0x0000-0x0cf7 window]
Sep 11 15:51:06 localhost kernel: pci_bus 0000:00: resource 5 [io  0x0d00-0xffff window]
Sep 11 15:51:06 localhost kernel: pci_bus 0000:00: resource 6 [mem 0x000a0000-0x000bffff window]
Sep 11 15:51:06 localhost kernel: pci_bus 0000:00: resource 7 [mem 0x40000000-0xfebfffff window]
Sep 11 15:51:06 localhost kernel: NET: Registered protocol family 2
Sep 11 15:51:06 localhost kernel: TCP established hash table entries: 8192 (order: 4, 65536 bytes)
Sep 11 15:51:06 localhost kernel: TCP bind hash table entries: 8192 (order: 5, 131072 bytes)
Sep 11 15:51:06 localhost kernel: TCP: Hash tables configured (established 8192 bind 8192)
Sep 11 15:51:06 localhost kernel: TCP: reno registered
Sep 11 15:51:06 localhost kernel: UDP hash table entries: 512 (order: 2, 16384 bytes)
Sep 11 15:51:06 localhost kernel: UDP-Lite hash table entries: 512 (order: 2, 16384 bytes)
Sep 11 15:51:06 localhost kernel: NET: Registered protocol family 1
Sep 11 15:51:06 localhost kernel: pci 0000:00:00.0: Limiting direct PCI/PCI transfers
Sep 11 15:51:06 localhost kernel: pci 0000:00:01.0: PIIX3: Enabling Passive Release
Sep 11 15:51:06 localhost kernel: pci 0000:00:01.0: Activating ISA DMA hang workarounds
Sep 11 15:51:06 localhost kernel: ACPI: PCI Interrupt Link [LNKA] enabled at IRQ 10
Sep 11 15:51:06 localhost kernel: ACPI: PCI Interrupt Link [LNKB] enabled at IRQ 11
Sep 11 15:51:06 localhost kernel: ACPI: PCI Interrupt Link [LNKC] enabled at IRQ 11
Sep 11 15:51:06 localhost kernel: ACPI: PCI Interrupt Link [LNKD] enabled at IRQ 10
Sep 11 15:51:06 localhost kernel: PCI: CLS 0 bytes, default 64
Sep 11 15:51:06 localhost kernel: Unpacking initramfs...
Sep 11 15:51:06 localhost kernel: Freeing initrd memory: 47304k freed
Sep 11 15:51:06 localhost kernel: sha1_ssse3: Using AVX optimized SHA-1 implementation
Sep 11 15:51:06 localhost kernel: sha256_ssse3: Using AVX optimized SHA-256 implementation
Sep 11 15:51:06 localhost kernel: futex hash table entries: 256 (order: 2, 16384 bytes)
Sep 11 15:51:06 localhost kernel: Initialise system trusted keyring
Sep 11 15:51:06 localhost kernel: audit: initializing netlink socket (disabled)
Sep 11 15:51:06 localhost kernel: type=2000 audit(1505145066.225:1): initialized
Sep 11 15:51:06 localhost kernel: HugeTLB registered 2 MB page size, pre-allocated 0 pages
Sep 11 15:51:06 localhost kernel: zpool: loaded
Sep 11 15:51:06 localhost kernel: zbud: loaded
Sep 11 15:51:06 localhost kernel: VFS: Disk quotas dquot_6.5.2
Sep 11 15:51:06 localhost kernel: Dquot-cache hash table entries: 512 (order 0, 4096 bytes)
Sep 11 15:51:06 localhost kernel: msgmni has been set to 1981
Sep 11 15:51:06 localhost kernel: Key type big_key registered
Sep 11 15:51:06 localhost kernel: SELinux:  Registering netfilter hooks
Sep 11 15:51:06 localhost kernel: NET: Registered protocol family 38
Sep 11 15:51:06 localhost kernel: Key type asymmetric registered
Sep 11 15:51:06 localhost kernel: Asymmetric key parser 'x509' registered
Sep 11 15:51:06 localhost kernel: Block layer SCSI generic (bsg) driver version 0.4 loaded (major 250)
Sep 11 15:51:06 localhost kernel: io scheduler noop registered
Sep 11 15:51:06 localhost kernel: io scheduler deadline registered (default)
Sep 11 15:51:06 localhost kernel: io scheduler cfq registered
Sep 11 15:51:06 localhost kernel: pci_hotplug: PCI Hot Plug PCI Core version: 0.5
Sep 11 15:51:06 localhost kernel: pciehp: PCI Express Hot Plug Controller Driver version: 0.4
Sep 11 15:51:06 localhost kernel: intel_idle: does not run on family 6 model 42
Sep 11 15:51:06 localhost kernel: input: Power Button as /devices/LNXSYSTM:00/LNXPWRBN:00/input/input0
Sep 11 15:51:06 localhost kernel: ACPI: Power Button [PWRF]
Sep 11 15:51:06 localhost kernel: GHES: HEST is not enabled!
Sep 11 15:51:06 localhost kernel: Serial: 8250/16550 driver, 4 ports, IRQ sharing enabled
Sep 11 15:51:06 localhost kernel: 00:04: ttyS0 at I/O 0x3f8 (irq = 4) is a 16550A
Sep 11 15:51:06 localhost kernel: Non-volatile memory driver v1.3
Sep 11 15:51:06 localhost kernel: Linux agpgart interface v0.103
Sep 11 15:51:06 localhost kernel: crash memory driver: version 1.1
Sep 11 15:51:06 localhost kernel: rdac: device handler registered
Sep 11 15:51:06 localhost kernel: hp_sw: device handler registered
Sep 11 15:51:06 localhost kernel: emc: device handler registered
Sep 11 15:51:06 localhost kernel: alua: device handler registered
Sep 11 15:51:06 localhost kernel: libphy: Fixed MDIO Bus: probed
Sep 11 15:51:06 localhost kernel: ehci_hcd: USB 2.0 'Enhanced' Host Controller (EHCI) Driver
Sep 11 15:51:06 localhost kernel: ehci-pci: EHCI PCI platform driver
Sep 11 15:51:06 localhost kernel: ehci-pci 0000:00:05.7: EHCI Host Controller
Sep 11 15:51:06 localhost kernel: ehci-pci 0000:00:05.7: new USB bus registered, assigned bus number 1
Sep 11 15:51:06 localhost kernel: ehci-pci 0000:00:05.7: irq 10, io mem 0xfebc2000
Sep 11 15:51:06 localhost kernel: ehci-pci 0000:00:05.7: USB 2.0 started, EHCI 1.00
Sep 11 15:51:06 localhost kernel: usb usb1: New USB device found, idVendor=1d6b, idProduct=0002
Sep 11 15:51:06 localhost kernel: usb usb1: New USB device strings: Mfr=3, Product=2, SerialNumber=1
Sep 11 15:51:06 localhost kernel: usb usb1: Product: EHCI Host Controller
Sep 11 15:51:06 localhost kernel: usb usb1: Manufacturer: Linux 3.10.0-693.el7.x86_64 ehci_hcd
Sep 11 15:51:06 localhost kernel: usb usb1: SerialNumber: 0000:00:05.7
Sep 11 15:51:06 localhost kernel: hub 1-0:1.0: USB hub found
Sep 11 15:51:06 localhost kernel: hub 1-0:1.0: 6 ports detected
Sep 11 15:51:06 localhost kernel: ohci_hcd: USB 1.1 'Open' Host Controller (OHCI) Driver
Sep 11 15:51:06 localhost kernel: ohci-pci: OHCI PCI platform driver
Sep 11 15:51:06 localhost kernel: uhci_hcd: USB Universal Host Controller Interface driver
Sep 11 15:51:06 localhost kernel: uhci_hcd 0000:00:05.0: UHCI Host Controller
Sep 11 15:51:06 localhost kernel: uhci_hcd 0000:00:05.0: new USB bus registered, assigned bus number 2
Sep 11 15:51:06 localhost kernel: uhci_hcd 0000:00:05.0: detected 2 ports
Sep 11 15:51:06 localhost kernel: uhci_hcd 0000:00:05.0: irq 10, io base 0x0000c120
Sep 11 15:51:06 localhost kernel: usb usb2: New USB device found, idVendor=1d6b, idProduct=0001
Sep 11 15:51:06 localhost kernel: usb usb2: New USB device strings: Mfr=3, Product=2, SerialNumber=1
Sep 11 15:51:06 localhost kernel: usb usb2: Product: UHCI Host Controller
Sep 11 15:51:06 localhost kernel: usb usb2: Manufacturer: Linux 3.10.0-693.el7.x86_64 uhci_hcd
Sep 11 15:51:06 localhost kernel: usb usb2: SerialNumber: 0000:00:05.0
Sep 11 15:51:06 localhost kernel: hub 2-0:1.0: USB hub found
Sep 11 15:51:06 localhost kernel: hub 2-0:1.0: 2 ports detected
Sep 11 15:51:06 localhost kernel: uhci_hcd 0000:00:05.1: UHCI Host Controller
Sep 11 15:51:06 localhost kernel: uhci_hcd 0000:00:05.1: new USB bus registered, assigned bus number 3
Sep 11 15:51:06 localhost kernel: uhci_hcd 0000:00:05.1: detected 2 ports
Sep 11 15:51:06 localhost kernel: uhci_hcd 0000:00:05.1: irq 11, io base 0x0000c140
Sep 11 15:51:06 localhost kernel: usb usb3: New USB device found, idVendor=1d6b, idProduct=0001
Sep 11 15:51:06 localhost kernel: usb usb3: New USB device strings: Mfr=3, Product=2, SerialNumber=1
Sep 11 15:51:06 localhost kernel: usb usb3: Product: UHCI Host Controller
Sep 11 15:51:06 localhost kernel: usb usb3: Manufacturer: Linux 3.10.0-693.el7.x86_64 uhci_hcd
Sep 11 15:51:06 localhost kernel: usb usb3: SerialNumber: 0000:00:05.1
Sep 11 15:51:06 localhost kernel: hub 3-0:1.0: USB hub found
Sep 11 15:51:06 localhost kernel: hub 3-0:1.0: 2 ports detected
Sep 11 15:51:06 localhost kernel: uhci_hcd 0000:00:05.2: UHCI Host Controller
Sep 11 15:51:06 localhost kernel: uhci_hcd 0000:00:05.2: new USB bus registered, assigned bus number 4
Sep 11 15:51:06 localhost kernel: uhci_hcd 0000:00:05.2: detected 2 ports
Sep 11 15:51:06 localhost kernel: uhci_hcd 0000:00:05.2: irq 11, io base 0x0000c160
Sep 11 15:51:06 localhost kernel: usb usb4: New USB device found, idVendor=1d6b, idProduct=0001
Sep 11 15:51:06 localhost kernel: usb usb4: New USB device strings: Mfr=3, Product=2, SerialNumber=1
Sep 11 15:51:06 localhost kernel: usb usb4: Product: UHCI Host Controller
Sep 11 15:51:06 localhost kernel: usb usb4: Manufacturer: Linux 3.10.0-693.el7.x86_64 uhci_hcd
Sep 11 15:51:06 localhost kernel: usb usb4: SerialNumber: 0000:00:05.2
Sep 11 15:51:06 localhost kernel: hub 4-0:1.0: USB hub found
Sep 11 15:51:06 localhost kernel: hub 4-0:1.0: 2 ports detected
Sep 11 15:51:06 localhost kernel: usbcore: registered new interface driver usbserial
Sep 11 15:51:06 localhost kernel: usbcore: registered new interface driver usbserial_generic
Sep 11 15:51:06 localhost kernel: usbserial: USB Serial support registered for generic
Sep 11 15:51:06 localhost kernel: i8042: PNP: PS/2 Controller [PNP0303:KBD,PNP0f13:MOU] at 0x60,0x64 irq 1,12
Sep 11 15:51:06 localhost kernel: serio: i8042 KBD port at 0x60,0x64 irq 1
Sep 11 15:51:06 localhost kernel: serio: i8042 AUX port at 0x60,0x64 irq 12
Sep 11 15:51:06 localhost kernel: mousedev: PS/2 mouse device common for all mice
Sep 11 15:51:06 localhost kernel: input: AT Translated Set 2 keyboard as /devices/platform/i8042/serio0/input/input1
Sep 11 15:51:06 localhost kernel: rtc_cmos 00:00: RTC can wake from S4
Sep 11 15:51:06 localhost kernel: input: VirtualPS/2 VMware VMMouse as /devices/platform/i8042/serio1/input/input2
Sep 11 15:51:06 localhost kernel: rtc_cmos 00:00: rtc core: registered rtc_cmos as rtc0
Sep 11 15:51:06 localhost kernel: rtc_cmos 00:00: alarms up to one day, 114 bytes nvram
Sep 11 15:51:06 localhost kernel: input: VirtualPS/2 VMware VMMouse as /devices/platform/i8042/serio1/input/input3
Sep 11 15:51:06 localhost kernel: cpuidle: using governor menu
Sep 11 15:51:06 localhost kernel: hidraw: raw HID events driver (C) Jiri Kosina
Sep 11 15:51:06 localhost kernel: usbcore: registered new interface driver usbhid
Sep 11 15:51:06 localhost kernel: usbhid: USB HID core driver
Sep 11 15:51:06 localhost kernel: drop_monitor: Initializing network drop monitor service
Sep 11 15:51:06 localhost kernel: TCP: cubic registered
Sep 11 15:51:06 localhost kernel: Initializing XFRM netlink socket
Sep 11 15:51:06 localhost kernel: NET: Registered protocol family 10
Sep 11 15:51:06 localhost kernel: NET: Registered protocol family 17
Sep 11 15:51:06 localhost kernel: microcode: CPU0 sig=0x206a1, pf=0x1, revision=0x1
Sep 11 15:51:06 localhost kernel: microcode: Microcode Update Driver: v2.01 <tigran@aivazian.fsnet.co.uk>, Peter Oruba
Sep 11 15:51:06 localhost kernel: PM: Hibernation image not present or could not be loaded.
Sep 11 15:51:06 localhost kernel: Loading compiled-in X.509 certificates
Sep 11 15:51:06 localhost kernel: Loaded X.509 cert 'CentOS Linux kpatch signing key: ea0413152cde1d98ebdca3fe6f0230904c9ef717'
Sep 11 15:51:06 localhost kernel: Loaded X.509 cert 'CentOS Linux Driver update signing key: 7f421ee0ab69461574bb358861dbe77762a4201b'
Sep 11 15:51:06 localhost kernel: Loaded X.509 cert 'CentOS Linux kernel signing key: da187dca7dbe53ab05bd13bd0c4e21f422b6a49c'
Sep 11 15:51:06 localhost kernel: registered taskstats version 1
Sep 11 15:51:06 localhost kernel: Key type trusted registered
Sep 11 15:51:06 localhost kernel: Key type encrypted registered
Sep 11 15:51:06 localhost kernel: IMA: No TPM chip found, activating TPM-bypass!
Sep 11 15:51:06 localhost kernel:   Magic number: 1:774:891
Sep 11 15:51:06 localhost kernel: rtc_cmos 00:00: setting system clock to 2017-09-11 15:51:06 UTC (1505145066)
Sep 11 15:51:06 localhost kernel: Freeing unused kernel memory: 1764k freed
Sep 11 15:51:06 localhost kernel: random: systemd: uninitialized urandom read (16 bytes read)
Sep 11 15:51:06 localhost kernel: random: systemd: uninitialized urandom read (16 bytes read)
Sep 11 15:51:06 localhost kernel: random: systemd: uninitialized urandom read (16 bytes read)
Sep 11 15:51:06 localhost systemd[1]: systemd 219 running in system mode. (+PAM +AUDIT +SELINUX +IMA -APPARMOR +SMACK +SYSVINIT +UTMP +LIBCRYPTSETUP +GCRYPT +GNUTLS +ACL +XZ -LZ4 -SECCOMP +BLKID +ELFUTILS +KMOD +IDN)
Sep 11 15:51:06 localhost systemd[1]: Detected virtualization kvm.
Sep 11 15:51:06 localhost systemd[1]: Detected architecture x86-64.
Sep 11 15:51:06 localhost systemd[1]: Running in initial RAM disk.
Sep 11 15:51:06 localhost systemd[1]: No hostname configured.
Sep 11 15:51:06 localhost systemd[1]: Set hostname to <localhost>.
Sep 11 15:51:06 localhost systemd[1]: Initializing machine ID from KVM UUID.
Sep 11 15:51:06 localhost kernel: random: systemd-cryptse: uninitialized urandom read (16 bytes read)
Sep 11 15:51:06 localhost kernel: random: systemd: uninitialized urandom read (16 bytes read)
Sep 11 15:51:06 localhost kernel: random: systemd: uninitialized urandom read (16 bytes read)
Sep 11 15:51:06 localhost kernel: random: systemd: uninitialized urandom read (16 bytes read)
Sep 11 15:51:06 localhost kernel: random: systemd: uninitialized urandom read (16 bytes read)
Sep 11 15:51:06 localhost kernel: random: systemd: uninitialized urandom read (16 bytes read)
Sep 11 15:51:06 localhost kernel: random: systemd: uninitialized urandom read (16 bytes read)
Sep 11 15:51:06 localhost systemd[1]: Cannot add dependency job for unit blk-availability.service, ignoring: Unit not found.
Sep 11 15:51:06 localhost systemd[1]: Created slice Root Slice.
Sep 11 15:51:06 localhost systemd[1]: Starting Root Slice.
Sep 11 15:51:06 localhost systemd[1]: Listening on udev Kernel Socket.
Sep 11 15:51:06 localhost systemd[1]: Starting udev Kernel Socket.
Sep 11 15:51:06 localhost systemd[1]: Listening on Journal Socket.
Sep 11 15:51:06 localhost systemd[1]: Starting Journal Socket.
Sep 11 15:51:06 localhost systemd[1]: Listening on udev Control Socket.
Sep 11 15:51:06 localhost systemd[1]: Starting udev Control Socket.
Sep 11 15:51:06 localhost systemd[1]: Reached target Timers.
Sep 11 15:51:06 localhost systemd[1]: Starting Timers.
Sep 11 15:51:06 localhost systemd[1]: Reached target Swap.
Sep 11 15:51:06 localhost systemd[1]: Starting Swap.
Sep 11 15:51:06 localhost systemd[1]: Reached target Encrypted Volumes.
Sep 11 15:51:06 localhost systemd[1]: Starting Encrypted Volumes.
Sep 11 15:51:06 localhost systemd[1]: Reached target Local File Systems.
Sep 11 15:51:06 localhost systemd[1]: Starting Local File Systems.
Sep 11 15:51:06 localhost systemd[1]: Created slice System Slice.
Sep 11 15:51:06 localhost systemd[1]: Starting System Slice.
Sep 11 15:51:06 localhost systemd[1]: Starting Setup Virtual Console...
Sep 11 15:51:06 localhost systemd[1]: Starting Journal Service...
Sep 11 15:51:06 localhost systemd[1]: Reached target Slices.
Sep 11 15:51:06 localhost systemd[1]: Starting Slices.
Sep 11 15:51:06 localhost systemd[1]: Starting dracut cmdline hook...
Sep 11 15:51:06 localhost systemd-journal[80]: Journal started
Sep 11 15:51:06 localhost systemd[1]: Starting Create list of required static device nodes for the current kernel...
Sep 11 15:51:06 localhost systemd[1]: Starting Apply Kernel Variables...
Sep 11 15:51:06 localhost systemd[1]: Started Journal Service.
Sep 11 15:51:06 localhost systemd[1]: Started Setup Virtual Console.
Sep 11 15:51:06 localhost systemd[1]: Started Create list of required static device nodes for the current kernel.
Sep 11 15:51:06 localhost systemd[1]: Started Apply Kernel Variables.
Sep 11 15:51:06 localhost systemd[1]: Starting Create Static Device Nodes in /dev...
Sep 11 15:51:06 localhost systemd[1]: Started Create Static Device Nodes in /dev.
Sep 11 15:51:06 localhost kernel: BIOS EDD facility v0.16 2004-Jun-25, 1 devices found
Sep 11 15:51:06 localhost dracut-cmdline[81]: Loading CentOS 7 x86_64 installer...
Sep 11 15:51:07 localhost kernel: tsc: Refined TSC clocksource calibration: 2400.115 MHz
Sep 11 15:51:07 localhost dracut-cmdline[81]: parse-kickstart WARNING: No device with link found for --device=link
Sep 11 15:51:07 localhost systemd[1]: Started dracut cmdline hook.
Sep 11 15:51:07 localhost systemd[1]: Starting dracut pre-udev hook...
Sep 11 15:51:07 localhost kernel: squashfs: version 4.0 (2009/01/31) Phillip Lougher
Sep 11 15:51:07 localhost kernel: Loading iSCSI transport class v2.0-870.
Sep 11 15:51:07 localhost kernel: iscsi: registered transport (tcp)
Sep 11 15:51:07 localhost kernel: FDC 0 is a S82078B
Sep 11 15:51:07 localhost kernel: No iBFT detected.
Sep 11 15:51:07 localhost kernel: async_tx: api initialized (async)
Sep 11 15:51:07 localhost kernel: xor: automatically using best checksumming function:
Sep 11 15:51:07 localhost kernel:    avx       : 23980.000 MB/sec
Sep 11 15:51:07 localhost kernel: raid6: sse2x1   gen()  8496 MB/s
Sep 11 15:51:07 localhost kernel: raid6: sse2x2   gen() 10707 MB/s
Sep 11 15:51:07 localhost kernel: raid6: sse2x4   gen() 12343 MB/s
Sep 11 15:51:07 localhost kernel: raid6: using algorithm sse2x4 gen() (12343 MB/s)
Sep 11 15:51:07 localhost kernel: raid6: using ssse3x2 recovery algorithm
Sep 11 15:51:07 localhost kernel: device-mapper: uevent: version 1.0.3
Sep 11 15:51:07 localhost kernel: device-mapper: ioctl: 4.35.0-ioctl (2016-06-23) initialised: dm-devel@redhat.com
Sep 11 15:51:07 localhost kernel: device-mapper: multipath round-robin: version 1.2.0 loaded
Sep 11 15:51:07 localhost kernel: RPC: Registered named UNIX socket transport module.
Sep 11 15:51:07 localhost kernel: RPC: Registered udp transport module.
Sep 11 15:51:07 localhost kernel: RPC: Registered tcp transport module.
Sep 11 15:51:07 localhost kernel: RPC: Registered tcp NFSv4.1 backchannel transport module.
Sep 11 15:51:07 localhost rpc.statd[405]: Version 1.3.0 starting
Sep 11 15:51:07 localhost rpc.statd[405]: Initializing NSM state
Sep 11 15:51:07 localhost rpc.statd[405]: Running as root.  chown /var/lib/nfs/statd to choose different user
Sep 11 15:51:07 localhost kernel: random: fast init done
Sep 11 15:51:07 localhost systemd[1]: Started dracut pre-udev hook.
Sep 11 15:51:07 localhost systemd[1]: Starting udev Kernel Device Manager...
Sep 11 15:51:07 localhost systemd-udevd[432]: starting version 219
Sep 11 15:51:07 localhost systemd[1]: Started udev Kernel Device Manager.
Sep 11 15:51:07 localhost systemd[1]: Starting dracut pre-trigger hook...
Sep 11 15:51:07 localhost lldpad[444]: config file failed to load,
Sep 11 15:51:07 localhost lldpad[444]: create a new file.
Sep 11 15:51:07 localhost lldpad[444]: bound ctrl iface to /com/intel/lldpad
Sep 11 15:51:07 localhost dracut-pre-trigger[433]: 445
Sep 11 15:51:07 localhost systemd[1]: Started dracut pre-trigger hook.
Sep 11 15:51:07 localhost systemd[1]: Starting udev Coldplug all Devices...
Sep 11 15:51:07 localhost systemd[1]: Mounting Configuration File System...
Sep 11 15:51:07 localhost systemd[1]: Mounted Configuration File System.
Sep 11 15:51:07 localhost kernel: 8139cp: 8139cp: 10/100 PCI Ethernet driver v1.3 (Mar 22, 2004)
Sep 11 15:51:07 localhost systemd[1]: Started udev Coldplug all Devices.
Sep 11 15:51:07 localhost systemd[1]: Starting Device-Mapper Multipath Device Controller...
Sep 11 15:51:07 localhost kernel: virtio-pci 0000:00:04.0: virtio_pci: leaving for legacy driver
Sep 11 15:51:07 localhost kernel: AES CTR mode by8 optimization enabled
Sep 11 15:51:07 localhost systemd[1]: Reached target System Initialization.
Sep 11 15:51:07 localhost systemd[1]: Starting System Initialization.
Sep 11 15:51:07 localhost kernel: 8139cp 0000:00:03.0 eth0: RTL-8139C+ at 0xffffc900001d4000, 52:54:00:c2:43:7b, IRQ 11
Sep 11 15:51:07 localhost kernel: virtio-pci 0000:00:06.0: virtio_pci: leaving for legacy driver
Sep 11 15:51:07 localhost systemd[1]: Listening on Open-iSCSI iscsiuio Socket.
Sep 11 15:51:07 localhost kernel: 8139too: 8139too Fast Ethernet driver 0.9.28
Sep 11 15:51:07 localhost systemd[1]: Starting Open-iSCSI iscsiuio Socket.
Sep 11 15:51:07 localhost systemd[1]: Reached target Sockets.
Sep 11 15:51:07 localhost systemd[1]: Starting Sockets.
Sep 11 15:51:07 localhost systemd[1]: Starting Show Plymouth Boot Screen...
Sep 11 15:51:07 localhost kernel: libata version 3.00 loaded.
Sep 11 15:51:07 localhost kernel: ata_piix 0000:00:01.1: version 2.13
Sep 11 15:51:07 localhost kernel: 8021q: 802.1Q VLAN Support v1.8
Sep 11 15:51:07 localhost kernel: scsi host0: ata_piix
Sep 11 15:51:07 localhost kernel: scsi host1: ata_piix
Sep 11 15:51:07 localhost systemd[1]: Received SIGRTMIN+20 from PID 542 (plymouthd).
Sep 11 15:51:07 localhost systemd[1]: Started Show Plymouth Boot Screen.
Sep 11 15:51:07 localhost kernel: ata1: PATA max MWDMA2 cmd 0x1f0 ctl 0x3f6 bmdma 0xc1a0 irq 14
Sep 11 15:51:07 localhost kernel: ata2: PATA max MWDMA2 cmd 0x170 ctl 0x376 bmdma 0xc1a8 irq 15
Sep 11 15:51:07 localhost systemd[1]: Reached target Paths.
Sep 11 15:51:07 localhost systemd[1]: Starting Paths.
Sep 11 15:51:07 localhost systemd[1]: Started Forward Password Requests to Plymouth Directory Watch.
Sep 11 15:51:07 localhost systemd[1]: Starting Forward Password Requests to Plymouth Directory Watch.
Sep 11 15:51:07 localhost systemd[1]: Reached target Basic System.
Sep 11 15:51:07 localhost systemd[1]: Starting Basic System.
Sep 11 15:51:07 localhost systemd[1]: Started Device-Mapper Multipath Device Controller.
Sep 11 15:51:07 localhost systemd[1]: Starting Open-iSCSI...
Sep 11 15:51:07 localhost iscsid[568]: iSCSI logger with pid=577 started!
Sep 11 15:51:07 localhost systemd[1]: Failed to read PID from file /var/run/iscsid.pid: Invalid argument
Sep 11 15:51:07 localhost systemd[1]: Started Open-iSCSI.
Sep 11 15:51:07 localhost systemd[1]: Starting dracut initqueue hook...
Sep 11 15:51:07 localhost iscsid[577]: iSCSI daemon with pid=578 started!
Sep 11 15:51:07 localhost kernel: alg: No test for __gcm-aes-aesni (__driver-gcm-aes-aesni)
Sep 11 15:51:07 localhost iscsid[577]: can't open InitiatorName configuration file /etc/iscsi/initiatorname.iscsi
Sep 11 15:51:07 localhost iscsid[577]: Warning: InitiatorName file /etc/iscsi/initiatorname.iscsi does not exist or does not contain a properly formatted InitiatorName. If using software iscsi (iscsi_tcp or ib_iser) or partial offload (bnx2i or cxgbi iscsi), you may not be able to log into or
Sep 11 15:51:07 localhost iscsid[577]: can't open InitiatorAlias configuration file /etc/iscsi/initiatorname.iscsi
Sep 11 15:51:07 localhost iscsid[577]: can't open iscsid.safe_logout configuration file /etc/iscsi/iscsid.conf
Sep 11 15:51:07 localhost kernel: alg: No test for crc32 (crc32-pclmul)
Sep 11 15:51:07 localhost systemd[1]: Reloading.
Sep 11 15:51:08 localhost kernel: ata1.00: ATA-7: QEMU HARDDISK, 1.5.3, max UDMA/100
Sep 11 15:51:08 localhost kernel: ata1.00: 6291456 sectors, multi 16: LBA48 
Sep 11 15:51:08 localhost kernel: ata1.01: ATAPI: QEMU DVD-ROM, 1.5.3, max UDMA/100
Sep 11 15:51:08 localhost kernel: ata1.00: configured for MWDMA2
Sep 11 15:51:08 localhost kernel: ata1.01: configured for MWDMA2
Sep 11 15:51:08 localhost kernel: scsi 0:0:0:0: Direct-Access     ATA      QEMU HARDDISK    3    PQ: 0 ANSI: 5
Sep 11 15:51:08 localhost kernel: scsi 0:0:1:0: CD-ROM            QEMU     QEMU DVD-ROM     1.5. PQ: 0 ANSI: 5
Sep 11 15:51:08 localhost kernel: sr 0:0:1:0: [sr0] scsi3-mmc drive: 4x/4x cd/rw xa/form2 tray
Sep 11 15:51:08 localhost kernel: cdrom: Uniform CD-ROM driver Revision: 3.20
Sep 11 15:51:08 localhost kernel: sd 0:0:0:0: [sda] 6291456 512-byte logical blocks: (3.22 GB/3.00 GiB)
Sep 11 15:51:08 localhost kernel: sd 0:0:0:0: [sda] Write Protect is off
Sep 11 15:51:08 localhost kernel: sd 0:0:0:0: [sda] Mode Sense: 00 3a 00 00
Sep 11 15:51:08 localhost kernel: sr 0:0:1:0: Attached scsi CD-ROM sr0
Sep 11 15:51:08 localhost kernel: sd 0:0:0:0: [sda] Write cache: enabled, read cache: enabled, doesn't support DPO or FUA
Sep 11 15:51:08 localhost kernel: sd 0:0:0:0: [sda] Attached SCSI disk
Sep 11 15:51:08 localhost multipathd[562]: path checkers start up
Sep 11 15:51:08 localhost multipathd[562]: sda: add path (uevent)
Sep 11 15:51:08 localhost dracut-initqueue[580]: mount: /dev/sr0 is write-protected, mounting read-only
Sep 11 15:51:08 localhost kernel: ISO 9660 Extensions: Microsoft Joliet Level 3
Sep 11 15:51:08 localhost kernel: ISO 9660 Extensions: RRIP_1991A
Sep 11 15:51:08 localhost kernel: loop: module loaded
Sep 11 15:51:08 localhost systemd[1]: Started dracut initqueue hook.
Sep 11 15:51:08 localhost systemd[1]: Reached target Remote File Systems (Pre).
Sep 11 15:51:08 localhost systemd[1]: Starting Remote File Systems (Pre).
Sep 11 15:51:08 localhost systemd[1]: Reached target Remote File Systems.
Sep 11 15:51:08 localhost systemd[1]: Starting Remote File Systems.
Sep 11 15:51:08 localhost systemd[1]: Starting dracut pre-mount hook...
Sep 11 15:51:08 localhost systemd[1]: Started dracut pre-mount hook.
Sep 11 15:51:08 localhost systemd[1]: Reached target Initrd Root File System.
Sep 11 15:51:08 localhost systemd[1]: Starting Initrd Root File System.
Sep 11 15:51:08 localhost systemd[1]: Starting Reload Configuration from the Real Root...
Sep 11 15:51:08 localhost systemd[1]: Reloading.
Sep 11 15:51:08 localhost systemd[1]: Started Reload Configuration from the Real Root.
Sep 11 15:51:08 localhost systemd[1]: Starting dracut mount hook...
Sep 11 15:51:08 localhost systemd[1]: Reached target Initrd File Systems.
Sep 11 15:51:08 localhost systemd[1]: Starting Initrd File Systems.
Sep 11 15:51:08 localhost kernel: EXT4-fs (dm-0): mounted filesystem with ordered data mode. Opts: (null)
Sep 11 15:51:08 localhost systemd[1]: Started dracut mount hook.
Sep 11 15:51:08 localhost systemd[1]: Reached target Initrd Default Target.
Sep 11 15:51:08 localhost systemd[1]: Starting Initrd Default Target.
Sep 11 15:51:08 localhost systemd[1]: Starting dracut pre-pivot and cleanup hook...
Sep 11 15:51:08 localhost rpcbind[401]: cannot open file = /run/rpcbind/rpcbind.xdr for writing
Sep 11 15:51:08 localhost rpcbind[401]: cannot save any registration
Sep 11 15:51:08 localhost rpcbind[401]: cannot open file = /run/rpcbind/portmap.xdr for writing
Sep 11 15:51:08 localhost rpcbind[401]: cannot save any registration
Sep 11 15:51:08 localhost systemd[1]: Started dracut pre-pivot and cleanup hook.
Sep 11 15:51:08 localhost systemd[1]: Starting Cleaning Up and Shutting Down Daemons...
Sep 11 15:51:08 localhost systemd[1]: Starting Plymouth switch root service...
Sep 11 15:51:08 localhost systemd[1]: Stopped target Timers.
Sep 11 15:51:08 localhost systemd[1]: Stopping Timers.
Sep 11 15:51:08 localhost systemd[1]: Stopped Cleaning Up and Shutting Down Daemons.
Sep 11 15:51:08 localhost systemd[1]: Stopped dracut pre-pivot and cleanup hook.
Sep 11 15:51:08 localhost systemd[1]: Stopping dracut pre-pivot and cleanup hook...
Sep 11 15:51:08 localhost systemd[1]: Stopped target Remote File Systems.
Sep 11 15:51:08 localhost systemd[1]: Stopping Remote File Systems.
Sep 11 15:51:08 localhost systemd[1]: Stopped target Remote File Systems (Pre).
Sep 11 15:51:08 localhost systemd[1]: Stopping Remote File Systems (Pre).
Sep 11 15:51:08 localhost systemd[1]: Stopped target Initrd Default Target.
Sep 11 15:51:08 localhost systemd[1]: Stopping Initrd Default Target.
Sep 11 15:51:08 localhost systemd[1]: Stopped dracut mount hook.
Sep 11 15:51:08 localhost systemd[1]: Stopping dracut mount hook...
Sep 11 15:51:08 localhost systemd[1]: Stopped dracut pre-mount hook.
Sep 11 15:51:08 localhost systemd[1]: Stopping dracut pre-mount hook...
Sep 11 15:51:08 localhost systemd[1]: Stopped dracut initqueue hook.
Sep 11 15:51:08 localhost systemd[1]: Stopping dracut initqueue hook...
Sep 11 15:51:08 localhost systemd[1]: Stopping Open-iSCSI...
Sep 11 15:51:08 localhost systemd[1]: Stopped target Basic System.
Sep 11 15:51:08 localhost systemd[1]: Stopping Basic System.
Sep 11 15:51:08 localhost systemd[1]: Stopped target Paths.
Sep 11 15:51:08 localhost systemd[1]: Stopping Paths.
Sep 11 15:51:08 localhost systemd[1]: Stopped target Sockets.
Sep 11 15:51:08 localhost systemd[1]: Stopping Sockets.
Sep 11 15:51:08 localhost systemd[1]: Closed Open-iSCSI iscsiuio Socket.
Sep 11 15:51:08 localhost systemd[1]: Stopping Open-iSCSI iscsiuio Socket.
Sep 11 15:51:08 localhost systemd[1]: Stopped target System Initialization.
Sep 11 15:51:08 localhost systemd[1]: Stopping System Initialization.
Sep 11 15:51:08 localhost systemd[1]: Stopped target Swap.
Sep 11 15:51:08 localhost systemd[1]: Stopping Swap.
Sep 11 15:51:08 localhost systemd[1]: Stopped target Local File Systems.
Sep 11 15:51:08 localhost systemd[1]: Stopping Local File Systems.
Sep 11 15:51:08 localhost systemd[1]: Stopped Apply Kernel Variables.
Sep 11 15:51:08 localhost systemd[1]: Stopping Apply Kernel Variables...
Sep 11 15:51:08 localhost systemd[1]: Stopped target Encrypted Volumes.
Sep 11 15:51:08 localhost systemd[1]: Stopping Encrypted Volumes.
Sep 11 15:51:08 localhost systemd[1]: Stopped target Slices.
Sep 11 15:51:08 localhost systemd[1]: Stopping Slices.
Sep 11 15:51:08 localhost iscsid[577]: iscsid shutting down.
Sep 11 15:51:08 localhost multipathd[562]: --------shut down-------
Sep 11 15:51:08 localhost systemd[1]: Stopped Open-iSCSI.
Sep 11 15:51:08 localhost systemd[1]: Stopping Device-Mapper Multipath Device Controller...
Sep 11 15:51:08 localhost systemd[1]: Stopped Device-Mapper Multipath Device Controller.
Sep 11 15:51:08 localhost systemd[1]: Stopped udev Coldplug all Devices.
Sep 11 15:51:08 localhost systemd[1]: Stopping udev Coldplug all Devices...
Sep 11 15:51:08 localhost systemd[1]: Stopped dracut pre-trigger hook.
Sep 11 15:51:08 localhost systemd[1]: Stopping dracut pre-trigger hook...
Sep 11 15:51:08 localhost systemd[1]: Stopping udev Kernel Device Manager...
Sep 11 15:51:08 localhost systemd[1]: Stopped udev Kernel Device Manager.
Sep 11 15:51:08 localhost systemd[1]: Stopped Create Static Device Nodes in /dev.
Sep 11 15:51:08 localhost systemd[1]: Stopping Create Static Device Nodes in /dev...
Sep 11 15:51:08 localhost systemd[1]: Stopped Create list of required static device nodes for the current kernel.
Sep 11 15:51:08 localhost systemd[1]: Stopping Create list of required static device nodes for the current kernel...
Sep 11 15:51:08 localhost systemd[1]: Stopped dracut pre-udev hook.
Sep 11 15:51:08 localhost systemd[1]: Stopping dracut pre-udev hook...
Sep 11 15:51:08 localhost systemd[1]: Stopped dracut cmdline hook.
Sep 11 15:51:08 localhost systemd[1]: Stopping dracut cmdline hook...
Sep 11 15:51:08 localhost systemd[1]: Closed udev Kernel Socket.
Sep 11 15:51:08 localhost systemd[1]: Stopping udev Kernel Socket.
Sep 11 15:51:08 localhost systemd[1]: Closed udev Control Socket.
Sep 11 15:51:08 localhost systemd[1]: Stopping udev Control Socket.
Sep 11 15:51:08 localhost systemd[1]: Starting Cleanup udevd DB...
Sep 11 15:51:08 localhost systemd[1]: Started Cleanup udevd DB.
Sep 11 15:51:08 localhost systemd[1]: Reached target Switch Root.
Sep 11 15:51:08 localhost systemd[1]: Starting Switch Root.
Sep 11 15:51:08 localhost systemd[1]: Started Plymouth switch root service.
Sep 11 15:51:08 localhost systemd[1]: Starting Switch Root...
Sep 11 15:51:08 localhost systemd[1]: Switching root.
Sep 11 15:51:08 localhost unknown[80]: Journal stopped
Sep 11 15:51:10 localhost systemd-journal[916]: Runtime journal is using 6.2M (max allowed 49.6M, trying to leave 74.4M free of 483.7M available â†’ current limit 49.6M).
Sep 11 15:51:10 localhost systemd-journal[916]: Runtime journal is using 6.2M (max allowed 49.6M, trying to leave 74.4M free of 483.7M available â†’ current limit 49.6M).
Sep 11 15:51:10 localhost systemd-journald[80]: Received SIGTERM from PID 1 (systemd).
Sep 11 15:51:10 localhost kernel: SELinux: 2048 avtab hash slots, 106122 rules.
Sep 11 15:51:10 localhost kernel: SELinux: 2048 avtab hash slots, 106122 rules.
Sep 11 15:51:10 localhost kernel: SELinux:  8 users, 14 roles, 5004 types, 307 bools, 1 sens, 1024 cats
Sep 11 15:51:10 localhost kernel: SELinux:  94 classes, 106122 rules
Sep 11 15:51:10 localhost kernel: SELinux:  Completing initialization.
Sep 11 15:51:10 localhost kernel: SELinux:  Setting up existing superblocks.
Sep 11 15:51:10 localhost kernel: type=1403 audit(1505145069.383:2): policy loaded auid=4294967295 ses=4294967295
Sep 11 15:51:10 localhost systemd[1]: Successfully loaded SELinux policy in 253.130ms.
Sep 11 15:51:10 localhost systemd[1]: Relabelled /dev and /run in 14.096ms.
Sep 11 15:51:10 localhost kernel: random: crng init done
Sep 11 15:51:10 localhost systemd-journal[916]: Journal started
Sep 11 15:51:09 localhost systemd[1]: systemd 219 running in system mode. (+PAM +AUDIT +SELINUX +IMA -APPARMOR +SMACK +SYSVINIT +UTMP +LIBCRYPTSETUP +GCRYPT +GNUTLS +ACL +XZ -LZ4 -SECCOMP +BLKID +ELFUTILS +KMOD +IDN)
Sep 11 15:51:09 localhost systemd[1]: Detected virtualization kvm.
Sep 11 15:51:09 localhost systemd[1]: Detected architecture x86-64.
Sep 11 15:51:09 localhost systemd[895]: /usr/lib/systemd/system-generators/lvm2-activation-generator failed with error code 127.
Sep 11 15:51:09 localhost systemd[1]: Cannot add dependency job for unit lvm2-monitor.service, ignoring: Unit not found.
Sep 11 15:51:09 localhost systemd[1]: Cannot add dependency job for unit systemd-tmpfiles-clean.timer, ignoring: Unit is masked.
Sep 11 15:51:09 localhost systemd[1]: Cannot add dependency job for unit rhel-configure.service, ignoring: Unit is masked.
Sep 11 15:51:09 localhost systemd[1]: Cannot add dependency job for unit rhel-autorelabel-mark.service, ignoring: Unit is masked.
Sep 11 15:51:09 localhost systemd[1]: Cannot add dependency job for unit rhel-loadmodules.service, ignoring: Unit is masked.
Sep 11 15:51:09 localhost systemd[1]: Cannot add dependency job for unit rhel-autorelabel.service, ignoring: Unit is masked.
Sep 11 15:51:10 localhost systemd[1]: Started Create list of required static device nodes for the current kernel.
Sep 11 15:51:10 localhost systemd[1]: Mounted Huge Pages File System.
Sep 11 15:51:10 localhost systemd[1]: Started Apply Kernel Variables.
Sep 11 15:51:10 localhost systemd[1]: Started Remount Root and Kernel File Systems.
Sep 11 15:51:10 localhost systemd[1]: Started LVM2 metadata daemon.
Sep 11 15:51:10 localhost systemd[1]: Starting LVM2 metadata daemon...
Sep 11 15:51:10 localhost systemd[1]: Starting Rebuild Hardware Database...
Sep 11 15:51:10 localhost systemd[1]: Starting Configure read-only root support...
Sep 11 15:51:10 localhost systemd[1]: Starting Load/Save Random Seed...
Sep 11 15:51:10 localhost systemd[1]: Starting Create Static Device Nodes in /dev...
Sep 11 15:51:10 localhost systemd[1]: Starting Flush Journal to Persistent Storage...
Sep 11 15:51:10 localhost systemd[1]: Started Load/Save Random Seed.
Sep 11 15:51:10 localhost systemd-journal[916]: Runtime journal is using 6.2M (max allowed 49.6M, trying to leave 74.4M free of 483.7M available â†’ current limit 49.6M).
Sep 11 15:51:10 localhost systemd[1]: Started Flush Journal to Persistent Storage.
Sep 11 15:51:10 localhost systemd[1]: Started Create Static Device Nodes in /dev.
Sep 11 15:51:10 localhost systemd[1]: Starting udev Kernel Device Manager...
Sep 11 15:51:10 localhost systemd-udevd[944]: starting version 219
Sep 11 15:51:10 localhost systemd[1]: Started Configure read-only root support.
Sep 11 15:51:10 localhost systemd[1]: Started udev Kernel Device Manager.
Sep 11 15:51:10 localhost systemd[1]: Started Rebuild Hardware Database.
Sep 11 15:51:10 localhost systemd[1]: Starting udev Coldplug all Devices...
Sep 11 15:51:10 localhost kernel: virtio-pci 0000:00:04.0: irq 24 for MSI/MSI-X
Sep 11 15:51:10 localhost kernel: virtio-pci 0000:00:04.0: irq 25 for MSI/MSI-X
Sep 11 15:51:10 localhost systemd[1]: Started udev Coldplug all Devices.
Sep 11 15:51:10 localhost systemd[1]: Starting Device-Mapper Multipath Device Controller...
Sep 11 15:51:10 localhost systemd[1]: Starting udev Wait for Complete Device Initialization...
Sep 11 15:51:11 localhost kernel: piix4_smbus 0000:00:01.3: SMBus Host Controller at 0x700, revision 0
Sep 11 15:51:11 localhost kernel: input: PC Speaker as /devices/platform/pcspkr/input/input4
Sep 11 15:51:11 localhost kernel: sd 0:0:0:0: Attached scsi generic sg0 type 0
Sep 11 15:51:11 localhost kernel: sr 0:0:1:0: Attached scsi generic sg1 type 5
Sep 11 15:51:11 localhost systemd[1]: Started Device-Mapper Multipath Device Controller.
Sep 11 15:51:11 localhost systemd[1]: Started Monitoring of LVM2 mirrors, snapshots etc. using dmeventd or progress polling.
Sep 11 15:51:11 localhost systemd[1]: Reached target Local File Systems (Pre).
Sep 11 15:51:11 localhost systemd[1]: Starting Local File Systems (Pre).
Sep 11 15:51:16 localhost systemd-vconsole-setup[990]: /usr/bin/setfont failed with error code 71.
Sep 11 15:51:16 localhost systemd[1]: Started udev Wait for Complete Device Initialization.
Sep 11 15:51:16 localhost systemd[1]: Starting Activation of DM RAID sets...
Sep 11 15:51:16 localhost systemd[1]: Started Activation of DM RAID sets.
Sep 11 15:51:16 localhost systemd[1]: Reached target Local File Systems.
Sep 11 15:51:16 localhost systemd[1]: Starting Local File Systems.
Sep 11 15:51:16 localhost systemd[1]: Starting Rebuild Journal Catalog...
Sep 11 15:51:16 localhost systemd[1]: Starting Migrate local SELinux policy changes from the old store structure to the new structure...
Sep 11 15:51:16 localhost systemd[1]: Starting Import network configuration from initramfs...
Sep 11 15:51:16 localhost systemd[1]: Starting Tell Plymouth To Write Out Runtime Data...
Sep 11 15:51:16 localhost systemd[1]: Reached target Encrypted Volumes.
Sep 11 15:51:16 localhost systemd[1]: Starting Encrypted Volumes.
Sep 11 15:51:16 localhost systemd[1]: Started Tell Plymouth To Write Out Runtime Data.
Sep 11 15:51:16 localhost systemd[1]: Started Rebuild Journal Catalog.
Sep 11 15:51:16 localhost systemd[1]: Starting Update is Completed...
Sep 11 15:51:16 localhost systemd[1]: Started Update is Completed.
Sep 11 15:51:16 localhost systemd[1]: Started Migrate local SELinux policy changes from the old store structure to the new structure.
Sep 11 15:51:16 localhost systemd[1]: Started Import network configuration from initramfs.
Sep 11 15:51:16 localhost systemd[1]: Starting Create Volatile Files and Directories...
Sep 11 15:51:16 localhost systemd[1]: Started Create Volatile Files and Directories.
Sep 11 15:51:16 localhost systemd[1]: Starting Update UTMP about System Boot/Shutdown...
Sep 11 15:51:16 localhost systemd[1]: Started Update UTMP about System Boot/Shutdown.
Sep 11 15:51:16 localhost systemd[1]: Reached target System Initialization.
Sep 11 15:51:16 localhost systemd[1]: Starting System Initialization.
Sep 11 15:51:16 localhost systemd[1]: Listening on D-Bus System Message Bus Socket.
Sep 11 15:51:16 localhost systemd[1]: Starting D-Bus System Message Bus Socket.
Sep 11 15:51:16 localhost systemd[1]: Listening on Open-iSCSI iscsiuio Socket.
Sep 11 15:51:16 localhost systemd[1]: Starting Open-iSCSI iscsiuio Socket.
Sep 11 15:51:16 localhost systemd[1]: Listening on Open-iSCSI iscsid Socket.
Sep 11 15:51:16 localhost systemd[1]: Starting Open-iSCSI iscsid Socket.
Sep 11 15:51:16 localhost systemd[1]: Reached target Sockets.
Sep 11 15:51:16 localhost systemd[1]: Starting Sockets.
Sep 11 15:51:16 localhost systemd[1]: Reached target Basic System.
Sep 11 15:51:16 localhost systemd[1]: Starting Basic System.
Sep 11 15:51:16 localhost systemd[1]: Starting System Logging Service...
Sep 11 15:51:16 localhost systemd[1]: Starting Login Service...
Sep 11 15:51:16 localhost systemd[1]: Starting Terminate Plymouth Boot Screen...
Sep 11 15:51:16 localhost systemd[1]: Starting Service enabling compressing RAM with zRam...
Sep 11 15:51:16 localhost systemd[1]: Started Hardware RNG Entropy Gatherer Daemon.
Sep 11 15:51:16 localhost systemd[1]: Starting Hardware RNG Entropy Gatherer Daemon...
Sep 11 15:51:16 localhost systemd[1]: Starting Wait for Plymouth Boot Screen to Quit...
Sep 11 15:51:16 localhost systemd[1]: Starting pre-anaconda logging service...
Sep 11 15:51:16 localhost systemd[1]: Starting Dump dmesg to /var/log/dmesg...
Sep 11 15:51:16 localhost zramswapon[1051]: + MAX_RAM_ON=2097152
Sep 11 15:51:16 localhost systemd[1]: Started Anaconda NetworkManager configuration.
Sep 11 15:51:16 localhost systemd[1]: Starting Anaconda NetworkManager configuration...
Sep 11 15:51:16 localhost rngd[1052]: read error
Sep 11 15:51:16 localhost rngd[1052]: hwrng: no available rng
Sep 11 15:51:16 localhost rngd[1052]: Unable to open file: /dev/tpm0
Sep 11 15:51:16 localhost rngd[1052]: can't open any entropy source
Sep 11 15:51:16 localhost rngd[1052]: Maybe RNG device modules are not loaded
Sep 11 15:51:16 localhost systemd[1]: Starting Network Manager...
Sep 11 15:51:16 localhost zramswapon[1051]: ++ grep MemTotal /proc/meminfo
Sep 11 15:51:16 localhost zramswapon[1051]: ++ grep -E --only-matching '[[:digit:]]+'
Sep 11 15:51:16 localhost zramswapon[1051]: + mem_total_kb=1016292
Sep 11 15:51:16 localhost zramswapon[1051]: + mem_total=1040683008
Sep 11 15:51:16 localhost zramswapon[1051]: + grep -E 'inst\.zram=(on|1)' /proc/cmdline
Sep 11 15:51:16 localhost zramswapon[1051]: + force=1
Sep 11 15:51:16 localhost zramswapon[1051]: + '[' '(' 1016292 -gt 2097152 ')' -a '(' 1 '!=' 0 ')' ']'
Sep 11 15:51:16 localhost systemd[1]: Received SIGRTMIN+21 from PID 542 (plymouthd).
Sep 11 15:51:16 localhost systemd[1]: Started Terminate Plymouth Boot Screen.
Sep 11 15:51:16 localhost zramswapon[1051]: ++ getconf _NPROCESSORS_ONLN
Sep 11 15:51:16 localhost rsyslogd[1048]:  [origin software="rsyslogd" swVersion="8.24.0" x-pid="1048" x-info="http://www.rsyslog.com"] start
Sep 11 15:51:16 localhost rsyslogd[1048]: warning: ~ action is deprecated, consider using the 'stop' statement instead [v8.24.0 try http://www.rsyslog.com/e/2307 ]
Sep 11 15:51:16 localhost zramswapon[1051]: + num_cpus=1
Sep 11 15:51:16 localhost zramswapon[1051]: + decr_num_cpus=0
Sep 11 15:51:16 localhost zramswapon[1051]: + modprobe zram num_devices=1
Sep 11 15:51:16 localhost systemd[1]: rngd.service: main process exited, code=exited, status=1/FAILURE
Sep 11 15:51:16 localhost systemd[1]: Unit rngd.service entered failed state.
Sep 11 15:51:16 localhost systemd[1]: rngd.service failed.
Sep 11 15:51:16 localhost systemd[1]: Started Wait for Plymouth Boot Screen to Quit.
Sep 11 15:51:16 localhost systemd[1]: Started pre-anaconda logging service.
Sep 11 15:51:17 localhost kernel: type=1400 audit(1505145077.003:3): avc:  denied  { write } for  pid=1048 comm="in:imjournal" name="/" dev="dm-0" ino=2 scontext=system_u:system_r:syslogd_t:s0 tcontext=system_u:object_r:root_t:s0 tclass=dir
Sep 11 15:51:17 localhost kernel: type=1400 audit(1505145077.003:4): avc:  denied  { add_name } for  pid=1048 comm="in:imjournal" name="imjournal.state.tmp" scontext=system_u:system_r:syslogd_t:s0 tcontext=system_u:object_r:root_t:s0 tclass=dir
Sep 11 15:51:17 localhost kernel: type=1400 audit(1505145077.004:5): avc:  denied  { create } for  pid=1048 comm="in:imjournal" name="imjournal.state.tmp" scontext=system_u:system_r:syslogd_t:s0 tcontext=system_u:object_r:root_t:s0 tclass=file
Sep 11 15:51:17 localhost kernel: type=1400 audit(1505145077.004:6): avc:  denied  { write open } for  pid=1048 comm="in:imjournal" path="/imjournal.state.tmp" dev="dm-0" ino=721 scontext=system_u:system_r:syslogd_t:s0 tcontext=system_u:object_r:root_t:s0 tclass=file
Sep 11 15:51:17 localhost kernel: type=1400 audit(1505145077.004:7): avc:  denied  { getattr } for  pid=1048 comm="in:imjournal" path="/imjournal.state.tmp" dev="dm-0" ino=721 scontext=system_u:system_r:syslogd_t:s0 tcontext=system_u:object_r:root_t:s0 tclass=file
Sep 11 15:51:17 localhost kernel: type=1400 audit(1505145077.004:8): avc:  denied  { remove_name } for  pid=1048 comm="in:imjournal" name="imjournal.state.tmp" dev="dm-0" ino=721 scontext=system_u:system_r:syslogd_t:s0 tcontext=system_u:object_r:root_t:s0 tclass=dir
Sep 11 15:51:17 localhost kernel: type=1400 audit(1505145077.004:9): avc:  denied  { rename } for  pid=1048 comm="in:imjournal" name="imjournal.state.tmp" dev="dm-0" ino=721 scontext=system_u:system_r:syslogd_t:s0 tcontext=system_u:object_r:root_t:s0 tclass=file
Sep 11 15:51:17 localhost kernel: type=1400 audit(1505145077.004:10): avc:  denied  { unlink } for  pid=1048 comm="in:imjournal" name="imjournal.state" dev="dm-0" ino=721 scontext=system_u:system_r:syslogd_t:s0 tcontext=system_u:object_r:root_t:s0 tclass=file
Sep 11 15:51:17 localhost systemd[1]: Started System Logging Service.
Sep 11 15:51:17 localhost systemd[1]: Started Dump dmesg to /var/log/dmesg.
Sep 11 15:51:17 localhost kernel: zram: Added device: zram0
Sep 11 15:51:17 localhost systemd[1]: Cannot add dependency job for unit lvm2-monitor.service, ignoring: Unit not found.
Sep 11 15:51:17 localhost systemd[1]: Cannot add dependency job for unit systemd-tmpfiles-clean.timer, ignoring: Unit is masked.
Sep 11 15:51:17 localhost systemd[1]: Cannot add dependency job for unit rhel-configure.service, ignoring: Unit is masked.
Sep 11 15:51:17 localhost systemd[1]: Cannot add dependency job for unit rhel-autorelabel-mark.service, ignoring: Unit is masked.
Sep 11 15:51:17 localhost systemd[1]: Cannot add dependency job for unit rhel-loadmodules.service, ignoring: Unit is masked.
Sep 11 15:51:17 localhost systemd[1]: Cannot add dependency job for unit rhel-autorelabel.service, ignoring: Unit is masked.
Sep 11 15:51:17 localhost systemd[1]: Started D-Bus System Message Bus.
Sep 11 15:51:17 localhost zramswapon[1051]: ++ seq 0 0
Sep 11 15:51:17 localhost zramswapon[1051]: + for i in '$(seq 0 $decr_num_cpus)'
Sep 11 15:51:17 localhost zramswapon[1051]: + echo 1040683008
Sep 11 15:51:17 localhost kernel: zram0: detected capacity change from 0 to 1040683008
Sep 11 15:51:17 localhost zramswapon[1051]: ++ seq 0 0
Sep 11 15:51:17 localhost zramswapon[1051]: + for i in '$(seq 0 $decr_num_cpus)'
Sep 11 15:51:17 localhost zramswapon[1051]: + mkswap /dev/zram0
Sep 11 15:51:17 localhost multipathd[996]: path checkers start up
Sep 11 15:51:17 localhost multipathd[996]: zram0: add path (uevent)
Sep 11 15:51:17 localhost multipathd[996]: zram0: HDIO_GETGEO failed with 25
Sep 11 15:51:17 localhost multipathd[996]: zram0: failed to get path uid
Sep 11 15:51:17 localhost multipathd[996]: uevent trigger error
Sep 11 15:51:17 localhost zramswapon[1051]: Setting up swapspace version 1, size = 1016288 KiB
Sep 11 15:51:17 localhost zramswapon[1051]: no label, UUID=28d026b7-3549-44c9-a789-a35d2cbc858c
Sep 11 15:51:17 localhost zramswapon[1051]: ++ seq 0 0
Sep 11 15:51:17 localhost zramswapon[1051]: + for i in '$(seq 0 $decr_num_cpus)'
Sep 11 15:51:17 localhost zramswapon[1051]: + swapon -p 100 /dev/zram0
Sep 11 15:51:17 localhost zramswapon[1051]: + '[' 1016292 -le 1048576 ']'
Sep 11 15:51:17 localhost zramswapon[1051]: + mount -o remount,size=512M /tmp
Sep 11 15:51:17 localhost kernel: Adding 1016288k swap on /dev/zram0.  Priority:100 extents:1 across:1016288k SSFS
Sep 11 15:51:17 localhost systemd[1]: Starting D-Bus System Message Bus...
Sep 11 15:51:17 localhost systemd[1]: Started Service enabling compressing RAM with zRam.
Sep 11 15:51:17 localhost systemd-logind[1049]: Watching system buttons on /dev/input/event0 (Power Button)
Sep 11 15:51:17 localhost systemd-logind[1049]: New seat seat0.
Sep 11 15:51:17 localhost systemd[1]: Started Login Service.
Sep 11 15:51:17 localhost NetworkManager[1060]: <info>  [1505145077.7773] NetworkManager (version 1.8.0-9.el7) is starting... (for the first time)
Sep 11 15:51:17 localhost NetworkManager[1060]: <info>  [1505145077.7796] Read config: /etc/NetworkManager/NetworkManager.conf (lib: 10-slaves-order.conf) (etc: 80-anaconda-no-ibft.conf, 90-anaconda-no-auto-default.conf, 91-anaconda-autoconnect-slaves.conf, 92-anaconda-loglevel-debug.conf)
Sep 11 15:51:17 localhost NetworkManager[1060]: <debug> [1505145077.7797] CONFIG: config-data[0x55902382a170]: 3 groups
Sep 11 15:51:17 localhost NetworkManager[1060]: <debug> [1505145077.7799] CONFIG:
Sep 11 15:51:17 localhost NetworkManager[1060]: <debug> [1505145077.7800] CONFIG: [main]
Sep 11 15:51:17 localhost NetworkManager[1060]: <debug> [1505145077.7801] CONFIG:   slaves-order=index
Sep 11 15:51:17 localhost NetworkManager[1060]: <debug> [1505145077.7803] CONFIG:   plugins=ifcfg-rh,no-ibft
Sep 11 15:51:17 localhost NetworkManager[1060]: <debug> [1505145077.7804] CONFIG:   no-auto-default=*
Sep 11 15:51:17 localhost NetworkManager[1060]: <debug> [1505145077.7806] CONFIG:
Sep 11 15:51:17 localhost NetworkManager[1060]: <debug> [1505145077.7807] CONFIG: [logging]
Sep 11 15:51:17 localhost NetworkManager[1060]: <debug> [1505145077.7808] CONFIG:   level=DEBUG
Sep 11 15:51:17 localhost NetworkManager[1060]: <debug> [1505145077.7810] CONFIG:
Sep 11 15:51:17 localhost NetworkManager[1060]: <debug> [1505145077.7811] CONFIG: [connection]
Sep 11 15:51:17 localhost NetworkManager[1060]: <debug> [1505145077.7813] CONFIG:   connection.autoconnect-slaves=1
Sep 11 15:51:17 localhost NetworkManager[1060]: <debug> [1505145077.7814] config: state: missing state file "/var/lib/NetworkManager/NetworkManager.state": No such file or directory
Sep 11 15:51:17 localhost NetworkManager[1060]: <debug> [1505145077.7814] WEXT support is disabled
Sep 11 15:51:17 localhost NetworkManager[1060]: <debug> [1505145077.7833] platform-linux: create (ignore netns, initial netns, use udev)
Sep 11 15:51:17 localhost NetworkManager[1060]: <debug> [1505145077.7845] platform-linux: Netlink socket for events established: port=1010828324, fd=7
Sep 11 15:51:17 localhost NetworkManager[1060]: <debug> [1505145077.7850] platform-linux: populate platform cache
Sep 11 15:51:17 localhost NetworkManager[1060]: <debug> [1505145077.7852] monotonic timestamp started counting 1.138581424 seconds ago with an offset of 14.0 seconds to CLOCK_BOOTTIME (local time is 2017-09-11 15:51:17)
Sep 11 15:51:17 localhost NetworkManager[1060]: <debug> [1505145077.7854] platform-linux: kernel-support: IFLA_INET6_ADDR_GEN_MODE: detected
Sep 11 15:51:17 localhost NetworkManager[1060]: <debug> [1505145077.7859] platform: signal: link   added: 1: lo <UP,LOWER_UP;loopback,up,running,lowerup> mtu 65536 arp 772 loopback? not-init addrgenmode eui64 addr 00:00:00:00:00:00 driver unknown rx:6,416 tx:6,416
Sep 11 15:51:17 localhost NetworkManager[1060]: <debug> [1505145077.7884] platform: signal: link   added: 2: ens3 <DOWN;broadcast,multicast> mtu 1500 arp 1 ethernet? not-init addrgenmode eui64 addr 52:54:00:C2:43:7B driver 8139cp rx:0,0 tx:0,0
Sep 11 15:51:17 localhost NetworkManager[1060]: <debug> [1505145077.7886] platform: signal: address 4   added: 127.0.0.1/8 lft forever pref forever lifetime 1-0[4294967295,4294967295] dev 1 flags permanent src kernel
Sep 11 15:51:17 localhost NetworkManager[1060]: <debug> [1505145077.7889] platform-linux: kernel-support: extended-ifa-flags: detected
Sep 11 15:51:17 localhost NetworkManager[1060]: <debug> [1505145077.7891] platform: signal: address 6   added: ::1/128 lft forever pref forever lifetime 1-0[4294967295,4294967295] dev 1 flags permanent src kernel
Sep 11 15:51:17 localhost NetworkManager[1060]: <debug> [1505145077.7897] platform: signal: link changed: 2: ens3 <DOWN;broadcast,multicast> mtu 1500 arp 1 ethernet? init addrgenmode eui64 addr 52:54:00:C2:43:7B driver 8139cp rx:0,0 tx:0,0
Sep 11 15:51:17 localhost NetworkManager[1060]: <debug> [1505145077.7900] platform: signal: link changed: 1: lo <UP,LOWER_UP;loopback,up,running,lowerup> mtu 65536 arp 772 loopback? init addrgenmode eui64 addr 00:00:00:00:00:00 driver unknown rx:6,416 tx:6,416
Sep 11 15:51:17 localhost NetworkManager[1060]: <debug> [1505145077.7902] setup NMPlatform singleton (0x55902383b850, NMLinuxPlatform)
Sep 11 15:51:17 localhost NetworkManager[1060]: <debug> [1505145077.7904] create NMNetns singleton (0x5590238134c0)
Sep 11 15:51:17 localhost NetworkManager[1060]: <debug> [1505145077.7906] auth[0x559023813600]: create auth-manager: polkit enabled
Sep 11 15:51:17 localhost NetworkManager[1060]: <debug> [1505145077.7911] auth[0x559023813600]: set instance
Sep 11 15:51:17 localhost NetworkManager[1060]: <debug> [1505145077.7913] setup NMAuthManager singleton (0x559023813600)
Sep 11 15:51:17 localhost NetworkManager[1060]: <debug> [1505145077.8034] bus-manager: setup NMBusManager singleton (0x5590238436d0)
Sep 11 15:51:17 localhost NetworkManager[1060]: <info>  [1505145077.8082] manager[0x5590238330f0]: monitoring kernel firmware directory '/lib/firmware'.
Sep 11 15:51:17 localhost NetworkManager[1060]: <debug> [1505145077.8091] session-monitor: using systemd-logind session tracking
Sep 11 15:51:17 localhost NetworkManager[1060]: <debug> [1505145077.8093] create NMSessionMonitor singleton (0x55902382dcd0)
Sep 11 15:51:17 localhost NetworkManager[1060]: <debug> [1505145077.8095] create NMAgentManager singleton (0x559023830a40)
Sep 11 15:51:17 localhost NetworkManager[1060]: <info>  [1505145077.8100] policy: hostname management mode: default
Sep 11 15:51:17 localhost NetworkManager[1060]: <debug> [1505145077.8102] create NMFirewallManager singleton (0x5590238201c0)
Sep 11 15:51:17 localhost NetworkManager[1060]: <info>  [1505145077.8106] dns-mgr[0x559023852160]: init: dns=default, rc-manager=file
Sep 11 15:51:17 localhost NetworkManager[1060]: <debug> [1505145077.8109] create NMDnsManager singleton (0x559023852160)
Sep 11 15:51:17 localhost NetworkManager[1060]: <debug> [1505145077.8113] manager: setup NMManager singleton (0x5590238330f0)
Sep 11 15:51:17 localhost systemd[1]: Started Network Manager.
Sep 11 15:51:17 localhost systemd[1]: Reached target Network.
Sep 11 15:51:17 localhost systemd[1]: Starting Network.
Sep 11 15:51:17 localhost systemd[1]: Reached target Anaconda System Services.
Sep 11 15:51:17 localhost systemd[1]: Starting Anaconda System Services.
Sep 11 15:51:17 localhost systemd[1]: Starting Anaconda...
Sep 11 15:51:17 localhost systemd[1]: Starting Logout off all iSCSI sessions on shutdown...
Sep 11 15:51:17 localhost NetworkManager[1060]: <debug> [1505145077.8177] create NMConnectivity singleton (0x7fd454004a80)
Sep 11 15:51:17 localhost NetworkManager[1060]: <debug> [1505145077.8182] dispatcher: default script directory '/etc/NetworkManager/dispatcher.d' has scripts
Sep 11 15:51:17 localhost NetworkManager[1060]: <debug> [1505145077.8184] dispatcher: pre-up script directory '/etc/NetworkManager/dispatcher.d/pre-up.d' has no scripts
Sep 11 15:51:17 localhost NetworkManager[1060]: <debug> [1505145077.8186] dispatcher: pre-down script directory '/etc/NetworkManager/dispatcher.d/pre-down.d' has no scripts
Sep 11 15:51:17 localhost dbus[1082]: [system] Activating via systemd: service name='org.freedesktop.nm_dispatcher' unit='dbus-org.freedesktop.nm-dispatcher.service'
Sep 11 15:51:17 localhost dbus-daemon[1082]: dbus[1082]: [system] Activating via systemd: service name='org.freedesktop.nm_dispatcher' unit='dbus-org.freedesktop.nm-dispatcher.service'
Sep 11 15:51:17 localhost systemd[1]: Cannot add dependency job for unit lvm2-monitor.service, ignoring: Unit not found.
Sep 11 15:51:17 localhost systemd[1]: Cannot add dependency job for unit systemd-tmpfiles-clean.timer, ignoring: Unit is masked.
Sep 11 15:51:17 localhost systemd[1]: Cannot add dependency job for unit rhel-configure.service, ignoring: Unit is masked.
Sep 11 15:51:17 localhost systemd[1]: Cannot add dependency job for unit rhel-autorelabel-mark.service, ignoring: Unit is masked.
Sep 11 15:51:17 localhost systemd[1]: Cannot add dependency job for unit rhel-loadmodules.service, ignoring: Unit is masked.
Sep 11 15:51:17 localhost systemd[1]: Cannot add dependency job for unit rhel-autorelabel.service, ignoring: Unit is masked.
Sep 11 15:51:17 localhost systemd[1]: Starting Network Manager Script Dispatcher Service...
Sep 11 15:51:17 localhost systemd[1]: Started Logout off all iSCSI sessions on shutdown.
Sep 11 15:51:17 localhost systemd[1]: Reached target Remote File Systems (Pre).
Sep 11 15:51:17 localhost systemd[1]: Starting Remote File Systems (Pre).
Sep 11 15:51:17 localhost systemd[1]: Starting Availability of block devices...
Sep 11 15:51:17 localhost systemd[1]: Started Availability of block devices.
Sep 11 15:51:17 localhost dbus[1082]: [system] Successfully activated service 'org.freedesktop.nm_dispatcher'
Sep 11 15:51:17 localhost dbus-daemon[1082]: dbus[1082]: [system] Successfully activated service 'org.freedesktop.nm_dispatcher'
Sep 11 15:51:17 localhost systemd[1]: Started Network Manager Script Dispatcher Service.
Sep 11 15:51:17 localhost NetworkManager[1060]: <debug> [1505145077.9234] create SettingsPluginIfcfg singleton (0x55902387a180)
Sep 11 15:51:17 localhost NetworkManager[1060]: <info>  [1505145077.9234] settings: loaded plugin ifcfg-rh: (c) 2007 - 2015 Red Hat, Inc.  To report bugs please use the NetworkManager mailing list. (/usr/lib64/NetworkManager/libnm-settings-plugin-ifcfg-rh.so)
Sep 11 15:51:17 localhost NetworkManager[1060]: <info>  [1505145077.9235] settings: loaded plugin keyfile: (c) 2007 - 2016 Red Hat, Inc.  To report bugs please use the NetworkManager mailing list.
Sep 11 15:51:17 localhost NetworkManager[1060]: <debug> [1505145077.9236] ifcfg-rh: loading from file "/etc/sysconfig/network-scripts/ifcfg-lo"...
Sep 11 15:51:17 localhost NetworkManager[1060]: <debug> [1505145077.9236] ifcfg-rh: loading "/etc/sysconfig/network-scripts/ifcfg-lo" fails: Ignoring loopback device config.
Sep 11 15:51:17 localhost dbus[1082]: [system] Activating via systemd: service name='org.freedesktop.hostname1' unit='dbus-org.freedesktop.hostname1.service'
Sep 11 15:51:17 localhost systemd[1]: Cannot add dependency job for unit lvm2-monitor.service, ignoring: Unit not found.
Sep 11 15:51:17 localhost dbus-daemon[1082]: dbus[1082]: [system] Activating via systemd: service name='org.freedesktop.hostname1' unit='dbus-org.freedesktop.hostname1.service'
Sep 11 15:51:17 localhost systemd[1]: Cannot add dependency job for unit systemd-tmpfiles-clean.timer, ignoring: Unit is masked.
Sep 11 15:51:17 localhost systemd[1]: Cannot add dependency job for unit rhel-configure.service, ignoring: Unit is masked.
Sep 11 15:51:17 localhost systemd[1]: Cannot add dependency job for unit rhel-autorelabel-mark.service, ignoring: Unit is masked.
Sep 11 15:51:17 localhost systemd[1]: Cannot add dependency job for unit rhel-loadmodules.service, ignoring: Unit is masked.
Sep 11 15:51:17 localhost systemd[1]: Cannot add dependency job for unit rhel-autorelabel.service, ignoring: Unit is masked.
Sep 11 15:51:17 localhost systemd[1]: Starting Hostname Service...
Sep 11 15:51:18 localhost dbus[1082]: [system] Successfully activated service 'org.freedesktop.hostname1'
Sep 11 15:51:18 localhost dbus-daemon[1082]: dbus[1082]: [system] Successfully activated service 'org.freedesktop.hostname1'
Sep 11 15:51:18 localhost NetworkManager[1060]: <info>  [1505145078.1101] settings: hostname: using hostnamed
Sep 11 15:51:18 localhost NetworkManager[1060]: <info>  [1505145078.1102] settings: hostname changed from (none) to ""
Sep 11 15:51:18 localhost NetworkManager[1060]: <debug> [1505145078.1102] dispatcher: (1) dispatching action 'hostname'
Sep 11 15:51:18 localhost NetworkManager[1060]: <info>  [1505145078.1103] manager: rfkill: WiFi enabled by radio killswitch; enabled by state file
Sep 11 15:51:18 localhost NetworkManager[1060]: <info>  [1505145078.1103] manager: rfkill: WWAN enabled by radio killswitch; enabled by state file
Sep 11 15:51:18 localhost NetworkManager[1060]: <info>  [1505145078.1103] manager: Networking is enabled by state file
Sep 11 15:51:18 localhost NetworkManager[1060]: <info>  [1505145078.1146] Loaded device plugin: NMBondDeviceFactory (internal)
Sep 11 15:51:18 localhost NetworkManager[1060]: <info>  [1505145078.1146] Loaded device plugin: NMBridgeDeviceFactory (internal)
Sep 11 15:51:18 localhost NetworkManager[1060]: <info>  [1505145078.1146] Loaded device plugin: NMDummyDeviceFactory (internal)
Sep 11 15:51:18 localhost NetworkManager[1060]: <info>  [1505145078.1146] Loaded device plugin: NMEthernetDeviceFactory (internal)
Sep 11 15:51:18 localhost NetworkManager[1060]: <info>  [1505145078.1146] Loaded device plugin: NMInfinibandDeviceFactory (internal)
Sep 11 15:51:18 localhost NetworkManager[1060]: <info>  [1505145078.1147] Loaded device plugin: NMIPTunnelDeviceFactory (internal)
Sep 11 15:51:18 localhost NetworkManager[1060]: <info>  [1505145078.1147] Loaded device plugin: NMMacsecDeviceFactory (internal)
Sep 11 15:51:18 localhost NetworkManager[1060]: <info>  [1505145078.1147] Loaded device plugin: NMMacvlanDeviceFactory (internal)
Sep 11 15:51:18 localhost NetworkManager[1060]: <info>  [1505145078.1147] Loaded device plugin: NMTunDeviceFactory (internal)
Sep 11 15:51:18 localhost NetworkManager[1060]: <info>  [1505145078.1147] Loaded device plugin: NMVethDeviceFactory (internal)
Sep 11 15:51:18 localhost NetworkManager[1060]: <info>  [1505145078.1147] Loaded device plugin: NMVlanDeviceFactory (internal)
Sep 11 15:51:18 localhost NetworkManager[1060]: <info>  [1505145078.1147] Loaded device plugin: NMVxlanDeviceFactory (internal)
Sep 11 15:51:18 localhost NetworkManager[1060]: <info>  [1505145078.1203] Loaded device plugin: NMWifiFactory (/usr/lib64/NetworkManager/libnm-device-plugin-wifi.so)
Sep 11 15:51:18 localhost nm-dispatcher[1095]: req:1 'hostname': new request (4 scripts)
Sep 11 15:51:18 localhost nm-dispatcher[1095]: req:1 'hostname': environment: PATH=/usr/local/sbin:/usr/local/bin:/usr/sbin:/usr/bin
Sep 11 15:51:18 localhost nm-dispatcher[1095]: req:1 'hostname': start running ordered scripts...
Sep 11 15:51:18 localhost nm-dispatcher[1095]: req:1 'hostname', "/etc/NetworkManager/dispatcher.d/00-netreport": run script
Sep 11 15:51:18 localhost NetworkManager[1060]: <info>  [1505145078.1332] Loaded device plugin: NMTeamFactory (/usr/lib64/NetworkManager/libnm-device-plugin-team.so)
Sep 11 15:51:18 localhost NetworkManager[1060]: <debug> [1505145078.1339] device[0x55902388ef50] (lo): unmanaged: flags set to [platform-init,by-default=0x110/0x110/unmanaged/unrealized], set-unmanaged [by-default=0x100])
Sep 11 15:51:18 localhost NetworkManager[1060]: <debug> [1505145078.1339] device[0x55902388ef50] (lo): constructed (NMDeviceGeneric)
Sep 11 15:51:18 localhost NetworkManager[1060]: <debug> [1505145078.1340] device[0x55902388ef50] (lo): start setup of NMDeviceGeneric, kernel ifindex 1
Sep 11 15:51:18 localhost NetworkManager[1060]: <debug> [1505145078.1340] device[0x55902388ef50] (lo): assume-state: set guess-assume=1, connection=(null)
Sep 11 15:51:18 localhost NetworkManager[1060]: <debug> [1505145078.1340] platform-linux: error reading net:/sys/class/net/lo/phys_port_id: error reading 4096 bytes from file descriptor: Operation not supported
Sep 11 15:51:18 localhost NetworkManager[1060]: <debug> [1505145078.1340] platform-linux: sysctl: reading 'net:/sys/class/net/lo/dev_id': '0x0'
Sep 11 15:51:18 localhost NetworkManager[1060]: <debug> [1505145078.1341] platform-linux: error reading net:/sys/class/net/lo/device/sriov_totalvfs: Failed to open file "device/sriov_totalvfs" with openat: No such file or directory
Sep 11 15:51:18 localhost NetworkManager[1060]: <debug> [1505145078.1341] device[0x55902388ef50] (lo): hw-addr: hardware address now 00:00:00:00:00:00
Sep 11 15:51:18 localhost NetworkManager[1060]: <debug> [1505145078.1341] device[0x55902388ef50] (lo): hw-addr: update initial MAC address 00:00:00:00:00:00
Sep 11 15:51:18 localhost NetworkManager[1060]: <debug> [1505145078.1341] device[0x55902388ef50] (lo): hw-addr: unable to read permanent MAC address (use current: 00:00:00:00:00:00)
Sep 11 15:51:18 localhost NetworkManager[1060]: <info>  [1505145078.1342] device (lo): link connected
Sep 11 15:51:18 localhost NetworkManager[1060]: <debug> [1505145078.1342] device[0x55902388ef50] (lo): unmanaged: flags set to [platform-init,by-default,!external-down=0x110/0x910/unmanaged/unrealized], set-managed [external-down=0x800])
Sep 11 15:51:18 localhost NetworkManager[1060]: <debug> [1505145078.1342] device[0x55902388ef50] (lo): unmanaged: flags set to [loopback,platform-init,by-default,!external-down=0x118/0x918/unmanaged/unrealized], set-unmanaged [loopback=0x8])
Sep 11 15:51:18 localhost NetworkManager[1060]: <debug> [1505145078.1342] device[0x55902388ef50] (lo): unmanaged: flags set to [loopback,platform-init,by-default,!user-settings,!external-down=0x118/0x958/unmanaged/unrealized], set-managed [user-settings=0x40])
Sep 11 15:51:18 localhost NetworkManager[1060]: <debug> [1505145078.1342] device[0x55902388ef50] (lo): unmanaged: flags set to [loopback,by-default,!platform-init,!user-settings,!external-down=0x108/0x958/unmanaged/unrealized], set-managed [platform-init=0x10])
Sep 11 15:51:18 localhost NetworkManager[1060]: <debug> [1505145078.1342] device[0x55902388ef50] (lo): unmanaged: flags set to [loopback,by-default,!sleeping,!platform-init,!user-settings,!external-down=0x108/0x959/unmanaged/unrealized], set-managed [sleeping=0x1])
Sep 11 15:51:18 localhost kernel: IPv6: ADDRCONF(NETDEV_UP): ens3: link is not ready
Sep 11 15:51:18 localhost kernel: 8139cp 0000:00:03.0 ens3: link up, 100Mbps, full-duplex, lpa 0x05E1
Sep 11 15:51:18 localhost NetworkManager[1060]: <info>  [1505145078.1374] manager: (lo): new Generic device (/org/freedesktop/NetworkManager/Devices/1)
Sep 11 15:51:18 localhost NetworkManager[1060]: <debug> [1505145078.1378] device[0x55902388ef50] (lo): assume-state: set guess-assume=0, connection=(null)
Sep 11 15:51:18 localhost NetworkManager[1060]: <debug> [1505145078.1379] device[0x55902389a1e0] (ens3): constructed (NMDeviceEthernet)
Sep 11 15:51:18 localhost NetworkManager[1060]: <debug> [1505145078.1379] device[0x55902389a1e0] (ens3): start setup of NMDeviceEthernet, kernel ifindex 2
Sep 11 15:51:18 localhost NetworkManager[1060]: <debug> [1505145078.1379] device[0x55902389a1e0] (ens3): assume-state: set guess-assume=1, connection=(null)
Sep 11 15:51:18 localhost NetworkManager[1060]: <debug> [1505145078.1380] platform-linux: error reading net:/sys/class/net/ens3/phys_port_id: error reading 4096 bytes from file descriptor: Operation not supported
Sep 11 15:51:18 localhost NetworkManager[1060]: <debug> [1505145078.1380] platform-linux: sysctl: reading 'net:/sys/class/net/ens3/dev_id': '0x0'
Sep 11 15:51:18 localhost systemd[1]: Started Anaconda.
Sep 11 15:51:18 localhost NetworkManager[1060]: <debug> [1505145078.1385] platform-linux: error reading net:/sys/class/net/ens3/device/sriov_totalvfs: Failed to open file "device/sriov_totalvfs" with openat: No such file or directory
Sep 11 15:51:18 localhost NetworkManager[1060]: <debug> [1505145078.1385] device[0x55902389a1e0] (ens3): hw-addr: hardware address now 52:54:00:C2:43:7B
Sep 11 15:51:18 localhost NetworkManager[1060]: <debug> [1505145078.1385] device[0x55902389a1e0] (ens3): hw-addr: update initial MAC address 52:54:00:C2:43:7B
Sep 11 15:51:18 localhost dbus-daemon[1082]: dbus[1082]: [system] Activating via systemd: service name='org.freedesktop.PolicyKit1' unit='polkit.service'
Sep 11 15:51:18 localhost NetworkManager[1060]: <debug> [1505145078.1385] device[0x55902389a1e0] (ens3): hw-addr: read permanent MAC address '52:54:00:C2:43:7B'
Sep 11 15:51:18 localhost systemd[1]: Started Hostname Service.
Sep 11 15:51:18 localhost NetworkManager[1060]: <debug> [1505145078.1386] device[0x55902389a1e0] (ens3): unmanaged: flags set to [platform-init,!loopback=0x10/0x18/unmanaged/unrealized], set-managed [loopback=0x8])
Sep 11 15:51:18 localhost systemd[1]: Cannot add dependency job for unit lvm2-monitor.service, ignoring: Unit not found.
Sep 11 15:51:18 localhost NetworkManager[1060]: <debug> [1505145078.1386] device[0x55902389a1e0] (ens3): unmanaged: flags set to [platform-init,!loopback,!user-settings=0x10/0x58/unmanaged/unrealized], set-managed [user-settings=0x40])
Sep 11 15:51:18 localhost systemd[1]: Cannot add dependency job for unit systemd-tmpfiles-clean.timer, ignoring: Unit is masked.
Sep 11 15:51:18 localhost NetworkManager[1060]: <debug> [1505145078.1386] device[0x55902389a1e0] (ens3): unmanaged: flags set to [!loopback,!platform-init,!user-settings=0x0/0x58/managed/unrealized], set-managed [platform-init=0x10])
Sep 11 15:51:18 localhost systemd[1]: Cannot add dependency job for unit rhel-configure.service, ignoring: Unit is masked.
Sep 11 15:51:18 localhost NetworkManager[1060]: <debug> [1505145078.1386] device[0x55902389a1e0] (ens3): unmanaged: flags set to [!sleeping,!loopback,!platform-init,!user-settings=0x0/0x59/managed/unrealized], set-managed [sleeping=0x1])
Sep 11 15:51:18 localhost systemd[1]: Cannot add dependency job for unit rhel-autorelabel-mark.service, ignoring: Unit is masked.
Sep 11 15:51:18 localhost NetworkManager[1060]: <info>  [1505145078.1493] manager: (ens3): new Ethernet device (/org/freedesktop/NetworkManager/Devices/2)
Sep 11 15:51:18 localhost systemd[1]: Cannot add dependency job for unit rhel-loadmodules.service, ignoring: Unit is masked.
Sep 11 15:51:18 localhost NetworkManager[1060]: <debug> [1505145078.1499] device[0x55902389a1e0] (ens3): ip4-config: update (commit=0, routes-full-sync=0, new-config=0x559023852340)
Sep 11 15:51:18 localhost systemd[1]: Cannot add dependency job for unit rhel-autorelabel.service, ignoring: Unit is masked.
Sep 11 15:51:18 localhost NetworkManager[1060]: <debug> [1505145078.1530] device[0x55902389a1e0] (ens3): ip4-config: set IP4Config instance (/org/freedesktop/NetworkManager/IP4Config/1)
Sep 11 15:51:18 localhost systemd[1]: Starting Authorization Manager...
Sep 11 15:51:18 localhost NetworkManager[1060]: <debug> [1505145078.1530] dns-mgr: (device_ip4_config_changed): queueing DNS updates (1)
Sep 11 15:51:18 localhost systemd[1]: Started Anaconda Text Console.
Sep 11 15:51:18 localhost NetworkManager[1060]: <debug> [1505145078.1531] dns-mgr: (device_ip4_config_changed): DNS configuration did not change
Sep 11 15:51:18 localhost systemd[1]: Starting Anaconda Text Console...
Sep 11 15:51:18 localhost NetworkManager[1060]: <debug> [1505145078.1531] dns-mgr: (device_ip4_config_changed): no DNS changes to commit (0)
Sep 11 15:51:18 localhost NetworkManager[1060]: <debug> [1505145078.1532] device[0x55902389a1e0] (ens3): ip6-config: update (commit=0, routes-full-sync=0, new-config=0x559023817af0)
Sep 11 15:51:18 localhost NetworkManager[1060]: <debug> [1505145078.1547] device[0x55902389a1e0] (ens3): ip6-config: set IP6Config instance (/org/freedesktop/NetworkManager/IP6Config/1)
Sep 11 15:51:18 localhost NetworkManager[1060]: <debug> [1505145078.1547] dns-mgr: (device_ip6_config_changed): queueing DNS updates (1)
Sep 11 15:51:18 localhost NetworkManager[1060]: <debug> [1505145078.1547] dns-mgr: (device_ip6_config_changed): DNS configuration did not change
Sep 11 15:51:18 localhost NetworkManager[1060]: <debug> [1505145078.1547] dns-mgr: (device_ip6_config_changed): no DNS changes to commit (0)
Sep 11 15:51:18 localhost NetworkManager[1060]: <debug> [1505145078.1547] device[0x55902389a1e0] (ens3): assume-state: set guess-assume=0, connection=(null)
Sep 11 15:51:18 localhost NetworkManager[1060]: <debug> [1505145078.1547] manager: (ens3): assume: cannot generate connection: device has no existing configuration
Sep 11 15:51:18 localhost NetworkManager[1060]: <info>  [1505145078.1547] device (ens3): state change: unmanaged -> unavailable (reason 'managed') [10 20 2]
Sep 11 15:51:18 localhost NetworkManager[1060]: <debug> [1505145078.1548] platform-linux: sysctl: reading '/proc/sys/net/ipv6/conf/ens3/accept_ra': '1'
Sep 11 15:51:18 localhost NetworkManager[1060]: <debug> [1505145078.1548] platform-linux: sysctl: reading '/proc/sys/net/ipv6/conf/ens3/accept_ra_defrtr': '1'
Sep 11 15:51:18 localhost NetworkManager[1060]: <debug> [1505145078.1548] platform-linux: sysctl: reading '/proc/sys/net/ipv6/conf/ens3/accept_ra_pinfo': '1'
Sep 11 15:51:18 localhost NetworkManager[1060]: <debug> [1505145078.1549] platform-linux: sysctl: reading '/proc/sys/net/ipv6/conf/ens3/accept_ra_rtr_pref': '1'
Sep 11 15:51:18 localhost NetworkManager[1060]: <debug> [1505145078.1549] platform-linux: sysctl: reading '/proc/sys/net/ipv6/conf/ens3/forwarding': '0'
Sep 11 15:51:18 localhost NetworkManager[1060]: <debug> [1505145078.1549] platform-linux: sysctl: reading '/proc/sys/net/ipv6/conf/ens3/disable_ipv6': '0'
Sep 11 15:51:18 localhost NetworkManager[1060]: <debug> [1505145078.1549] platform-linux: sysctl: reading '/proc/sys/net/ipv6/conf/ens3/hop_limit': '64'
Sep 11 15:51:18 localhost NetworkManager[1060]: <debug> [1505145078.1549] platform-linux: sysctl: reading '/proc/sys/net/ipv6/conf/ens3/use_tempaddr': '0'
Sep 11 15:51:18 localhost NetworkManager[1060]: <debug> [1505145078.1549] device[0x55902389a1e0] (ens3): will enable userland IPv6LL
Sep 11 15:51:18 localhost NetworkManager[1060]: <debug> [1505145078.1549] platform-linux: link: change 2: user-ipv6ll: set IPv6 address generation mode to none
Sep 11 15:51:18 localhost NetworkManager[1060]: <debug> [1505145078.1550] platform-linux: do-request-link: 2
Sep 11 15:51:18 localhost NetworkManager[1060]: <debug> [1505145078.1550] platform: signal: link changed: 2: ens3 <DOWN;broadcast,multicast> mtu 1500 arp 1 ethernet? init addrgenmode none addr 52:54:00:C2:43:7B driver 8139cp rx:0,0 tx:0,0
Sep 11 15:51:18 localhost NetworkManager[1060]: <debug> [1505145078.1550] device[0x55902389a1e0] (ens3): queued link change for ifindex 2
Sep 11 15:51:18 localhost NetworkManager[1060]: <debug> [1505145078.1550] platform-linux: do-change-link[2]: success changing link: success
Sep 11 15:51:18 localhost NetworkManager[1060]: <debug> [1505145078.1551] platform-linux: sysctl: setting '/proc/sys/net/ipv6/conf/ens3/disable_ipv6' to '1' (current value is '0')
Sep 11 15:51:18 localhost NetworkManager[1060]: <debug> [1505145078.1551] platform-linux: sysctl: setting '/proc/sys/net/ipv6/conf/ens3/disable_ipv6' to '0' (current value is '1')
Sep 11 15:51:18 localhost NetworkManager[1060]: <debug> [1505145078.1551] platform-linux: sysctl: setting '/proc/sys/net/ipv6/conf/ens3/accept_ra_defrtr' to '0' (current value is '1')
Sep 11 15:51:18 localhost NetworkManager[1060]: <debug> [1505145078.1551] platform-linux: sysctl: setting '/proc/sys/net/ipv6/conf/ens3/accept_ra_pinfo' to '0' (current value is '1')
Sep 11 15:51:18 localhost NetworkManager[1060]: <debug> [1505145078.1552] platform-linux: sysctl: setting '/proc/sys/net/ipv6/conf/ens3/accept_ra_rtr_pref' to '0' (current value is '1')
Sep 11 15:51:18 localhost NetworkManager[1060]: <debug> [1505145078.1552] platform-linux: sysctl: setting '/proc/sys/net/ipv6/conf/ens3/use_tempaddr' to '0' (current value is identical)
Sep 11 15:51:18 localhost NetworkManager[1060]: <debug> [1505145078.1552] platform-linux: sysctl: setting '/proc/sys/net/ipv6/conf/ens3/forwarding' to '0' (current value is identical)
Sep 11 15:51:18 localhost NetworkManager[1060]: <debug> [1505145078.1552] device[0x55902389a1e0] (ens3): bringing up device 2
Sep 11 15:51:18 localhost NetworkManager[1060]: <debug> [1505145078.1552] platform: link: setting up "ens3" (2)
Sep 11 15:51:18 localhost NetworkManager[1060]: <debug> [1505145078.1552] platform-linux: link: change 2: flags: set 0x1/0x1 ([up] / [up])
Sep 11 15:51:18 localhost NetworkManager[1060]: <debug> [1505145078.1631] platform-linux: do-request-link: 2
Sep 11 15:51:18 localhost NetworkManager[1060]: <debug> [1505145078.1631] platform: signal: link changed: 2: ens3 <UP,LOWER_UP;broadcast,multicast,up,running,lowerup> mtu 1500 arp 1 ethernet? init addrgenmode none addr 52:54:00:C2:43:7B driver 8139cp rx:0,0 tx:0,0
Sep 11 15:51:18 localhost NetworkManager[1060]: <debug> [1505145078.1632] platform-linux: do-change-link[2]: success changing link: success
Sep 11 15:51:18 localhost NetworkManager[1060]: <info>  [1505145078.1632] device (ens3): link connected
Sep 11 15:51:18 localhost NetworkManager[1060]: <debug> [1505145078.1633] device[0x55902389a1e0] (ens3): speed is now 100 Mb/s
Sep 11 15:51:18 localhost NetworkManager[1060]: <debug> [1505145078.1633] device[0x55902389a1e0] (ens3): add_pending_action (1): 'queued-state-change-disconnected'
Sep 11 15:51:18 localhost NetworkManager[1060]: <debug> [1505145078.1633] device[0x55902389a1e0] (ens3): queue-state[disconnected, reason:carrier-changed, id:37]: queue state change
Sep 11 15:51:18 localhost NetworkManager[1060]: <debug> [1505145078.1633] device[0x55902389a1e0] (ens3): preparing device
Sep 11 15:51:18 localhost NetworkManager[1060]: <debug> [1505145078.1633] device[0x55902389a1e0] (ens3): queue-state[disconnected, reason:carrier-changed, id:37]: clear queued state change
Sep 11 15:51:18 localhost NetworkManager[1060]: <debug> [1505145078.1633] device[0x55902389a1e0] (ens3): remove_pending_action (0): 'queued-state-change-disconnected'
Sep 11 15:51:18 localhost NetworkManager[1060]: <debug> [1505145078.1633] device[0x55902389a1e0] (ens3): clearing queued IP4 config change
Sep 11 15:51:18 localhost NetworkManager[1060]: <debug> [1505145078.1633] device[0x55902389a1e0] (ens3): clearing queued IP6 config change
Sep 11 15:51:18 localhost NetworkManager[1060]: <debug> [1505145078.1634] platform-linux: sysctl: setting '/proc/sys/net/ipv6/conf/ens3/accept_ra' to '0' (current value is '1')
Sep 11 15:51:18 localhost NetworkManager[1060]: <debug> [1505145078.1634] platform-linux: sysctl: setting '/proc/sys/net/ipv6/conf/ens3/use_tempaddr' to '0' (current value is identical)
Sep 11 15:51:18 localhost NetworkManager[1060]: <debug> [1505145078.1634] route-mgr4:   2: sync 0 IPv4 routes
Sep 11 15:51:18 localhost NetworkManager[1060]: <debug> [1505145078.1634] route-mgr6:   2: sync 0 IPv6 routes
Sep 11 15:51:18 localhost NetworkManager[1060]: <debug> [1505145078.1634] default-route: entry[0/dev:0x55902389a1e0:ens3:-has:+sync]: record:add    0.0.0.0/0 via 0.0.0.0 dev 2 metric 4294967295 mss 0 rt-src unknown (4294967295)
Sep 11 15:51:18 localhost NetworkManager[1060]: <debug> [1505145078.1634] default-route: entry[0/dev:0x55902389a1e0:ens3:-has:+sync]: record:add    ::/0 via :: dev 2 metric 4294967295 mss 0 rt-src unknown src ::/0 (4294967295)
