15:51:06,677 INFO journal:Runtime journal is using 6.2M (max allowed 49.6M, trying to leave 74.4M free of 490.0M available → current limit 49.6M).
15:51:06,677 INFO kernel:Initializing cgroup subsys cpuset
15:51:06,677 INFO kernel:Initializing cgroup subsys cpu
15:51:06,677 INFO kernel:Initializing cgroup subsys cpuacct
15:51:06,677 NOTICE kernel:Linux version 3.10.0-693.el7.x86_64 (builder@kbuilder.dev.centos.org) (gcc version 4.8.5 20150623 (Red Hat 4.8.5-16) (GCC) ) #1 SMP Tue Aug 22 21:09:27 UTC 2017
15:51:06,677 INFO kernel:Command line: ks=file:/centos-7.ks inst.cmdline console=ttyS0 stage2=hd:LABEL=CentOS\x207\x20x86_64
15:51:06,677 INFO kernel:e820: BIOS-provided physical RAM map:
15:51:06,677 INFO kernel:BIOS-e820: [mem 0x0000000000000000-0x000000000009fbff] usable
15:51:06,677 INFO kernel:BIOS-e820: [mem 0x000000000009fc00-0x000000000009ffff] reserved
15:51:06,677 INFO kernel:BIOS-e820: [mem 0x00000000000f0000-0x00000000000fffff] reserved
15:51:06,677 INFO kernel:BIOS-e820: [mem 0x0000000000100000-0x000000003fffdfff] usable
15:51:06,677 INFO kernel:BIOS-e820: [mem 0x000000003fffe000-0x000000003fffffff] reserved
15:51:06,677 INFO kernel:BIOS-e820: [mem 0x00000000feffc000-0x00000000feffffff] reserved
15:51:06,677 INFO kernel:BIOS-e820: [mem 0x00000000fffc0000-0x00000000ffffffff] reserved
15:51:06,677 INFO kernel:NX (Execute Disable) protection: active
15:51:06,677 INFO kernel:SMBIOS 2.4 present.
15:51:06,677 DEBUG kernel:DMI: Red Hat KVM, BIOS 0.5.1 01/01/2011
15:51:06,677 INFO kernel:Hypervisor detected: KVM
15:51:06,677 DEBUG kernel:e820: update [mem 0x00000000-0x00000fff] usable ==> reserved
15:51:06,677 DEBUG kernel:e820: remove [mem 0x000a0000-0x000fffff] usable
15:51:06,677 INFO kernel:e820: last_pfn = 0x3fffe max_arch_pfn = 0x400000000
15:51:06,677 DEBUG kernel:MTRR default type: write-back
15:51:06,677 DEBUG kernel:MTRR fixed ranges enabled:
15:51:06,677 DEBUG kernel:  00000-9FFFF write-back
15:51:06,677 DEBUG kernel:  A0000-BFFFF uncachable
15:51:06,677 DEBUG kernel:  C0000-FFFFF write-protect
15:51:06,677 DEBUG kernel:MTRR variable ranges enabled:
15:51:06,677 DEBUG kernel:  0 base 080000000 mask F80000000 uncachable
15:51:06,678 DEBUG kernel:  1 disabled
15:51:06,678 DEBUG kernel:  2 disabled
15:51:06,678 DEBUG kernel:  3 disabled
15:51:06,678 DEBUG kernel:  4 disabled
15:51:06,678 DEBUG kernel:  5 disabled
15:51:06,678 DEBUG kernel:  6 disabled
15:51:06,678 DEBUG kernel:  7 disabled
15:51:06,678 INFO kernel:x86 PAT enabled: cpu 0, old 0x7040600070406, new 0x7010600070106
15:51:06,678 INFO kernel:found SMP MP-table at [mem 0x000f73c0-0x000f73cf] mapped at [ffff8800000f73c0]
15:51:06,678 DEBUG kernel:Base memory trampoline at [ffff880000099000] 99000 size 24576
15:51:06,678 DEBUG kernel:BRK [0x01fe9000, 0x01fe9fff] PGTABLE
15:51:06,678 DEBUG kernel:BRK [0x01fea000, 0x01feafff] PGTABLE
15:51:06,678 DEBUG kernel:BRK [0x01feb000, 0x01febfff] PGTABLE
15:51:06,678 DEBUG kernel:BRK [0x01fec000, 0x01fecfff] PGTABLE
15:51:06,678 INFO kernel:RAMDISK: [mem 0x3d1be000-0x3ffeffff]
15:51:06,678 INFO kernel:Early table checksum verification disabled
15:51:06,678 WARNING kernel:ACPI: RSDP 00000000000f7220 00014 (v00 BOCHS )
15:51:06,678 WARNING kernel:ACPI: RSDT 000000003ffffa9b 00030 (v01 BOCHS  BXPCRSDT 00000001 BXPC 00000001)
15:51:06,678 WARNING kernel:ACPI: FACP 000000003ffff177 00074 (v01 BOCHS  BXPCFACP 00000001 BXPC 00000001)
15:51:06,678 WARNING kernel:ACPI: DSDT 000000003fffe040 01137 (v01 BOCHS  BXPCDSDT 00000001 BXPC 00000001)
15:51:06,678 WARNING kernel:ACPI: FACS 000000003fffe000 00040
15:51:06,678 WARNING kernel:ACPI: SSDT 000000003ffff1eb 00838 (v01 BOCHS  BXPCSSDT 00000001 BXPC 00000001)
15:51:06,678 WARNING kernel:ACPI: APIC 000000003ffffa23 00078 (v01 BOCHS  BXPCAPIC 00000001 BXPC 00000001)
15:51:06,678 DEBUG kernel:ACPI: Local APIC address 0xfee00000
15:51:06,678 INFO kernel:No NUMA configuration found
15:51:06,678 INFO kernel:Faking a node at [mem 0x0000000000000000-0x000000003fffdfff]
15:51:06,678 INFO kernel:NODE_DATA(0) allocated [mem 0x3d197000-0x3d1bdfff]
15:51:06,678 INFO kernel:kvm-clock: Using msrs 4b564d01 and 4b564d00
15:51:06,678 INFO kernel:kvm-clock: cpu 0, msr 0:3d147001, primary cpu clock
15:51:06,678 INFO kernel:kvm-clock: using sched offset of 1760039118 cycles
15:51:06,678 WARNING kernel:Zone ranges:
15:51:06,678 WARNING kernel:  DMA      [mem 0x00001000-0x00ffffff]
15:51:06,678 WARNING kernel:  DMA32    [mem 0x01000000-0xffffffff]
15:51:06,678 WARNING kernel:  Normal   empty
15:51:06,678 WARNING kernel:Movable zone start for each node
15:51:06,678 WARNING kernel:Early memory node ranges
15:51:06,678 WARNING kernel:  node   0: [mem 0x00001000-0x0009efff]
15:51:06,678 WARNING kernel:  node   0: [mem 0x00100000-0x3fffdfff]
15:51:06,678 INFO kernel:Initmem setup node 0 [mem 0x00001000-0x3fffdfff]
15:51:06,678 DEBUG kernel:On node 0 totalpages: 262044
15:51:06,678 DEBUG kernel:  DMA zone: 64 pages used for memmap
15:51:06,678 DEBUG kernel:  DMA zone: 21 pages reserved
15:51:06,678 DEBUG kernel:  DMA zone: 3998 pages, LIFO batch:0
15:51:06,678 DEBUG kernel:  DMA32 zone: 4032 pages used for memmap
15:51:06,678 DEBUG kernel:  DMA32 zone: 258046 pages, LIFO batch:31
15:51:06,678 INFO kernel:ACPI: PM-Timer IO Port: 0x608
15:51:06,678 DEBUG kernel:ACPI: Local APIC address 0xfee00000
15:51:06,678 INFO kernel:ACPI: LAPIC (acpi_id[0x00] lapic_id[0x00] enabled)
15:51:06,678 INFO kernel:ACPI: LAPIC_NMI (acpi_id[0xff] dfl dfl lint[0x1])
15:51:06,678 INFO kernel:ACPI: IOAPIC (id[0x00] address[0xfec00000] gsi_base[0])
15:51:06,678 INFO kernel:IOAPIC[0]: apic_id 0, version 17, address 0xfec00000, GSI 0-23
15:51:06,678 INFO kernel:ACPI: INT_SRC_OVR (bus 0 bus_irq 0 global_irq 2 dfl dfl)
15:51:06,678 INFO kernel:ACPI: INT_SRC_OVR (bus 0 bus_irq 5 global_irq 5 high level)
15:51:06,678 INFO kernel:ACPI: INT_SRC_OVR (bus 0 bus_irq 9 global_irq 9 high level)
15:51:06,678 INFO kernel:ACPI: INT_SRC_OVR (bus 0 bus_irq 10 global_irq 10 high level)
15:51:06,678 INFO kernel:ACPI: INT_SRC_OVR (bus 0 bus_irq 11 global_irq 11 high level)
15:51:06,678 DEBUG kernel:ACPI: IRQ0 used by override.
15:51:06,678 DEBUG kernel:ACPI: IRQ5 used by override.
15:51:06,678 DEBUG kernel:ACPI: IRQ9 used by override.
15:51:06,678 DEBUG kernel:ACPI: IRQ10 used by override.
15:51:06,678 DEBUG kernel:ACPI: IRQ11 used by override.
15:51:06,678 INFO kernel:Using ACPI (MADT) for SMP configuration information
15:51:06,678 INFO kernel:smpboot: Allowing 1 CPUs, 0 hotplug CPUs
15:51:06,678 INFO kernel:PM: Registered nosave memory: [mem 0x0009f000-0x0009ffff]
15:51:06,678 INFO kernel:PM: Registered nosave memory: [mem 0x000a0000-0x000effff]
15:51:06,678 INFO kernel:PM: Registered nosave memory: [mem 0x000f0000-0x000fffff]
15:51:06,678 INFO kernel:e820: [mem 0x40000000-0xfeffbfff] available for PCI devices
15:51:06,678 INFO kernel:Booting paravirtualized kernel on KVM
15:51:06,678 INFO kernel:setup_percpu: NR_CPUS:5120 nr_cpumask_bits:1 nr_cpu_ids:1 nr_node_ids:1
15:51:06,678 INFO kernel:PERCPU: Embedded 33 pages/cpu @ffff88003ce00000 s97048 r8192 d29928 u2097152
15:51:06,678 DEBUG kernel:pcpu-alloc: s97048 r8192 d29928 u2097152 alloc=1*2097152
15:51:06,678 DEBUG kernel:pcpu-alloc: [0] 0 
15:51:06,678 INFO kernel:KVM setup async PF for cpu 0
15:51:06,678 INFO kernel:kvm-stealtime: cpu 0, msr 3ce0f440
15:51:06,678 INFO kernel:PV qspinlock hash table entries: 256 (order: 0, 4096 bytes)
15:51:06,678 WARNING kernel:Built 1 zonelists in Node order, mobility grouping on.  Total pages: 257927
15:51:06,678 WARNING kernel:Policy zone: DMA32
15:51:06,678 NOTICE kernel:Kernel command line: ks=file:/centos-7.ks inst.cmdline console=ttyS0 stage2=hd:LABEL=CentOS\x207\x20x86_64
15:51:06,678 INFO kernel:PID hash table entries: 4096 (order: 3, 32768 bytes)
15:51:06,678 INFO kernel:x86/fpu: xstate_offset[2]: 0240, xstate_sizes[2]: 0100
15:51:06,678 INFO kernel:xsave: enabled xstate_bv 0x7, cntxt size 0x340 using standard form
15:51:06,678 INFO kernel:Memory: 967200k/1048568k available (6886k kernel code, 392k absent, 80976k reserved, 4545k data, 1764k init)
15:51:06,678 INFO kernel:SLUB: HWalign=64, Order=0-3, MinObjects=0, CPUs=1, Nodes=1
15:51:06,678 INFO kernel:Hierarchical RCU implementation.
15:51:06,678 INFO kernel:#011RCU restricting CPUs from NR_CPUS=5120 to nr_cpu_ids=1.
15:51:06,678 INFO kernel:NR_IRQS:327936 nr_irqs:256 0
15:51:06,678 INFO kernel:Console: colour *CGA 80x25
15:51:06,680 INFO kernel:console [ttyS0] enabled
15:51:06,680 INFO kernel:allocated 4194304 bytes of page_cgroup
15:51:06,680 INFO kernel:please try 'cgroup_disable=memory' option if you don't want memory cgroups
15:51:06,680 INFO kernel:tsc: Detected 2400.016 MHz processor
15:51:06,680 INFO kernel:Calibrating delay loop (skipped) preset value.. 4800.03 BogoMIPS (lpj=2400016)
15:51:06,680 INFO kernel:pid_max: default: 32768 minimum: 301
15:51:06,680 INFO kernel:Security Framework initialized
15:51:06,680 INFO kernel:SELinux:  Initializing.
15:51:06,680 DEBUG kernel:SELinux:  Starting in permissive mode
15:51:06,680 INFO kernel:Yama: becoming mindful.
15:51:06,680 INFO kernel:Dentry cache hash table entries: 131072 (order: 8, 1048576 bytes)
15:51:06,680 INFO kernel:Inode-cache hash table entries: 65536 (order: 7, 524288 bytes)
15:51:06,680 INFO kernel:Mount-cache hash table entries: 2048 (order: 2, 16384 bytes)
15:51:06,680 INFO kernel:Mountpoint-cache hash table entries: 2048 (order: 2, 16384 bytes)
15:51:06,680 INFO kernel:Initializing cgroup subsys memory
15:51:06,680 INFO kernel:Initializing cgroup subsys devices
15:51:06,680 INFO kernel:Initializing cgroup subsys freezer
15:51:06,680 INFO kernel:Initializing cgroup subsys net_cls
15:51:06,680 INFO kernel:Initializing cgroup subsys blkio
15:51:06,680 INFO kernel:Initializing cgroup subsys perf_event
15:51:06,680 INFO kernel:Initializing cgroup subsys hugetlb
15:51:06,680 INFO kernel:Initializing cgroup subsys pids
15:51:06,680 INFO kernel:Initializing cgroup subsys net_prio
15:51:06,680 INFO kernel:mce: CPU supports 10 MCE banks
15:51:06,680 INFO kernel:Last level iTLB entries: 4KB 0, 2MB 0, 4MB 0
15:51:06,680 INFO kernel:Last level dTLB entries: 4KB 0, 2MB 0, 4MB 0
15:51:06,680 INFO kernel:tlb_flushall_shift: 6
15:51:06,680 INFO kernel:Freeing SMP alternatives: 24k freed
15:51:06,680 INFO kernel:ACPI: Core revision 20130517
15:51:06,680 WARNING kernel:ACPI: All ACPI Tables successfully acquired
15:51:06,680 INFO kernel:ftrace: allocating 26584 entries in 104 pages
15:51:06,680 INFO kernel:smpboot: Max logical packages: 1
15:51:06,680 INFO kernel:Enabling x2apic
15:51:06,680 INFO kernel:Enabled x2apic
15:51:06,680 INFO kernel:Switched APIC routing to physical x2apic.
15:51:06,680 INFO kernel:..TIMER: vector=0x30 apic1=0 pin1=2 apic2=-1 pin2=-1
15:51:06,680 INFO kernel:smpboot: CPU0: Intel Xeon E312xx (Sandy Bridge) (fam: 06, model: 2a, stepping: 01)
15:51:06,680 DEBUG kernel:TSC deadline timer enabled
15:51:06,680 INFO kernel:Performance Events: unsupported p6 CPU model 42 no PMU driver, software events only.
15:51:06,680 INFO kernel:KVM setup paravirtual spinlock
15:51:06,680 INFO kernel:Brought up 1 CPUs
15:51:06,680 INFO kernel:smpboot: Total of 1 processors activated (4800.03 BogoMIPS)
15:51:06,680 INFO kernel:devtmpfs: initialized
15:51:06,680 INFO kernel:EVM: security.selinux
15:51:06,680 INFO kernel:EVM: security.ima
15:51:06,680 INFO kernel:EVM: security.capability
15:51:06,680 INFO kernel:atomic64 test passed for x86-64 platform with CX8 and with SSE
15:51:06,680 INFO kernel:pinctrl core: initialized pinctrl subsystem
15:51:06,680 INFO kernel:RTC time: 15:51:02, date: 09/11/17
15:51:06,680 INFO kernel:NET: Registered protocol family 16
15:51:06,680 INFO kernel:ACPI: bus type PCI registered
15:51:06,680 INFO kernel:acpiphp: ACPI Hot Plug PCI Controller Driver version: 0.5
15:51:06,680 INFO kernel:PCI: Using configuration type 1 for base access
15:51:06,680 INFO kernel:ACPI: Added _OSI(Module Device)
15:51:06,680 INFO kernel:ACPI: Added _OSI(Processor Device)
15:51:06,680 INFO kernel:ACPI: Added _OSI(3.0 _SCP Extensions)
15:51:06,680 INFO kernel:ACPI: Added _OSI(Processor Aggregator Device)
15:51:06,680 DEBUG kernel:ACPI: EC: Look up EC in DSDT
15:51:06,680 INFO kernel:ACPI: Interpreter enabled
15:51:06,680 INFO kernel:ACPI: (supports S0 S5)
15:51:06,680 INFO kernel:ACPI: Using IOAPIC for interrupt routing
15:51:06,680 INFO kernel:PCI: Using host bridge windows from ACPI; if necessary, use "pci=nocrs" and report a bug
15:51:06,680 INFO kernel:ACPI: PCI Root Bridge [PCI0] (domain 0000 [bus 00-ff])
15:51:06,680 INFO kernel:acpi PNP0A03:00: _OSC: OS supports [ASPM ClockPM Segments MSI]
15:51:06,681 INFO kernel:acpi PNP0A03:00: _OSC failed (AE_NOT_FOUND); disabling ASPM
15:51:06,681 WARNING kernel:acpi PNP0A03:00: fail to add MMCONFIG information, can't access extended PCI configuration space under this bridge.
15:51:06,681 INFO kernel:acpiphp: Slot [3] registered
15:51:06,681 INFO kernel:acpiphp: Slot [4] registered
15:51:06,681 INFO kernel:acpiphp: Slot [6] registered
15:51:06,681 INFO kernel:acpiphp: Slot [7] registered
15:51:06,681 INFO kernel:acpiphp: Slot [8] registered
15:51:06,681 INFO kernel:acpiphp: Slot [9] registered
15:51:06,681 INFO kernel:acpiphp: Slot [10] registered
15:51:06,681 INFO kernel:acpiphp: Slot [11] registered
15:51:06,681 INFO kernel:acpiphp: Slot [12] registered
15:51:06,681 INFO kernel:acpiphp: Slot [13] registered
15:51:06,681 INFO kernel:acpiphp: Slot [14] registered
15:51:06,681 INFO kernel:acpiphp: Slot [15] registered
15:51:06,681 INFO kernel:acpiphp: Slot [16] registered
15:51:06,681 INFO kernel:acpiphp: Slot [17] registered
15:51:06,681 INFO kernel:acpiphp: Slot [18] registered
15:51:06,681 INFO kernel:acpiphp: Slot [19] registered
15:51:06,681 INFO kernel:acpiphp: Slot [20] registered
15:51:06,681 INFO kernel:acpiphp: Slot [21] registered
15:51:06,681 INFO kernel:acpiphp: Slot [22] registered
15:51:06,681 INFO kernel:acpiphp: Slot [23] registered
15:51:06,681 INFO kernel:acpiphp: Slot [24] registered
15:51:06,681 INFO kernel:acpiphp: Slot [25] registered
15:51:06,681 INFO kernel:acpiphp: Slot [26] registered
15:51:06,681 INFO kernel:acpiphp: Slot [27] registered
15:51:06,681 INFO kernel:acpiphp: Slot [28] registered
15:51:06,681 INFO kernel:acpiphp: Slot [29] registered
15:51:06,681 INFO kernel:acpiphp: Slot [30] registered
15:51:06,681 INFO kernel:acpiphp: Slot [31] registered
15:51:06,681 INFO kernel:PCI host bridge to bus 0000:00
15:51:06,681 INFO kernel:pci_bus 0000:00: root bus resource [bus 00-ff]
15:51:06,681 INFO kernel:pci_bus 0000:00: root bus resource [io  0x0000-0x0cf7 window]
15:51:06,681 INFO kernel:pci_bus 0000:00: root bus resource [io  0x0d00-0xffff window]
15:51:06,681 INFO kernel:pci_bus 0000:00: root bus resource [mem 0x000a0000-0x000bffff window]
15:51:06,681 INFO kernel:pci_bus 0000:00: root bus resource [mem 0x40000000-0xfebfffff window]
15:51:06,681 DEBUG kernel:pci 0000:00:00.0: [8086:1237] type 00 class 0x060000
15:51:06,681 DEBUG kernel:pci 0000:00:01.0: [8086:7000] type 00 class 0x060100
15:51:06,684 DEBUG kernel:pci 0000:00:01.1: [8086:7010] type 00 class 0x010180
15:51:06,684 DEBUG kernel:pci 0000:00:01.1: reg 0x20: [io  0xc1a0-0xc1af]
15:51:06,684 INFO kernel:pci 0000:00:01.1: legacy IDE quirk: reg 0x10: [io  0x01f0-0x01f7]
15:51:06,684 INFO kernel:pci 0000:00:01.1: legacy IDE quirk: reg 0x14: [io  0x03f6]
15:51:06,684 INFO kernel:pci 0000:00:01.1: legacy IDE quirk: reg 0x18: [io  0x0170-0x0177]
15:51:06,684 INFO kernel:pci 0000:00:01.1: legacy IDE quirk: reg 0x1c: [io  0x0376]
15:51:06,684 DEBUG kernel:pci 0000:00:01.3: [8086:7113] type 00 class 0x068000
15:51:06,684 INFO kernel:pci 0000:00:01.3: quirk: [io  0x0600-0x063f] claimed by PIIX4 ACPI
15:51:06,684 INFO kernel:pci 0000:00:01.3: quirk: [io  0x0700-0x070f] claimed by PIIX4 SMB
15:51:06,684 DEBUG kernel:pci 0000:00:03.0: [10ec:8139] type 00 class 0x020000
15:51:06,684 DEBUG kernel:pci 0000:00:03.0: reg 0x10: [io  0xc000-0xc0ff]
15:51:06,684 DEBUG kernel:pci 0000:00:03.0: reg 0x14: [mem 0xfebc0000-0xfebc00ff]
15:51:06,685 DEBUG kernel:pci 0000:00:03.0: reg 0x30: [mem 0xfeb80000-0xfebbffff pref]
15:51:06,685 DEBUG kernel:pci 0000:00:04.0: [1af4:1003] type 00 class 0x078000
15:51:06,685 DEBUG kernel:pci 0000:00:04.0: reg 0x10: [io  0xc100-0xc11f]
15:51:06,685 DEBUG kernel:pci 0000:00:04.0: reg 0x14: [mem 0xfebc1000-0xfebc1fff]
15:51:06,685 DEBUG kernel:pci 0000:00:05.0: [8086:2934] type 00 class 0x0c0300
15:51:06,685 DEBUG kernel:pci 0000:00:05.0: reg 0x20: [io  0xc120-0xc13f]
15:51:06,685 DEBUG kernel:pci 0000:00:05.1: [8086:2935] type 00 class 0x0c0300
15:51:06,685 DEBUG kernel:pci 0000:00:05.1: reg 0x20: [io  0xc140-0xc15f]
15:51:06,685 DEBUG kernel:pci 0000:00:05.2: [8086:2936] type 00 class 0x0c0300
15:51:06,685 DEBUG kernel:pci 0000:00:05.2: reg 0x20: [io  0xc160-0xc17f]
15:51:06,685 DEBUG kernel:pci 0000:00:05.7: [8086:293a] type 00 class 0x0c0320
15:51:06,685 DEBUG kernel:pci 0000:00:05.7: reg 0x10: [mem 0xfebc2000-0xfebc2fff]
15:51:06,685 DEBUG kernel:pci 0000:00:06.0: [1af4:1002] type 00 class 0x00ff00
15:51:06,685 DEBUG kernel:pci 0000:00:06.0: reg 0x10: [io  0xc180-0xc19f]
15:51:06,685 INFO kernel:ACPI: PCI Interrupt Link [LNKA] (IRQs 5 *10 11)
15:51:06,685 INFO kernel:ACPI: PCI Interrupt Link [LNKB] (IRQs 5 *10 11)
15:51:06,685 INFO kernel:ACPI: PCI Interrupt Link [LNKC] (IRQs 5 10 *11)
15:51:06,685 INFO kernel:ACPI: PCI Interrupt Link [LNKD] (IRQs 5 10 *11)
15:51:06,685 INFO kernel:ACPI: PCI Interrupt Link [LNKS] (IRQs *9)
15:51:06,685 WARNING kernel:ACPI: Enabled 16 GPEs in block 00 to 0F
15:51:06,685 INFO kernel:vgaarb: loaded
15:51:06,685 NOTICE kernel:SCSI subsystem initialized
15:51:06,685 INFO kernel:ACPI: bus type USB registered
15:51:06,685 INFO kernel:usbcore: registered new interface driver usbfs
15:51:06,685 INFO kernel:usbcore: registered new interface driver hub
15:51:06,685 INFO kernel:usbcore: registered new device driver usb
15:51:06,685 INFO kernel:PCI: Using ACPI for IRQ routing
15:51:06,685 DEBUG kernel:PCI: pci_cache_line_size set to 64 bytes
15:51:06,685 DEBUG kernel:e820: reserve RAM buffer [mem 0x0009fc00-0x0009ffff]
15:51:06,685 DEBUG kernel:e820: reserve RAM buffer [mem 0x3fffe000-0x3fffffff]
15:51:06,685 INFO kernel:NetLabel: Initializing
15:51:06,685 INFO kernel:NetLabel:  domain hash size = 128
15:51:06,685 INFO kernel:NetLabel:  protocols = UNLABELED CIPSOv4
15:51:06,685 INFO kernel:NetLabel:  unlabeled traffic allowed by default
15:51:06,685 NOTICE kernel:amd_nb: Cannot enumerate AMD northbridges
15:51:06,685 INFO kernel:Switched to clocksource kvm-clock
15:51:06,685 INFO kernel:pnp: PnP ACPI init
15:51:06,685 INFO kernel:ACPI: bus type PNP registered
15:51:06,685 DEBUG kernel:pnp 00:00: Plug and Play ACPI device, IDs PNP0b00 (active)
15:51:06,686 DEBUG kernel:pnp 00:01: Plug and Play ACPI device, IDs PNP0303 (active)
15:51:06,686 DEBUG kernel:pnp 00:02: Plug and Play ACPI device, IDs PNP0f13 (active)
15:51:06,686 DEBUG kernel:pnp 00:03: [dma 2]
15:51:06,686 DEBUG kernel:pnp 00:03: Plug and Play ACPI device, IDs PNP0700 (active)
15:51:06,686 DEBUG kernel:pnp 00:04: Plug and Play ACPI device, IDs PNP0501 (active)
15:51:06,686 INFO kernel:pnp: PnP ACPI: found 5 devices
15:51:06,686 INFO kernel:ACPI: bus type PNP unregistered
15:51:06,686 DEBUG kernel:pci_bus 0000:00: resource 4 [io  0x0000-0x0cf7 window]
15:51:06,686 DEBUG kernel:pci_bus 0000:00: resource 5 [io  0x0d00-0xffff window]
15:51:06,686 DEBUG kernel:pci_bus 0000:00: resource 6 [mem 0x000a0000-0x000bffff window]
15:51:06,686 DEBUG kernel:pci_bus 0000:00: resource 7 [mem 0x40000000-0xfebfffff window]
15:51:06,686 INFO kernel:NET: Registered protocol family 2
15:51:06,686 INFO kernel:TCP established hash table entries: 8192 (order: 4, 65536 bytes)
15:51:06,686 INFO kernel:TCP bind hash table entries: 8192 (order: 5, 131072 bytes)
15:51:06,686 INFO kernel:TCP: Hash tables configured (established 8192 bind 8192)
15:51:06,686 INFO kernel:TCP: reno registered
15:51:06,686 INFO kernel:UDP hash table entries: 512 (order: 2, 16384 bytes)
15:51:06,686 INFO kernel:UDP-Lite hash table entries: 512 (order: 2, 16384 bytes)
15:51:06,686 INFO kernel:NET: Registered protocol family 1
15:51:06,686 INFO kernel:pci 0000:00:00.0: Limiting direct PCI/PCI transfers
15:51:06,686 INFO kernel:pci 0000:00:01.0: PIIX3: Enabling Passive Release
15:51:06,686 INFO kernel:pci 0000:00:01.0: Activating ISA DMA hang workarounds
15:51:06,686 WARNING kernel:ACPI: PCI Interrupt Link [LNKA] enabled at IRQ 10
15:51:06,686 WARNING kernel:ACPI: PCI Interrupt Link [LNKB] enabled at IRQ 11
15:51:06,686 WARNING kernel:ACPI: PCI Interrupt Link [LNKC] enabled at IRQ 11
15:51:06,686 WARNING kernel:ACPI: PCI Interrupt Link [LNKD] enabled at IRQ 10
15:51:06,686 DEBUG kernel:PCI: CLS 0 bytes, default 64
15:51:06,686 INFO kernel:Unpacking initramfs...
15:51:06,686 INFO kernel:Freeing initrd memory: 47304k freed
15:51:06,688 INFO kernel:sha1_ssse3: Using AVX optimized SHA-1 implementation
15:51:06,688 INFO kernel:sha256_ssse3: Using AVX optimized SHA-256 implementation
15:51:06,688 INFO kernel:futex hash table entries: 256 (order: 2, 16384 bytes)
15:51:06,688 NOTICE kernel:Initialise system trusted keyring
15:51:06,688 INFO kernel:audit: initializing netlink socket (disabled)
15:51:06,688 NOTICE kernel:type=2000 audit(1505145066.225:1): initialized
15:51:06,688 INFO kernel:HugeTLB registered 2 MB page size, pre-allocated 0 pages
15:51:06,688 INFO kernel:zpool: loaded
15:51:06,688 INFO kernel:zbud: loaded
15:51:06,688 NOTICE kernel:VFS: Disk quotas dquot_6.5.2
15:51:06,688 WARNING kernel:Dquot-cache hash table entries: 512 (order 0, 4096 bytes)
15:51:06,688 INFO kernel:msgmni has been set to 1981
15:51:06,688 NOTICE kernel:Key type big_key registered
15:51:06,688 DEBUG kernel:SELinux:  Registering netfilter hooks
15:51:06,689 INFO kernel:NET: Registered protocol family 38
15:51:06,689 NOTICE kernel:Key type asymmetric registered
15:51:06,689 NOTICE kernel:Asymmetric key parser 'x509' registered
15:51:06,689 INFO kernel:Block layer SCSI generic (bsg) driver version 0.4 loaded (major 250)
15:51:06,689 INFO kernel:io scheduler noop registered
15:51:06,689 INFO kernel:io scheduler deadline registered (default)
15:51:06,689 INFO kernel:io scheduler cfq registered
15:51:06,689 INFO kernel:pci_hotplug: PCI Hot Plug PCI Core version: 0.5
15:51:06,689 INFO kernel:pciehp: PCI Express Hot Plug Controller Driver version: 0.4
15:51:06,689 DEBUG kernel:intel_idle: does not run on family 6 model 42
15:51:06,689 INFO kernel:input: Power Button as /devices/LNXSYSTM:00/LNXPWRBN:00/input/input0
15:51:06,689 INFO kernel:ACPI: Power Button [PWRF]
15:51:06,689 INFO kernel:GHES: HEST is not enabled!
15:51:06,689 INFO kernel:Serial: 8250/16550 driver, 4 ports, IRQ sharing enabled
15:51:06,689 INFO kernel:00:04: ttyS0 at I/O 0x3f8 (irq = 4) is a 16550A
15:51:06,689 INFO kernel:Non-volatile memory driver v1.3
15:51:06,689 INFO kernel:Linux agpgart interface v0.103
15:51:06,689 INFO kernel:crash memory driver: version 1.1
15:51:06,689 INFO kernel:rdac: device handler registered
15:51:06,689 INFO kernel:hp_sw: device handler registered
15:51:06,689 INFO kernel:emc: device handler registered
15:51:06,689 INFO kernel:alua: device handler registered
15:51:06,689 INFO kernel:libphy: Fixed MDIO Bus: probed
15:51:06,689 INFO kernel:ehci_hcd: USB 2.0 'Enhanced' Host Controller (EHCI) Driver
15:51:06,689 INFO kernel:ehci-pci: EHCI PCI platform driver
15:51:06,689 INFO kernel:ehci-pci 0000:00:05.7: EHCI Host Controller
15:51:06,689 INFO kernel:ehci-pci 0000:00:05.7: new USB bus registered, assigned bus number 1
15:51:06,689 INFO kernel:ehci-pci 0000:00:05.7: irq 10, io mem 0xfebc2000
15:51:06,689 INFO kernel:ehci-pci 0000:00:05.7: USB 2.0 started, EHCI 1.00
15:51:06,689 INFO kernel:usb usb1: New USB device found, idVendor=1d6b, idProduct=0002
15:51:06,689 INFO kernel:usb usb1: New USB device strings: Mfr=3, Product=2, SerialNumber=1
15:51:06,689 INFO kernel:usb usb1: Product: EHCI Host Controller
15:51:06,689 INFO kernel:usb usb1: Manufacturer: Linux 3.10.0-693.el7.x86_64 ehci_hcd
15:51:06,689 INFO kernel:usb usb1: SerialNumber: 0000:00:05.7
15:51:06,689 INFO kernel:hub 1-0:1.0: USB hub found
15:51:06,689 INFO kernel:hub 1-0:1.0: 6 ports detected
15:51:06,689 INFO kernel:ohci_hcd: USB 1.1 'Open' Host Controller (OHCI) Driver
15:51:06,689 INFO kernel:ohci-pci: OHCI PCI platform driver
15:51:06,689 INFO kernel:uhci_hcd: USB Universal Host Controller Interface driver
15:51:06,689 INFO kernel:uhci_hcd 0000:00:05.0: UHCI Host Controller
15:51:06,689 INFO kernel:uhci_hcd 0000:00:05.0: new USB bus registered, assigned bus number 2
15:51:06,689 INFO kernel:uhci_hcd 0000:00:05.0: detected 2 ports
15:51:06,690 INFO kernel:uhci_hcd 0000:00:05.0: irq 10, io base 0x0000c120
15:51:06,690 INFO kernel:usb usb2: New USB device found, idVendor=1d6b, idProduct=0001
15:51:06,690 INFO kernel:usb usb2: New USB device strings: Mfr=3, Product=2, SerialNumber=1
15:51:06,690 INFO kernel:usb usb2: Product: UHCI Host Controller
15:51:06,690 INFO kernel:usb usb2: Manufacturer: Linux 3.10.0-693.el7.x86_64 uhci_hcd
15:51:06,690 INFO kernel:usb usb2: SerialNumber: 0000:00:05.0
15:51:06,690 INFO kernel:hub 2-0:1.0: USB hub found
15:51:06,690 INFO kernel:hub 2-0:1.0: 2 ports detected
15:51:06,690 INFO kernel:uhci_hcd 0000:00:05.1: UHCI Host Controller
15:51:06,690 INFO kernel:uhci_hcd 0000:00:05.1: new USB bus registered, assigned bus number 3
15:51:06,690 INFO kernel:uhci_hcd 0000:00:05.1: detected 2 ports
15:51:06,690 INFO kernel:uhci_hcd 0000:00:05.1: irq 11, io base 0x0000c140
15:51:06,690 INFO kernel:usb usb3: New USB device found, idVendor=1d6b, idProduct=0001
15:51:06,690 INFO kernel:usb usb3: New USB device strings: Mfr=3, Product=2, SerialNumber=1
15:51:06,690 INFO kernel:usb usb3: Product: UHCI Host Controller
15:51:06,690 INFO kernel:usb usb3: Manufacturer: Linux 3.10.0-693.el7.x86_64 uhci_hcd
15:51:06,690 INFO kernel:usb usb3: SerialNumber: 0000:00:05.1
15:51:06,690 INFO kernel:hub 3-0:1.0: USB hub found
15:51:06,690 INFO kernel:hub 3-0:1.0: 2 ports detected
15:51:06,690 INFO kernel:uhci_hcd 0000:00:05.2: UHCI Host Controller
15:51:06,691 INFO kernel:uhci_hcd 0000:00:05.2: new USB bus registered, assigned bus number 4
15:51:06,691 INFO kernel:uhci_hcd 0000:00:05.2: detected 2 ports
15:51:06,691 INFO kernel:uhci_hcd 0000:00:05.2: irq 11, io base 0x0000c160
15:51:06,691 INFO kernel:usb usb4: New USB device found, idVendor=1d6b, idProduct=0001
15:51:06,691 INFO kernel:usb usb4: New USB device strings: Mfr=3, Product=2, SerialNumber=1
15:51:06,691 INFO kernel:usb usb4: Product: UHCI Host Controller
15:51:06,691 INFO kernel:usb usb4: Manufacturer: Linux 3.10.0-693.el7.x86_64 uhci_hcd
15:51:06,691 INFO kernel:usb usb4: SerialNumber: 0000:00:05.2
15:51:06,691 INFO kernel:hub 4-0:1.0: USB hub found
15:51:06,691 INFO kernel:hub 4-0:1.0: 2 ports detected
15:51:06,691 INFO kernel:usbcore: registered new interface driver usbserial
15:51:06,691 INFO kernel:usbcore: registered new interface driver usbserial_generic
15:51:06,691 INFO kernel:usbserial: USB Serial support registered for generic
15:51:06,691 INFO kernel:i8042: PNP: PS/2 Controller [PNP0303:KBD,PNP0f13:MOU] at 0x60,0x64 irq 1,12
15:51:06,691 INFO kernel:serio: i8042 KBD port at 0x60,0x64 irq 1
15:51:06,691 INFO kernel:serio: i8042 AUX port at 0x60,0x64 irq 12
15:51:06,691 INFO kernel:mousedev: PS/2 mouse device common for all mice
15:51:06,691 INFO kernel:input: AT Translated Set 2 keyboard as /devices/platform/i8042/serio0/input/input1
15:51:06,691 INFO kernel:rtc_cmos 00:00: RTC can wake from S4
15:51:06,691 INFO kernel:input: VirtualPS/2 VMware VMMouse as /devices/platform/i8042/serio1/input/input2
15:51:06,695 INFO kernel:rtc_cmos 00:00: rtc core: registered rtc_cmos as rtc0
15:51:06,695 INFO kernel:rtc_cmos 00:00: alarms up to one day, 114 bytes nvram
15:51:06,695 INFO kernel:input: VirtualPS/2 VMware VMMouse as /devices/platform/i8042/serio1/input/input3
15:51:06,695 INFO kernel:cpuidle: using governor menu
15:51:06,695 INFO kernel:hidraw: raw HID events driver (C) Jiri Kosina
15:51:06,695 INFO kernel:usbcore: registered new interface driver usbhid
15:51:06,695 INFO kernel:usbhid: USB HID core driver
15:51:06,695 INFO kernel:drop_monitor: Initializing network drop monitor service
15:51:06,695 INFO kernel:TCP: cubic registered
15:51:06,695 INFO kernel:Initializing XFRM netlink socket
15:51:06,695 INFO kernel:NET: Registered protocol family 10
15:51:06,695 INFO kernel:NET: Registered protocol family 17
15:51:06,695 INFO kernel:microcode: CPU0 sig=0x206a1, pf=0x1, revision=0x1
15:51:06,695 INFO kernel:microcode: Microcode Update Driver: v2.01 <tigran@aivazian.fsnet.co.uk>, Peter Oruba
15:51:06,695 DEBUG kernel:PM: Hibernation image not present or could not be loaded.
15:51:06,695 NOTICE kernel:Loading compiled-in X.509 certificates
15:51:06,695 NOTICE kernel:Loaded X.509 cert 'CentOS Linux kpatch signing key: ea0413152cde1d98ebdca3fe6f0230904c9ef717'
15:51:06,695 NOTICE kernel:Loaded X.509 cert 'CentOS Linux Driver update signing key: 7f421ee0ab69461574bb358861dbe77762a4201b'
15:51:06,695 NOTICE kernel:Loaded X.509 cert 'CentOS Linux kernel signing key: da187dca7dbe53ab05bd13bd0c4e21f422b6a49c'
15:51:06,695 INFO kernel:registered taskstats version 1
15:51:06,695 NOTICE kernel:Key type trusted registered
15:51:06,695 NOTICE kernel:Key type encrypted registered
15:51:06,695 INFO kernel:IMA: No TPM chip found, activating TPM-bypass!
15:51:06,695 INFO kernel:  Magic number: 1:774:891
15:51:06,695 INFO kernel:rtc_cmos 00:00: setting system clock to 2017-09-11 15:51:06 UTC (1505145066)
15:51:06,695 INFO kernel:Freeing unused kernel memory: 1764k freed
15:51:06,695 NOTICE kernel:random: systemd: uninitialized urandom read (16 bytes read)
15:51:06,695 NOTICE kernel:random: systemd: uninitialized urandom read (16 bytes read)
15:51:06,695 NOTICE kernel:random: systemd: uninitialized urandom read (16 bytes read)
15:51:06,695 INFO systemd:systemd 219 running in system mode. (+PAM +AUDIT +SELINUX +IMA -APPARMOR +SMACK +SYSVINIT +UTMP +LIBCRYPTSETUP +GCRYPT +GNUTLS +ACL +XZ -LZ4 -SECCOMP +BLKID +ELFUTILS +KMOD +IDN)
15:51:06,695 INFO systemd:Detected virtualization kvm.
15:51:06,695 INFO systemd:Detected architecture x86-64.
15:51:06,695 INFO systemd:Running in initial RAM disk.
15:51:06,695 INFO systemd:No hostname configured.
15:51:06,695 INFO systemd:Set hostname to <localhost>.
15:51:06,695 INFO systemd:Initializing machine ID from KVM UUID.
15:51:06,695 NOTICE kernel:random: systemd-cryptse: uninitialized urandom read (16 bytes read)
15:51:06,695 NOTICE kernel:random: systemd: uninitialized urandom read (16 bytes read)
15:51:06,695 NOTICE kernel:random: systemd: uninitialized urandom read (16 bytes read)
15:51:06,695 NOTICE kernel:random: systemd: uninitialized urandom read (16 bytes read)
15:51:06,695 NOTICE kernel:random: systemd: uninitialized urandom read (16 bytes read)
15:51:06,695 NOTICE kernel:random: systemd: uninitialized urandom read (16 bytes read)
15:51:06,695 NOTICE kernel:random: systemd: uninitialized urandom read (16 bytes read)
15:51:06,695 WARNING systemd:Cannot add dependency job for unit blk-availability.service, ignoring: Unit not found.
15:51:06,695 INFO systemd:Created slice Root Slice.
15:51:06,695 INFO systemd:Starting Root Slice.
15:51:06,695 INFO systemd:Listening on udev Kernel Socket.
15:51:06,695 INFO systemd:Starting udev Kernel Socket.
15:51:06,695 INFO systemd:Listening on Journal Socket.
15:51:06,695 INFO systemd:Starting Journal Socket.
15:51:06,695 INFO systemd:Listening on udev Control Socket.
15:51:06,695 INFO systemd:Starting udev Control Socket.
15:51:06,695 INFO systemd:Reached target Timers.
15:51:06,695 INFO systemd:Starting Timers.
15:51:06,695 INFO systemd:Reached target Swap.
15:51:06,695 INFO systemd:Starting Swap.
15:51:06,695 INFO systemd:Reached target Encrypted Volumes.
15:51:06,695 INFO systemd:Starting Encrypted Volumes.
15:51:06,695 INFO systemd:Reached target Local File Systems.
15:51:06,695 INFO systemd:Starting Local File Systems.
15:51:06,695 INFO systemd:Created slice System Slice.
15:51:06,695 INFO systemd:Starting System Slice.
15:51:06,695 INFO systemd:Starting Setup Virtual Console...
15:51:06,695 INFO systemd:Starting Journal Service...
15:51:06,695 INFO systemd:Reached target Slices.
15:51:06,695 INFO systemd:Starting Slices.
15:51:06,695 INFO systemd:Starting dracut cmdline hook...
15:51:06,696 INFO journal:Journal started
15:51:06,704 INFO systemd:Starting Create list of required static device nodes for the current kernel...
15:51:06,715 INFO systemd:Starting Apply Kernel Variables...
15:51:06,728 INFO systemd:Started Journal Service.
15:51:06,732 INFO systemd:Started Setup Virtual Console.
15:51:06,736 INFO systemd:Started Create list of required static device nodes for the current kernel.
15:51:06,739 INFO systemd:Started Apply Kernel Variables.
15:51:06,740 INFO systemd:Starting Create Static Device Nodes in /dev...
15:51:06,748 INFO systemd:Started Create Static Device Nodes in /dev.
15:51:06,791 INFO kernel:BIOS EDD facility v0.16 2004-Jun-25, 1 devices found
15:51:06,804 INFO dracut-cmdline:Loading CentOS 7 x86_64 installer...
15:51:07,096 INFO kernel:tsc: Refined TSC clocksource calibration: 2400.115 MHz
15:51:07,165 INFO dracut-cmdline:parse-kickstart WARNING: No device with link found for --device=link
15:51:07,273 INFO systemd:Started dracut cmdline hook.
15:51:07,274 INFO systemd:Starting dracut pre-udev hook...
15:51:07,295 INFO kernel:squashfs: version 4.0 (2009/01/31) Phillip Lougher
15:51:07,303 INFO kernel:Loading iSCSI transport class v2.0-870.
15:51:07,311 NOTICE kernel:iscsi: registered transport (tcp)
15:51:07,342 INFO kernel:FDC 0 is a S82078B
15:51:07,347 INFO kernel:No iBFT detected.
15:51:07,357 INFO kernel:async_tx: api initialized (async)
15:51:07,372 INFO kernel:xor: automatically using best checksumming function:
15:51:07,372 INFO kernel:   avx       : 23980.000 MB/sec
15:51:07,440 WARNING kernel:raid6: sse2x1   gen()  8496 MB/s
15:51:07,440 WARNING kernel:raid6: sse2x2   gen() 10707 MB/s
15:51:07,440 WARNING kernel:raid6: sse2x4   gen() 12343 MB/s
15:51:07,440 WARNING kernel:raid6: using algorithm sse2x4 gen() (12343 MB/s)
15:51:07,440 WARNING kernel:raid6: using ssse3x2 recovery algorithm
15:51:07,473 INFO kernel:device-mapper: uevent: version 1.0.3
15:51:07,473 INFO kernel:device-mapper: ioctl: 4.35.0-ioctl (2016-06-23) initialised: dm-devel@redhat.com
15:51:07,493 INFO kernel:device-mapper: multipath round-robin: version 1.2.0 loaded
15:51:07,537 INFO kernel:RPC: Registered named UNIX socket transport module.
15:51:07,537 INFO kernel:RPC: Registered udp transport module.
15:51:07,537 INFO kernel:RPC: Registered tcp transport module.
15:51:07,537 INFO kernel:RPC: Registered tcp NFSv4.1 backchannel transport module.
15:51:07,564 NOTICE rpc.statd:Version 1.3.0 starting
15:51:07,566 NOTICE rpc.statd:Initializing NSM state
15:51:07,567 WARNING rpc.statd:Running as root.  chown /var/lib/nfs/statd to choose different user
15:51:07,594 NOTICE kernel:random: fast init done
15:51:07,596 INFO systemd:Started dracut pre-udev hook.
15:51:07,596 INFO systemd:Starting udev Kernel Device Manager...
15:51:07,600 INFO systemd-udevd:starting version 219
15:51:07,604 INFO systemd:Started udev Kernel Device Manager.
15:51:07,604 INFO systemd:Starting dracut pre-trigger hook...
15:51:07,618 INFO lldpad:config file failed to load,
15:51:07,618 INFO lldpad:create a new file.
15:51:07,618 INFO lldpad:bound ctrl iface to /com/intel/lldpad
15:51:07,620 INFO dracut-pre-trigger:445
15:51:07,680 INFO systemd:Started dracut pre-trigger hook.
15:51:07,680 INFO systemd:Starting udev Coldplug all Devices...
15:51:07,704 INFO systemd:Mounting Configuration File System...
15:51:07,718 INFO systemd:Mounted Configuration File System.
15:51:07,737 INFO kernel:8139cp: 8139cp: 10/100 PCI Ethernet driver v1.3 (Mar 22, 2004)
15:51:07,739 INFO systemd:Started udev Coldplug all Devices.
15:51:07,739 INFO systemd:Starting Device-Mapper Multipath Device Controller...
15:51:07,752 INFO kernel:virtio-pci 0000:00:04.0: virtio_pci: leaving for legacy driver
15:51:07,777 INFO kernel:AES CTR mode by8 optimization enabled
15:51:07,778 INFO systemd:Reached target System Initialization.
15:51:07,779 INFO systemd:Starting System Initialization.
15:51:07,789 INFO kernel:8139cp 0000:00:03.0 eth0: RTL-8139C+ at 0xffffc900001d4000, 52:54:00:c2:43:7b, IRQ 11
15:51:07,794 INFO kernel:virtio-pci 0000:00:06.0: virtio_pci: leaving for legacy driver
15:51:07,806 INFO systemd:Listening on Open-iSCSI iscsiuio Socket.
15:51:07,806 INFO kernel:8139too: 8139too Fast Ethernet driver 0.9.28
15:51:07,806 INFO systemd:Starting Open-iSCSI iscsiuio Socket.
15:51:07,811 INFO systemd:Reached target Sockets.
15:51:07,812 INFO systemd:Starting Sockets.
15:51:07,812 INFO systemd:Starting Show Plymouth Boot Screen...
15:51:07,831 DEBUG kernel:libata version 3.00 loaded.
15:51:07,835 DEBUG kernel:ata_piix 0000:00:01.1: version 2.13
15:51:07,841 INFO kernel:8021q: 802.1Q VLAN Support v1.8
15:51:07,846 INFO kernel:scsi host0: ata_piix
15:51:07,848 INFO kernel:scsi host1: ata_piix
15:51:07,848 INFO systemd:Received SIGRTMIN+20 from PID 542 (plymouthd).
15:51:07,860 INFO systemd:Started Show Plymouth Boot Screen.
15:51:07,860 INFO kernel:ata1: PATA max MWDMA2 cmd 0x1f0 ctl 0x3f6 bmdma 0xc1a0 irq 14
15:51:07,860 INFO kernel:ata2: PATA max MWDMA2 cmd 0x170 ctl 0x376 bmdma 0xc1a8 irq 15
15:51:07,860 INFO systemd:Reached target Paths.
15:51:07,860 INFO systemd:Starting Paths.
15:51:07,860 INFO systemd:Started Forward Password Requests to Plymouth Directory Watch.
15:51:07,860 INFO systemd:Starting Forward Password Requests to Plymouth Directory Watch.
15:51:07,860 INFO systemd:Reached target Basic System.
15:51:07,861 INFO systemd:Starting Basic System.
15:51:07,867 INFO systemd:Started Device-Mapper Multipath Device Controller.
15:51:07,867 INFO systemd:Starting Open-iSCSI...
15:51:07,870 WARNING iscsid:iSCSI logger with pid=577 started!
15:51:07,871 INFO systemd:Failed to read PID from file /var/run/iscsid.pid: Invalid argument
15:51:07,873 INFO systemd:Started Open-iSCSI.
15:51:07,873 INFO systemd:Starting dracut initqueue hook...
15:51:07,878 ERR iscsid:iSCSI daemon with pid=578 started!
15:51:07,878 INFO kernel:alg: No test for __gcm-aes-aesni (__driver-gcm-aes-aesni)
15:51:07,879 ERR iscsid:can't open InitiatorName configuration file /etc/iscsi/initiatorname.iscsi
15:51:07,879 ERR iscsid:Warning: InitiatorName file /etc/iscsi/initiatorname.iscsi does not exist or does not contain a properly formatted InitiatorName. If using software iscsi (iscsi_tcp or ib_iser) or partial offload (bnx2i or cxgbi iscsi), you may not be able to log into or
15:51:07,879 ERR iscsid:can't open InitiatorAlias configuration file /etc/iscsi/initiatorname.iscsi
15:51:07,879 ERR iscsid:can't open iscsid.safe_logout configuration file /etc/iscsi/iscsid.conf
15:51:07,900 INFO kernel:alg: No test for crc32 (crc32-pclmul)
15:51:07,903 INFO systemd:Reloading.
15:51:08,025 INFO kernel:ata1.00: ATA-7: QEMU HARDDISK, 1.5.3, max UDMA/100
15:51:08,025 INFO kernel:ata1.00: 6291456 sectors, multi 16: LBA48 
15:51:08,025 INFO kernel:ata1.01: ATAPI: QEMU DVD-ROM, 1.5.3, max UDMA/100
15:51:08,029 INFO kernel:ata1.00: configured for MWDMA2
15:51:08,039 INFO kernel:ata1.01: configured for MWDMA2
15:51:08,039 NOTICE kernel:scsi 0:0:0:0: Direct-Access     ATA      QEMU HARDDISK    3    PQ: 0 ANSI: 5
15:51:08,045 NOTICE kernel:scsi 0:0:1:0: CD-ROM            QEMU     QEMU DVD-ROM     1.5. PQ: 0 ANSI: 5
15:51:08,077 INFO kernel:sr 0:0:1:0: [sr0] scsi3-mmc drive: 4x/4x cd/rw xa/form2 tray
15:51:08,077 INFO kernel:cdrom: Uniform CD-ROM driver Revision: 3.20
15:51:08,085 NOTICE kernel:sd 0:0:0:0: [sda] 6291456 512-byte logical blocks: (3.22 GB/3.00 GiB)
15:51:08,085 NOTICE kernel:sd 0:0:0:0: [sda] Write Protect is off
15:51:08,085 DEBUG kernel:sd 0:0:0:0: [sda] Mode Sense: 00 3a 00 00
15:51:08,086 DEBUG kernel:sr 0:0:1:0: Attached scsi CD-ROM sr0
15:51:08,103 NOTICE kernel:sd 0:0:0:0: [sda] Write cache: enabled, read cache: enabled, doesn't support DPO or FUA
15:51:08,111 NOTICE kernel:sd 0:0:0:0: [sda] Attached SCSI disk
15:51:08,135 NOTICE multipathd:path checkers start up
15:51:08,135 NOTICE multipathd:sda: add path (uevent)
15:51:08,210 INFO dracut-initqueue:mount: /dev/sr0 is write-protected, mounting read-only
15:51:08,215 DEBUG kernel:ISO 9660 Extensions: Microsoft Joliet Level 3
15:51:08,217 DEBUG kernel:ISO 9660 Extensions: RRIP_1991A
15:51:08,265 INFO kernel:loop: module loaded
15:51:08,348 INFO systemd:Started dracut initqueue hook.
15:51:08,348 INFO systemd:Reached target Remote File Systems (Pre).
15:51:08,348 INFO systemd:Starting Remote File Systems (Pre).
15:51:08,349 INFO systemd:Reached target Remote File Systems.
15:51:08,349 INFO systemd:Starting Remote File Systems.
15:51:08,349 INFO systemd:Starting dracut pre-mount hook...
15:51:08,380 INFO systemd:Started dracut pre-mount hook.
15:51:08,380 INFO systemd:Reached target Initrd Root File System.
15:51:08,380 INFO systemd:Starting Initrd Root File System.
15:51:08,380 INFO systemd:Starting Reload Configuration from the Real Root...
15:51:08,383 INFO systemd:Reloading.
15:51:08,427 INFO systemd:Started Reload Configuration from the Real Root.
15:51:08,427 INFO systemd:Starting dracut mount hook...
15:51:08,431 INFO systemd:Reached target Initrd File Systems.
15:51:08,431 INFO systemd:Starting Initrd File Systems.
15:51:08,492 INFO kernel:EXT4-fs (dm-0): mounted filesystem with ordered data mode. Opts: (null)
15:51:08,519 INFO systemd:Started dracut mount hook.
15:51:08,519 INFO systemd:Reached target Initrd Default Target.
15:51:08,519 INFO systemd:Starting Initrd Default Target.
15:51:08,520 INFO systemd:Starting dracut pre-pivot and cleanup hook...
15:51:08,682 ERR rpcbind:cannot open file = /run/rpcbind/rpcbind.xdr for writing
15:51:08,682 ERR rpcbind:cannot save any registration
15:51:08,682 ERR rpcbind:cannot open file = /run/rpcbind/portmap.xdr for writing
15:51:08,682 ERR rpcbind:cannot save any registration
15:51:08,705 INFO systemd:Started dracut pre-pivot and cleanup hook.
15:51:08,706 INFO systemd:Starting Cleaning Up and Shutting Down Daemons...
15:51:08,714 INFO systemd:Starting Plymouth switch root service...
15:51:08,714 INFO systemd:Stopped target Timers.
15:51:08,714 INFO systemd:Stopping Timers.
15:51:08,718 INFO systemd:Stopped Cleaning Up and Shutting Down Daemons.
15:51:08,719 INFO systemd:Stopped dracut pre-pivot and cleanup hook.
15:51:08,719 INFO systemd:Stopping dracut pre-pivot and cleanup hook...
15:51:08,719 INFO systemd:Stopped target Remote File Systems.
15:51:08,719 INFO systemd:Stopping Remote File Systems.
15:51:08,720 INFO systemd:Stopped target Remote File Systems (Pre).
15:51:08,720 INFO systemd:Stopping Remote File Systems (Pre).
15:51:08,720 INFO systemd:Stopped target Initrd Default Target.
15:51:08,720 INFO systemd:Stopping Initrd Default Target.
15:51:08,723 INFO systemd:Stopped dracut mount hook.
15:51:08,723 INFO systemd:Stopping dracut mount hook...
15:51:08,723 INFO systemd:Stopped dracut pre-mount hook.
15:51:08,723 INFO systemd:Stopping dracut pre-mount hook...
15:51:08,724 INFO systemd:Stopped dracut initqueue hook.
15:51:08,725 INFO systemd:Stopping dracut initqueue hook...
15:51:08,725 INFO systemd:Stopping Open-iSCSI...
15:51:08,726 INFO systemd:Stopped target Basic System.
15:51:08,726 INFO systemd:Stopping Basic System.
15:51:08,726 INFO systemd:Stopped target Paths.
15:51:08,726 INFO systemd:Stopping Paths.
15:51:08,727 INFO systemd:Stopped target Sockets.
15:51:08,727 INFO systemd:Stopping Sockets.
15:51:08,727 INFO systemd:Closed Open-iSCSI iscsiuio Socket.
15:51:08,728 INFO systemd:Stopping Open-iSCSI iscsiuio Socket.
15:51:08,728 INFO systemd:Stopped target System Initialization.
15:51:08,728 INFO systemd:Stopping System Initialization.
15:51:08,729 INFO systemd:Stopped target Swap.
15:51:08,730 INFO systemd:Stopping Swap.
15:51:08,730 INFO systemd:Stopped target Local File Systems.
15:51:08,730 INFO systemd:Stopping Local File Systems.
15:51:08,730 INFO systemd:Stopped Apply Kernel Variables.
15:51:08,733 INFO systemd:Stopping Apply Kernel Variables...
15:51:08,734 INFO systemd:Stopped target Encrypted Volumes.
15:51:08,734 INFO systemd:Stopping Encrypted Volumes.
15:51:08,734 INFO systemd:Stopped target Slices.
15:51:08,734 INFO systemd:Stopping Slices.
15:51:08,741 WARNING iscsid:iscsid shutting down.
15:51:08,744 NOTICE multipathd:--------shut down-------
15:51:08,745 INFO systemd:Stopped Open-iSCSI.
15:51:08,745 INFO systemd:Stopping Device-Mapper Multipath Device Controller...
15:51:08,750 INFO systemd:Stopped Device-Mapper Multipath Device Controller.
15:51:08,750 INFO systemd:Stopped udev Coldplug all Devices.
15:51:08,750 INFO systemd:Stopping udev Coldplug all Devices...
15:51:08,751 INFO systemd:Stopped dracut pre-trigger hook.
15:51:08,751 INFO systemd:Stopping dracut pre-trigger hook...
15:51:08,751 INFO systemd:Stopping udev Kernel Device Manager...
15:51:08,751 INFO systemd:Stopped udev Kernel Device Manager.
15:51:08,752 INFO systemd:Stopped Create Static Device Nodes in /dev.
15:51:08,753 INFO systemd:Stopping Create Static Device Nodes in /dev...
15:51:08,754 INFO systemd:Stopped Create list of required static device nodes for the current kernel.
15:51:08,754 INFO systemd:Stopping Create list of required static device nodes for the current kernel...
15:51:08,754 INFO systemd:Stopped dracut pre-udev hook.
15:51:08,754 INFO systemd:Stopping dracut pre-udev hook...
15:51:08,754 INFO systemd:Stopped dracut cmdline hook.
15:51:08,757 INFO systemd:Stopping dracut cmdline hook...
15:51:08,757 INFO systemd:Closed udev Kernel Socket.
15:51:08,758 INFO systemd:Stopping udev Kernel Socket.
15:51:08,758 INFO systemd:Closed udev Control Socket.
15:51:08,759 INFO systemd:Stopping udev Control Socket.
15:51:08,759 INFO systemd:Starting Cleanup udevd DB...
15:51:08,764 INFO systemd:Started Cleanup udevd DB.
15:51:08,764 INFO systemd:Reached target Switch Root.
15:51:08,764 INFO systemd:Starting Switch Root.
15:51:08,835 INFO systemd:Started Plymouth switch root service.
15:51:08,835 INFO systemd:Starting Switch Root...
15:51:08,845 NOTICE systemd:Switching root.
15:51:08,852 INFO journal:Journal stopped
15:51:10,013 INFO journal:Runtime journal is using 6.2M (max allowed 49.6M, trying to leave 74.4M free of 483.7M available → current limit 49.6M).
15:51:10,026 INFO journal:Runtime journal is using 6.2M (max allowed 49.6M, trying to leave 74.4M free of 483.7M available → current limit 49.6M).
15:51:10,027 INFO systemd-journald:Received SIGTERM from PID 1 (systemd).
15:51:10,027 DEBUG kernel:SELinux: 2048 avtab hash slots, 106122 rules.
15:51:10,027 DEBUG kernel:SELinux: 2048 avtab hash slots, 106122 rules.
15:51:10,027 DEBUG kernel:SELinux:  8 users, 14 roles, 5004 types, 307 bools, 1 sens, 1024 cats
15:51:10,027 DEBUG kernel:SELinux:  94 classes, 106122 rules
15:51:10,027 DEBUG kernel:SELinux:  Completing initialization.
15:51:10,027 DEBUG kernel:SELinux:  Setting up existing superblocks.
15:51:10,027 NOTICE kernel:type=1403 audit(1505145069.383:2): policy loaded auid=4294967295 ses=4294967295
15:51:10,027 INFO systemd:Successfully loaded SELinux policy in 253.130ms.
15:51:10,027 INFO systemd:Relabelled /dev and /run in 14.096ms.
15:51:10,027 NOTICE kernel:random: crng init done
15:51:10,027 INFO journal:Journal started
15:51:10,056 INFO systemd:systemd 219 running in system mode. (+PAM +AUDIT +SELINUX +IMA -APPARMOR +SMACK +SYSVINIT +UTMP +LIBCRYPTSETUP +GCRYPT +GNUTLS +ACL +XZ -LZ4 -SECCOMP +BLKID +ELFUTILS +KMOD +IDN)
15:51:10,056 INFO systemd:Detected virtualization kvm.
15:51:10,056 INFO systemd:Detected architecture x86-64.
15:51:10,056 WARNING systemd:/usr/lib/systemd/system-generators/lvm2-activation-generator failed with error code 127.
15:51:10,057 WARNING systemd:Cannot add dependency job for unit lvm2-monitor.service, ignoring: Unit not found.
15:51:10,057 WARNING systemd:Cannot add dependency job for unit systemd-tmpfiles-clean.timer, ignoring: Unit is masked.
15:51:10,057 WARNING systemd:Cannot add dependency job for unit rhel-configure.service, ignoring: Unit is masked.
15:51:10,057 WARNING systemd:Cannot add dependency job for unit rhel-autorelabel-mark.service, ignoring: Unit is masked.
15:51:10,057 WARNING systemd:Cannot add dependency job for unit rhel-loadmodules.service, ignoring: Unit is masked.
15:51:10,086 WARNING systemd:Cannot add dependency job for unit rhel-autorelabel.service, ignoring: Unit is masked.
15:51:10,104 INFO systemd:Started Create list of required static device nodes for the current kernel.
15:51:10,104 INFO systemd:Mounted Huge Pages File System.
15:51:10,106 INFO systemd:Started Apply Kernel Variables.
15:51:10,107 INFO systemd:Started Remount Root and Kernel File Systems.
15:51:10,120 INFO systemd:Started LVM2 metadata daemon.
15:51:10,120 INFO systemd:Starting LVM2 metadata daemon...
15:51:10,121 INFO systemd:Starting Rebuild Hardware Database...
15:51:10,123 INFO systemd:Starting Configure read-only root support...
15:51:10,124 INFO systemd:Starting Load/Save Random Seed...
15:51:10,125 INFO systemd:Starting Create Static Device Nodes in /dev...
15:51:10,125 INFO systemd:Starting Flush Journal to Persistent Storage...
15:51:10,186 INFO systemd:Started Load/Save Random Seed.
15:51:10,202 INFO journal:Runtime journal is using 6.2M (max allowed 49.6M, trying to leave 74.4M free of 483.7M available → current limit 49.6M).
15:51:10,206 INFO systemd:Started Flush Journal to Persistent Storage.
15:51:10,259 INFO systemd:Started Create Static Device Nodes in /dev.
15:51:10,260 INFO systemd:Starting udev Kernel Device Manager...
15:51:10,326 INFO systemd-udevd:starting version 219
15:51:10,342 INFO systemd:Started Configure read-only root support.
15:51:10,360 INFO systemd:Started udev Kernel Device Manager.
15:51:10,822 INFO systemd:Started Rebuild Hardware Database.
15:51:10,822 INFO systemd:Starting udev Coldplug all Devices...
15:51:10,966 DEBUG kernel:virtio-pci 0000:00:04.0: irq 24 for MSI/MSI-X
15:51:10,966 DEBUG kernel:virtio-pci 0000:00:04.0: irq 25 for MSI/MSI-X
15:51:10,978 INFO systemd:Started udev Coldplug all Devices.
15:51:10,978 INFO systemd:Starting Device-Mapper Multipath Device Controller...
15:51:10,978 INFO systemd:Starting udev Wait for Complete Device Initialization...
15:51:11,135 INFO kernel:piix4_smbus 0000:00:01.3: SMBus Host Controller at 0x700, revision 0
15:51:11,165 INFO kernel:input: PC Speaker as /devices/platform/pcspkr/input/input4
15:51:11,190 NOTICE kernel:sd 0:0:0:0: Attached scsi generic sg0 type 0
15:51:11,190 NOTICE kernel:sr 0:0:1:0: Attached scsi generic sg1 type 5
15:51:11,445 INFO systemd:Started Device-Mapper Multipath Device Controller.
15:51:11,474 INFO systemd:Started Monitoring of LVM2 mirrors, snapshots etc. using dmeventd or progress polling.
15:51:11,475 INFO systemd:Reached target Local File Systems (Pre).
15:51:11,475 INFO systemd:Starting Local File Systems (Pre).
15:51:16,479 WARNING systemd-vconsole-setup:/usr/bin/setfont failed with error code 71.
15:51:16,571 INFO systemd:Started udev Wait for Complete Device Initialization.
15:51:16,572 INFO systemd:Starting Activation of DM RAID sets...
15:51:16,619 INFO systemd:Started Activation of DM RAID sets.
15:51:16,619 INFO systemd:Reached target Local File Systems.
15:51:16,620 INFO systemd:Starting Local File Systems.
15:51:16,621 INFO systemd:Starting Rebuild Journal Catalog...
15:51:16,622 INFO systemd:Starting Migrate local SELinux policy changes from the old store structure to the new structure...
15:51:16,623 INFO systemd:Starting Import network configuration from initramfs...
15:51:16,624 INFO systemd:Starting Tell Plymouth To Write Out Runtime Data...
15:51:16,628 INFO systemd:Reached target Encrypted Volumes.
15:51:16,629 INFO systemd:Starting Encrypted Volumes.
15:51:16,668 INFO systemd:Started Tell Plymouth To Write Out Runtime Data.
15:51:16,673 INFO systemd:Started Rebuild Journal Catalog.
15:51:16,673 INFO systemd:Starting Update is Completed...
15:51:16,684 INFO systemd:Started Update is Completed.
15:51:16,700 INFO systemd:Started Migrate local SELinux policy changes from the old store structure to the new structure.
15:51:16,726 INFO systemd:Started Import network configuration from initramfs.
15:51:16,726 INFO systemd:Starting Create Volatile Files and Directories...
15:51:16,748 INFO systemd:Started Create Volatile Files and Directories.
15:51:16,750 INFO systemd:Starting Update UTMP about System Boot/Shutdown...
15:51:16,771 INFO systemd:Started Update UTMP about System Boot/Shutdown.
15:51:16,771 INFO systemd:Reached target System Initialization.
15:51:16,772 INFO systemd:Starting System Initialization.
15:51:16,774 INFO systemd:Listening on D-Bus System Message Bus Socket.
15:51:16,775 INFO systemd:Starting D-Bus System Message Bus Socket.
15:51:16,775 INFO systemd:Listening on Open-iSCSI iscsiuio Socket.
15:51:16,776 INFO systemd:Starting Open-iSCSI iscsiuio Socket.
15:51:16,776 INFO systemd:Listening on Open-iSCSI iscsid Socket.
15:51:16,776 INFO systemd:Starting Open-iSCSI iscsid Socket.
15:51:16,777 INFO systemd:Reached target Sockets.
15:51:16,777 INFO systemd:Starting Sockets.
15:51:16,777 INFO systemd:Reached target Basic System.
15:51:16,778 INFO systemd:Starting Basic System.
15:51:16,780 INFO systemd:Starting System Logging Service...
15:51:16,781 INFO systemd:Starting Login Service...
15:51:16,782 INFO systemd:Starting Terminate Plymouth Boot Screen...
15:51:16,783 INFO systemd:Starting Service enabling compressing RAM with zRam...
15:51:16,785 INFO systemd:Started Hardware RNG Entropy Gatherer Daemon.
15:51:16,785 INFO systemd:Starting Hardware RNG Entropy Gatherer Daemon...
15:51:16,787 INFO systemd:Starting Wait for Plymouth Boot Screen to Quit...
15:51:16,788 INFO systemd:Starting pre-anaconda logging service...
15:51:16,789 INFO systemd:Starting Dump dmesg to /var/log/dmesg...
15:51:16,842 INFO zramswapon:+ MAX_RAM_ON=2097152
15:51:16,887 INFO systemd:Started Anaconda NetworkManager configuration.
15:51:16,888 INFO systemd:Starting Anaconda NetworkManager configuration...
15:51:16,891 INFO rngd:read error
15:51:16,892 INFO rngd:hwrng: no available rng
15:51:16,892 INFO rngd:Unable to open file: /dev/tpm0
15:51:16,892 INFO rngd:can't open any entropy source
15:51:16,892 INFO rngd:Maybe RNG device modules are not loaded
15:51:16,910 INFO systemd:Starting Network Manager...
15:51:16,912 INFO zramswapon:++ grep MemTotal /proc/meminfo
15:51:16,913 INFO zramswapon:++ grep -E --only-matching '[[:digit:]]+'
15:51:16,913 INFO zramswapon:+ mem_total_kb=1016292
15:51:16,914 INFO zramswapon:+ mem_total=1040683008
15:51:16,914 INFO zramswapon:+ grep -E 'inst\.zram=(on|1)' /proc/cmdline
15:51:16,935 INFO zramswapon:+ force=1
15:51:16,936 INFO zramswapon:+ '[' '(' 1016292 -gt 2097152 ')' -a '(' 1 '!=' 0 ')' ']'
15:51:16,936 INFO systemd:Received SIGRTMIN+21 from PID 542 (plymouthd).
15:51:16,937 INFO systemd:Started Terminate Plymouth Boot Screen.
15:51:16,950 INFO zramswapon:++ getconf _NPROCESSORS_ONLN
15:51:16,960 INFO rsyslogd: [origin software="rsyslogd" swVersion="8.24.0" x-pid="1048" x-info="http://www.rsyslog.com"] start
15:51:16,960 WARNING rsyslogd:warning: ~ action is deprecated, consider using the 'stop' statement instead [v8.24.0 try http://www.rsyslog.com/e/2307 ]
15:51:16,978 INFO zramswapon:+ num_cpus=1
15:51:16,978 INFO zramswapon:+ decr_num_cpus=0
15:51:16,978 INFO zramswapon:+ modprobe zram num_devices=1
15:51:16,978 NOTICE systemd:rngd.service: main process exited, code=exited, status=1/FAILURE
15:51:16,979 NOTICE systemd:Unit rngd.service entered failed state.
15:51:16,979 WARNING systemd:rngd.service failed.
15:51:16,980 INFO systemd:Started Wait for Plymouth Boot Screen to Quit.
15:51:16,980 INFO systemd:Started pre-anaconda logging service.
15:51:17,004 NOTICE kernel:type=1400 audit(1505145077.003:3): avc:  denied  { write } for  pid=1048 comm="in:imjournal" name="/" dev="dm-0" ino=2 scontext=system_u:system_r:syslogd_t:s0 tcontext=system_u:object_r:root_t:s0 tclass=dir
15:51:17,004 NOTICE kernel:type=1400 audit(1505145077.003:4): avc:  denied  { add_name } for  pid=1048 comm="in:imjournal" name="imjournal.state.tmp" scontext=system_u:system_r:syslogd_t:s0 tcontext=system_u:object_r:root_t:s0 tclass=dir
15:51:17,004 NOTICE kernel:type=1400 audit(1505145077.004:5): avc:  denied  { create } for  pid=1048 comm="in:imjournal" name="imjournal.state.tmp" scontext=system_u:system_r:syslogd_t:s0 tcontext=system_u:object_r:root_t:s0 tclass=file
15:51:17,006 NOTICE kernel:type=1400 audit(1505145077.004:6): avc:  denied  { write open } for  pid=1048 comm="in:imjournal" path="/imjournal.state.tmp" dev="dm-0" ino=721 scontext=system_u:system_r:syslogd_t:s0 tcontext=system_u:object_r:root_t:s0 tclass=file
15:51:17,006 NOTICE kernel:type=1400 audit(1505145077.004:7): avc:  denied  { getattr } for  pid=1048 comm="in:imjournal" path="/imjournal.state.tmp" dev="dm-0" ino=721 scontext=system_u:system_r:syslogd_t:s0 tcontext=system_u:object_r:root_t:s0 tclass=file
15:51:17,006 NOTICE kernel:type=1400 audit(1505145077.004:8): avc:  denied  { remove_name } for  pid=1048 comm="in:imjournal" name="imjournal.state.tmp" dev="dm-0" ino=721 scontext=system_u:system_r:syslogd_t:s0 tcontext=system_u:object_r:root_t:s0 tclass=dir
15:51:17,006 NOTICE kernel:type=1400 audit(1505145077.004:9): avc:  denied  { rename } for  pid=1048 comm="in:imjournal" name="imjournal.state.tmp" dev="dm-0" ino=721 scontext=system_u:system_r:syslogd_t:s0 tcontext=system_u:object_r:root_t:s0 tclass=file
15:51:17,006 NOTICE kernel:type=1400 audit(1505145077.004:10): avc:  denied  { unlink } for  pid=1048 comm="in:imjournal" name="imjournal.state" dev="dm-0" ino=721 scontext=system_u:system_r:syslogd_t:s0 tcontext=system_u:object_r:root_t:s0 tclass=file
15:51:17,155 INFO systemd:Started System Logging Service.
15:51:17,202 INFO systemd:Started Dump dmesg to /var/log/dmesg.
15:51:17,228 INFO kernel:zram: Added device: zram0
15:51:17,232 WARNING systemd:Cannot add dependency job for unit lvm2-monitor.service, ignoring: Unit not found.
15:51:17,245 WARNING systemd:Cannot add dependency job for unit systemd-tmpfiles-clean.timer, ignoring: Unit is masked.
15:51:17,253 WARNING systemd:Cannot add dependency job for unit rhel-configure.service, ignoring: Unit is masked.
15:51:17,253 WARNING systemd:Cannot add dependency job for unit rhel-autorelabel-mark.service, ignoring: Unit is masked.
15:51:17,253 WARNING systemd:Cannot add dependency job for unit rhel-loadmodules.service, ignoring: Unit is masked.
15:51:17,253 WARNING systemd:Cannot add dependency job for unit rhel-autorelabel.service, ignoring: Unit is masked.
15:51:17,254 INFO systemd:Started D-Bus System Message Bus.
15:51:17,265 INFO zramswapon:++ seq 0 0
15:51:17,302 INFO zramswapon:+ for i in '$(seq 0 $decr_num_cpus)'
15:51:17,303 INFO zramswapon:+ echo 1040683008
15:51:17,303 INFO kernel:zram0: detected capacity change from 0 to 1040683008
15:51:17,326 INFO zramswapon:++ seq 0 0
15:51:17,335 INFO zramswapon:+ for i in '$(seq 0 $decr_num_cpus)'
15:51:17,335 INFO zramswapon:+ mkswap /dev/zram0
15:51:17,349 NOTICE multipathd:path checkers start up
15:51:17,349 NOTICE multipathd:zram0: add path (uevent)
15:51:17,349 NOTICE multipathd:zram0: HDIO_GETGEO failed with 25
15:51:17,349 ERR multipathd:zram0: failed to get path uid
15:51:17,349 ERR multipathd:uevent trigger error
15:51:17,410 INFO zramswapon:Setting up swapspace version 1, size = 1016288 KiB
15:51:17,410 INFO zramswapon:no label, UUID=28d026b7-3549-44c9-a789-a35d2cbc858c
15:51:17,467 INFO zramswapon:++ seq 0 0
15:51:17,492 INFO zramswapon:+ for i in '$(seq 0 $decr_num_cpus)'
15:51:17,492 INFO zramswapon:+ swapon -p 100 /dev/zram0
15:51:17,546 INFO zramswapon:+ '[' 1016292 -le 1048576 ']'
15:51:17,546 INFO zramswapon:+ mount -o remount,size=512M /tmp
15:51:17,546 INFO kernel:Adding 1016288k swap on /dev/zram0.  Priority:100 extents:1 across:1016288k SSFS
15:51:17,639 INFO systemd:Starting D-Bus System Message Bus...
15:51:17,645 INFO systemd:Started Service enabling compressing RAM with zRam.
15:51:17,737 INFO systemd-logind:Watching system buttons on /dev/input/event0 (Power Button)
15:51:17,739 INFO systemd-logind:New seat seat0.
15:51:17,742 INFO systemd:Started Login Service.
15:51:17,779 INFO NetworkManager:<info>  [1505145077.7773] NetworkManager (version 1.8.0-9.el7) is starting... (for the first time)
15:51:17,779 INFO NetworkManager:<info>  [1505145077.7796] Read config: /etc/NetworkManager/NetworkManager.conf (lib: 10-slaves-order.conf) (etc: 80-anaconda-no-ibft.conf, 90-anaconda-no-auto-default.conf, 91-anaconda-autoconnect-slaves.conf, 92-anaconda-loglevel-debug.conf)
15:51:17,779 DEBUG NetworkManager:<debug> [1505145077.7797] CONFIG: config-data[0x55902382a170]: 3 groups
15:51:17,780 DEBUG NetworkManager:<debug> [1505145077.7799] CONFIG:
15:51:17,780 DEBUG NetworkManager:<debug> [1505145077.7800] CONFIG: [main]
15:51:17,780 DEBUG NetworkManager:<debug> [1505145077.7801] CONFIG:   slaves-order=index
15:51:17,780 DEBUG NetworkManager:<debug> [1505145077.7803] CONFIG:   plugins=ifcfg-rh,no-ibft
15:51:17,780 DEBUG NetworkManager:<debug> [1505145077.7804] CONFIG:   no-auto-default=*
15:51:17,780 DEBUG NetworkManager:<debug> [1505145077.7806] CONFIG:
15:51:17,780 DEBUG NetworkManager:<debug> [1505145077.7807] CONFIG: [logging]
15:51:17,780 DEBUG NetworkManager:<debug> [1505145077.7808] CONFIG:   level=DEBUG
15:51:17,781 DEBUG NetworkManager:<debug> [1505145077.7810] CONFIG:
15:51:17,781 DEBUG NetworkManager:<debug> [1505145077.7811] CONFIG: [connection]
15:51:17,781 DEBUG NetworkManager:<debug> [1505145077.7813] CONFIG:   connection.autoconnect-slaves=1
15:51:17,781 DEBUG NetworkManager:<debug> [1505145077.7814] config: state: missing state file "/var/lib/NetworkManager/NetworkManager.state": No such file or directory
15:51:17,781 DEBUG NetworkManager:<debug> [1505145077.7814] WEXT support is disabled
15:51:17,783 DEBUG NetworkManager:<debug> [1505145077.7833] platform-linux: create (ignore netns, initial netns, use udev)
15:51:17,784 DEBUG NetworkManager:<debug> [1505145077.7845] platform-linux: Netlink socket for events established: port=1010828324, fd=7
15:51:17,785 DEBUG NetworkManager:<debug> [1505145077.7850] platform-linux: populate platform cache
15:51:17,785 DEBUG NetworkManager:<debug> [1505145077.7852] monotonic timestamp started counting 1.138581424 seconds ago with an offset of 14.0 seconds to CLOCK_BOOTTIME (local time is 2017-09-11 15:51:17)
15:51:17,785 DEBUG NetworkManager:<debug> [1505145077.7854] platform-linux: kernel-support: IFLA_INET6_ADDR_GEN_MODE: detected
15:51:17,786 DEBUG NetworkManager:<debug> [1505145077.7859] platform: signal: link   added: 1: lo <UP,LOWER_UP;loopback,up,running,lowerup> mtu 65536 arp 772 loopback? not-init addrgenmode eui64 addr 00:00:00:00:00:00 driver unknown rx:6,416 tx:6,416
15:51:17,788 DEBUG NetworkManager:<debug> [1505145077.7884] platform: signal: link   added: 2: ens3 <DOWN;broadcast,multicast> mtu 1500 arp 1 ethernet? not-init addrgenmode eui64 addr 52:54:00:C2:43:7B driver 8139cp rx:0,0 tx:0,0
15:51:17,788 DEBUG NetworkManager:<debug> [1505145077.7886] platform: signal: address 4   added: 127.0.0.1/8 lft forever pref forever lifetime 1-0[4294967295,4294967295] dev 1 flags permanent src kernel
15:51:17,789 DEBUG NetworkManager:<debug> [1505145077.7889] platform-linux: kernel-support: extended-ifa-flags: detected
15:51:17,789 DEBUG NetworkManager:<debug> [1505145077.7891] platform: signal: address 6   added: ::1/128 lft forever pref forever lifetime 1-0[4294967295,4294967295] dev 1 flags permanent src kernel
15:51:17,789 DEBUG NetworkManager:<debug> [1505145077.7897] platform: signal: link changed: 2: ens3 <DOWN;broadcast,multicast> mtu 1500 arp 1 ethernet? init addrgenmode eui64 addr 52:54:00:C2:43:7B driver 8139cp rx:0,0 tx:0,0
15:51:17,790 DEBUG NetworkManager:<debug> [1505145077.7900] platform: signal: link changed: 1: lo <UP,LOWER_UP;loopback,up,running,lowerup> mtu 65536 arp 772 loopback? init addrgenmode eui64 addr 00:00:00:00:00:00 driver unknown rx:6,416 tx:6,416
15:51:17,790 DEBUG NetworkManager:<debug> [1505145077.7902] setup NMPlatform singleton (0x55902383b850, NMLinuxPlatform)
15:51:17,790 DEBUG NetworkManager:<debug> [1505145077.7904] create NMNetns singleton (0x5590238134c0)
15:51:17,790 DEBUG NetworkManager:<debug> [1505145077.7906] auth[0x559023813600]: create auth-manager: polkit enabled
15:51:17,791 DEBUG NetworkManager:<debug> [1505145077.7911] auth[0x559023813600]: set instance
15:51:17,791 DEBUG NetworkManager:<debug> [1505145077.7913] setup NMAuthManager singleton (0x559023813600)
15:51:17,803 DEBUG NetworkManager:<debug> [1505145077.8034] bus-manager: setup NMBusManager singleton (0x5590238436d0)
15:51:17,808 INFO NetworkManager:<info>  [1505145077.8082] manager[0x5590238330f0]: monitoring kernel firmware directory '/lib/firmware'.
15:51:17,809 DEBUG NetworkManager:<debug> [1505145077.8091] session-monitor: using systemd-logind session tracking
15:51:17,809 DEBUG NetworkManager:<debug> [1505145077.8093] create NMSessionMonitor singleton (0x55902382dcd0)
15:51:17,809 DEBUG NetworkManager:<debug> [1505145077.8095] create NMAgentManager singleton (0x559023830a40)
15:51:17,810 INFO NetworkManager:<info>  [1505145077.8100] policy: hostname management mode: default
15:51:17,810 DEBUG NetworkManager:<debug> [1505145077.8102] create NMFirewallManager singleton (0x5590238201c0)
15:51:17,810 INFO NetworkManager:<info>  [1505145077.8106] dns-mgr[0x559023852160]: init: dns=default, rc-manager=file
15:51:17,811 DEBUG NetworkManager:<debug> [1505145077.8109] create NMDnsManager singleton (0x559023852160)
15:51:17,811 DEBUG NetworkManager:<debug> [1505145077.8113] manager: setup NMManager singleton (0x5590238330f0)
15:51:17,814 INFO systemd:Started Network Manager.
15:51:17,814 INFO systemd:Reached target Network.
15:51:17,814 INFO systemd:Starting Network.
15:51:17,814 INFO systemd:Reached target Anaconda System Services.
15:51:17,815 INFO systemd:Starting Anaconda System Services.
15:51:17,815 INFO systemd:Starting Anaconda...
15:51:17,816 INFO systemd:Starting Logout off all iSCSI sessions on shutdown...
15:51:17,817 DEBUG NetworkManager:<debug> [1505145077.8177] create NMConnectivity singleton (0x7fd454004a80)
15:51:17,818 DEBUG NetworkManager:<debug> [1505145077.8182] dispatcher: default script directory '/etc/NetworkManager/dispatcher.d' has scripts
15:51:17,818 DEBUG NetworkManager:<debug> [1505145077.8184] dispatcher: pre-up script directory '/etc/NetworkManager/dispatcher.d/pre-up.d' has no scripts
15:51:17,818 DEBUG NetworkManager:<debug> [1505145077.8186] dispatcher: pre-down script directory '/etc/NetworkManager/dispatcher.d/pre-down.d' has no scripts
15:51:17,820 NOTICE dbus:[system] Activating via systemd: service name='org.freedesktop.nm_dispatcher' unit='dbus-org.freedesktop.nm-dispatcher.service'
15:51:17,821 INFO dbus-daemon:dbus[1082]: [system] Activating via systemd: service name='org.freedesktop.nm_dispatcher' unit='dbus-org.freedesktop.nm-dispatcher.service'
15:51:17,821 WARNING systemd:Cannot add dependency job for unit lvm2-monitor.service, ignoring: Unit not found.
15:51:17,822 WARNING systemd:Cannot add dependency job for unit systemd-tmpfiles-clean.timer, ignoring: Unit is masked.
15:51:17,822 WARNING systemd:Cannot add dependency job for unit rhel-configure.service, ignoring: Unit is masked.
15:51:17,822 WARNING systemd:Cannot add dependency job for unit rhel-autorelabel-mark.service, ignoring: Unit is masked.
15:51:17,823 WARNING systemd:Cannot add dependency job for unit rhel-loadmodules.service, ignoring: Unit is masked.
15:51:17,824 WARNING systemd:Cannot add dependency job for unit rhel-autorelabel.service, ignoring: Unit is masked.
15:51:17,824 INFO systemd:Starting Network Manager Script Dispatcher Service...
15:51:17,858 INFO systemd:Started Logout off all iSCSI sessions on shutdown.
15:51:17,859 INFO systemd:Reached target Remote File Systems (Pre).
15:51:17,859 INFO systemd:Starting Remote File Systems (Pre).
15:51:17,860 INFO systemd:Starting Availability of block devices...
15:51:17,884 INFO systemd:Started Availability of block devices.
15:51:17,910 NOTICE dbus:[system] Successfully activated service 'org.freedesktop.nm_dispatcher'
15:51:17,910 INFO dbus-daemon:dbus[1082]: [system] Successfully activated service 'org.freedesktop.nm_dispatcher'
15:51:17,911 INFO systemd:Started Network Manager Script Dispatcher Service.
15:51:17,924 DEBUG NetworkManager:<debug> [1505145077.9234] create SettingsPluginIfcfg singleton (0x55902387a180)
15:51:17,924 INFO NetworkManager:<info>  [1505145077.9234] settings: loaded plugin ifcfg-rh: (c) 2007 - 2015 Red Hat, Inc.  To report bugs please use the NetworkManager mailing list. (/usr/lib64/NetworkManager/libnm-settings-plugin-ifcfg-rh.so)
15:51:17,924 INFO NetworkManager:<info>  [1505145077.9235] settings: loaded plugin keyfile: (c) 2007 - 2016 Red Hat, Inc.  To report bugs please use the NetworkManager mailing list.
15:51:17,924 DEBUG NetworkManager:<debug> [1505145077.9236] ifcfg-rh: loading from file "/etc/sysconfig/network-scripts/ifcfg-lo"...
15:51:17,924 DEBUG NetworkManager:<debug> [1505145077.9236] ifcfg-rh: loading "/etc/sysconfig/network-scripts/ifcfg-lo" fails: Ignoring loopback device config.
15:51:17,928 NOTICE dbus:[system] Activating via systemd: service name='org.freedesktop.hostname1' unit='dbus-org.freedesktop.hostname1.service'
15:51:17,928 WARNING systemd:Cannot add dependency job for unit lvm2-monitor.service, ignoring: Unit not found.
15:51:17,928 INFO dbus-daemon:dbus[1082]: [system] Activating via systemd: service name='org.freedesktop.hostname1' unit='dbus-org.freedesktop.hostname1.service'
15:51:17,928 WARNING systemd:Cannot add dependency job for unit systemd-tmpfiles-clean.timer, ignoring: Unit is masked.
15:51:17,929 WARNING systemd:Cannot add dependency job for unit rhel-configure.service, ignoring: Unit is masked.
15:51:17,929 WARNING systemd:Cannot add dependency job for unit rhel-autorelabel-mark.service, ignoring: Unit is masked.
15:51:17,929 WARNING systemd:Cannot add dependency job for unit rhel-loadmodules.service, ignoring: Unit is masked.
15:51:17,929 WARNING systemd:Cannot add dependency job for unit rhel-autorelabel.service, ignoring: Unit is masked.
15:51:17,930 INFO systemd:Starting Hostname Service...
15:51:18,108 NOTICE dbus:[system] Successfully activated service 'org.freedesktop.hostname1'
15:51:18,108 INFO dbus-daemon:dbus[1082]: [system] Successfully activated service 'org.freedesktop.hostname1'
15:51:18,118 INFO NetworkManager:<info>  [1505145078.1101] settings: hostname: using hostnamed
15:51:18,118 INFO NetworkManager:<info>  [1505145078.1102] settings: hostname changed from (none) to ""
15:51:18,118 DEBUG NetworkManager:<debug> [1505145078.1102] dispatcher: (1) dispatching action 'hostname'
15:51:18,119 INFO NetworkManager:<info>  [1505145078.1103] manager: rfkill: WiFi enabled by radio killswitch; enabled by state file
15:51:18,119 INFO NetworkManager:<info>  [1505145078.1103] manager: rfkill: WWAN enabled by radio killswitch; enabled by state file
15:51:18,119 INFO NetworkManager:<info>  [1505145078.1103] manager: Networking is enabled by state file
15:51:18,119 INFO NetworkManager:<info>  [1505145078.1146] Loaded device plugin: NMBondDeviceFactory (internal)
15:51:18,119 INFO NetworkManager:<info>  [1505145078.1146] Loaded device plugin: NMBridgeDeviceFactory (internal)
15:51:18,119 INFO NetworkManager:<info>  [1505145078.1146] Loaded device plugin: NMDummyDeviceFactory (internal)
15:51:18,134 INFO NetworkManager:<info>  [1505145078.1146] Loaded device plugin: NMEthernetDeviceFactory (internal)
15:51:18,135 INFO NetworkManager:<info>  [1505145078.1146] Loaded device plugin: NMInfinibandDeviceFactory (internal)
15:51:18,135 INFO NetworkManager:<info>  [1505145078.1147] Loaded device plugin: NMIPTunnelDeviceFactory (internal)
15:51:18,135 INFO NetworkManager:<info>  [1505145078.1147] Loaded device plugin: NMMacsecDeviceFactory (internal)
15:51:18,135 INFO NetworkManager:<info>  [1505145078.1147] Loaded device plugin: NMMacvlanDeviceFactory (internal)
15:51:18,135 INFO NetworkManager:<info>  [1505145078.1147] Loaded device plugin: NMTunDeviceFactory (internal)
15:51:18,136 INFO NetworkManager:<info>  [1505145078.1147] Loaded device plugin: NMVethDeviceFactory (internal)
15:51:18,136 INFO NetworkManager:<info>  [1505145078.1147] Loaded device plugin: NMVlanDeviceFactory (internal)
15:51:18,136 INFO NetworkManager:<info>  [1505145078.1147] Loaded device plugin: NMVxlanDeviceFactory (internal)
15:51:18,136 INFO NetworkManager:<info>  [1505145078.1203] Loaded device plugin: NMWifiFactory (/usr/lib64/NetworkManager/libnm-device-plugin-wifi.so)
15:51:18,136 INFO nm-dispatcher:req:1 'hostname': new request (4 scripts)
15:51:18,137 DEBUG nm-dispatcher:req:1 'hostname': environment: PATH=/usr/local/sbin:/usr/local/bin:/usr/sbin:/usr/bin
15:51:18,137 INFO nm-dispatcher:req:1 'hostname': start running ordered scripts...
15:51:18,137 DEBUG nm-dispatcher:req:1 'hostname', "/etc/NetworkManager/dispatcher.d/00-netreport": run script
15:51:18,138 INFO NetworkManager:<info>  [1505145078.1332] Loaded device plugin: NMTeamFactory (/usr/lib64/NetworkManager/libnm-device-plugin-team.so)
15:51:18,139 DEBUG NetworkManager:<debug> [1505145078.1339] device[0x55902388ef50] (lo): unmanaged: flags set to [platform-init,by-default=0x110/0x110/unmanaged/unrealized], set-unmanaged [by-default=0x100])
15:51:18,139 DEBUG NetworkManager:<debug> [1505145078.1339] device[0x55902388ef50] (lo): constructed (NMDeviceGeneric)
15:51:18,140 DEBUG NetworkManager:<debug> [1505145078.1340] device[0x55902388ef50] (lo): start setup of NMDeviceGeneric, kernel ifindex 1
15:51:18,144 DEBUG NetworkManager:<debug> [1505145078.1340] device[0x55902388ef50] (lo): assume-state: set guess-assume=1, connection=(null)
15:51:18,146 DEBUG NetworkManager:<debug> [1505145078.1340] platform-linux: error reading net:/sys/class/net/lo/phys_port_id: error reading 4096 bytes from file descriptor: Operation not supported
15:51:18,147 DEBUG NetworkManager:<debug> [1505145078.1340] platform-linux: sysctl: reading 'net:/sys/class/net/lo/dev_id': '0x0'
15:51:18,148 DEBUG NetworkManager:<debug> [1505145078.1341] platform-linux: error reading net:/sys/class/net/lo/device/sriov_totalvfs: Failed to open file "device/sriov_totalvfs" with openat: No such file or directory
15:51:18,149 DEBUG NetworkManager:<debug> [1505145078.1341] device[0x55902388ef50] (lo): hw-addr: hardware address now 00:00:00:00:00:00
15:51:18,149 DEBUG NetworkManager:<debug> [1505145078.1341] device[0x55902388ef50] (lo): hw-addr: update initial MAC address 00:00:00:00:00:00
15:51:18,149 DEBUG NetworkManager:<debug> [1505145078.1341] device[0x55902388ef50] (lo): hw-addr: unable to read permanent MAC address (use current: 00:00:00:00:00:00)
15:51:18,150 INFO NetworkManager:<info>  [1505145078.1342] device (lo): link connected
15:51:18,150 DEBUG NetworkManager:<debug> [1505145078.1342] device[0x55902388ef50] (lo): unmanaged: flags set to [platform-init,by-default,!external-down=0x110/0x910/unmanaged/unrealized], set-managed [external-down=0x800])
15:51:18,152 DEBUG NetworkManager:<debug> [1505145078.1342] device[0x55902388ef50] (lo): unmanaged: flags set to [loopback,platform-init,by-default,!external-down=0x118/0x918/unmanaged/unrealized], set-unmanaged [loopback=0x8])
15:51:18,153 DEBUG NetworkManager:<debug> [1505145078.1342] device[0x55902388ef50] (lo): unmanaged: flags set to [loopback,platform-init,by-default,!user-settings,!external-down=0x118/0x958/unmanaged/unrealized], set-managed [user-settings=0x40])
15:51:18,153 DEBUG NetworkManager:<debug> [1505145078.1342] device[0x55902388ef50] (lo): unmanaged: flags set to [loopback,by-default,!platform-init,!user-settings,!external-down=0x108/0x958/unmanaged/unrealized], set-managed [platform-init=0x10])
15:51:18,154 DEBUG NetworkManager:<debug> [1505145078.1342] device[0x55902388ef50] (lo): unmanaged: flags set to [loopback,by-default,!sleeping,!platform-init,!user-settings,!external-down=0x108/0x959/unmanaged/unrealized], set-managed [sleeping=0x1])
15:51:18,156 INFO kernel:IPv6: ADDRCONF(NETDEV_UP): ens3: link is not ready
15:51:18,157 INFO kernel:8139cp 0000:00:03.0 ens3: link up, 100Mbps, full-duplex, lpa 0x05E1
15:51:18,160 INFO NetworkManager:<info>  [1505145078.1374] manager: (lo): new Generic device (/org/freedesktop/NetworkManager/Devices/1)
15:51:18,162 DEBUG NetworkManager:<debug> [1505145078.1378] device[0x55902388ef50] (lo): assume-state: set guess-assume=0, connection=(null)
15:51:18,163 DEBUG NetworkManager:<debug> [1505145078.1379] device[0x55902389a1e0] (ens3): constructed (NMDeviceEthernet)
15:51:18,164 DEBUG NetworkManager:<debug> [1505145078.1379] device[0x55902389a1e0] (ens3): start setup of NMDeviceEthernet, kernel ifindex 2
15:51:18,164 DEBUG NetworkManager:<debug> [1505145078.1379] device[0x55902389a1e0] (ens3): assume-state: set guess-assume=1, connection=(null)
15:51:18,171 DEBUG NetworkManager:<debug> [1505145078.1380] platform-linux: error reading net:/sys/class/net/ens3/phys_port_id: error reading 4096 bytes from file descriptor: Operation not supported
15:51:18,172 DEBUG NetworkManager:<debug> [1505145078.1380] platform-linux: sysctl: reading 'net:/sys/class/net/ens3/dev_id': '0x0'
15:51:18,175 INFO systemd:Started Anaconda.
15:51:18,175 DEBUG NetworkManager:<debug> [1505145078.1385] platform-linux: error reading net:/sys/class/net/ens3/device/sriov_totalvfs: Failed to open file "device/sriov_totalvfs" with openat: No such file or directory
15:51:18,175 DEBUG NetworkManager:<debug> [1505145078.1385] device[0x55902389a1e0] (ens3): hw-addr: hardware address now 52:54:00:C2:43:7B
15:51:18,176 DEBUG NetworkManager:<debug> [1505145078.1385] device[0x55902389a1e0] (ens3): hw-addr: update initial MAC address 52:54:00:C2:43:7B
15:51:18,177 INFO dbus-daemon:dbus[1082]: [system] Activating via systemd: service name='org.freedesktop.PolicyKit1' unit='polkit.service'
15:51:18,178 DEBUG NetworkManager:<debug> [1505145078.1385] device[0x55902389a1e0] (ens3): hw-addr: read permanent MAC address '52:54:00:C2:43:7B'
15:51:18,184 INFO systemd:Started Hostname Service.
15:51:18,184 DEBUG NetworkManager:<debug> [1505145078.1386] device[0x55902389a1e0] (ens3): unmanaged: flags set to [platform-init,!loopback=0x10/0x18/unmanaged/unrealized], set-managed [loopback=0x8])
15:51:18,185 WARNING systemd:Cannot add dependency job for unit lvm2-monitor.service, ignoring: Unit not found.
15:51:18,185 DEBUG NetworkManager:<debug> [1505145078.1386] device[0x55902389a1e0] (ens3): unmanaged: flags set to [platform-init,!loopback,!user-settings=0x10/0x58/unmanaged/unrealized], set-managed [user-settings=0x40])
15:51:18,188 WARNING systemd:Cannot add dependency job for unit systemd-tmpfiles-clean.timer, ignoring: Unit is masked.
15:51:18,188 DEBUG NetworkManager:<debug> [1505145078.1386] device[0x55902389a1e0] (ens3): unmanaged: flags set to [!loopback,!platform-init,!user-settings=0x0/0x58/managed/unrealized], set-managed [platform-init=0x10])
15:51:18,189 WARNING systemd:Cannot add dependency job for unit rhel-configure.service, ignoring: Unit is masked.
15:51:18,189 DEBUG NetworkManager:<debug> [1505145078.1386] device[0x55902389a1e0] (ens3): unmanaged: flags set to [!sleeping,!loopback,!platform-init,!user-settings=0x0/0x59/managed/unrealized], set-managed [sleeping=0x1])
15:51:18,189 WARNING systemd:Cannot add dependency job for unit rhel-autorelabel-mark.service, ignoring: Unit is masked.
15:51:18,190 INFO NetworkManager:<info>  [1505145078.1493] manager: (ens3): new Ethernet device (/org/freedesktop/NetworkManager/Devices/2)
15:51:18,194 WARNING systemd:Cannot add dependency job for unit rhel-loadmodules.service, ignoring: Unit is masked.
15:51:18,198 DEBUG NetworkManager:<debug> [1505145078.1499] device[0x55902389a1e0] (ens3): ip4-config: update (commit=0, routes-full-sync=0, new-config=0x559023852340)
15:51:18,201 WARNING systemd:Cannot add dependency job for unit rhel-autorelabel.service, ignoring: Unit is masked.
15:51:18,202 DEBUG NetworkManager:<debug> [1505145078.1530] device[0x55902389a1e0] (ens3): ip4-config: set IP4Config instance (/org/freedesktop/NetworkManager/IP4Config/1)
15:51:18,202 INFO systemd:Starting Authorization Manager...
15:51:18,203 DEBUG NetworkManager:<debug> [1505145078.1530] dns-mgr: (device_ip4_config_changed): queueing DNS updates (1)
15:51:18,204 INFO systemd:Started Anaconda Text Console.
15:51:18,208 DEBUG NetworkManager:<debug> [1505145078.1531] dns-mgr: (device_ip4_config_changed): DNS configuration did not change
15:51:18,208 INFO systemd:Starting Anaconda Text Console...
15:51:18,208 DEBUG NetworkManager:<debug> [1505145078.1531] dns-mgr: (device_ip4_config_changed): no DNS changes to commit (0)
15:51:18,213 DEBUG NetworkManager:<debug> [1505145078.1532] device[0x55902389a1e0] (ens3): ip6-config: update (commit=0, routes-full-sync=0, new-config=0x559023817af0)
15:51:18,214 DEBUG NetworkManager:<debug> [1505145078.1547] device[0x55902389a1e0] (ens3): ip6-config: set IP6Config instance (/org/freedesktop/NetworkManager/IP6Config/1)
15:51:18,227 DEBUG NetworkManager:<debug> [1505145078.1547] dns-mgr: (device_ip6_config_changed): queueing DNS updates (1)
15:51:18,229 DEBUG NetworkManager:<debug> [1505145078.1547] dns-mgr: (device_ip6_config_changed): DNS configuration did not change
15:51:18,234 DEBUG NetworkManager:<debug> [1505145078.1547] dns-mgr: (device_ip6_config_changed): no DNS changes to commit (0)
15:51:18,234 DEBUG NetworkManager:<debug> [1505145078.1547] device[0x55902389a1e0] (ens3): assume-state: set guess-assume=0, connection=(null)
15:51:18,234 DEBUG NetworkManager:<debug> [1505145078.1547] manager: (ens3): assume: cannot generate connection: device has no existing configuration
15:51:18,235 INFO NetworkManager:<info>  [1505145078.1547] device (ens3): state change: unmanaged -> unavailable (reason 'managed') [10 20 2]
15:51:18,238 DEBUG NetworkManager:<debug> [1505145078.1548] platform-linux: sysctl: reading '/proc/sys/net/ipv6/conf/ens3/accept_ra': '1'
15:51:18,238 DEBUG NetworkManager:<debug> [1505145078.1548] platform-linux: sysctl: reading '/proc/sys/net/ipv6/conf/ens3/accept_ra_defrtr': '1'
15:51:18,239 DEBUG NetworkManager:<debug> [1505145078.1548] platform-linux: sysctl: reading '/proc/sys/net/ipv6/conf/ens3/accept_ra_pinfo': '1'
15:51:18,239 DEBUG NetworkManager:<debug> [1505145078.1549] platform-linux: sysctl: reading '/proc/sys/net/ipv6/conf/ens3/accept_ra_rtr_pref': '1'
15:51:18,240 DEBUG NetworkManager:<debug> [1505145078.1549] platform-linux: sysctl: reading '/proc/sys/net/ipv6/conf/ens3/forwarding': '0'
15:51:18,240 DEBUG NetworkManager:<debug> [1505145078.1549] platform-linux: sysctl: reading '/proc/sys/net/ipv6/conf/ens3/disable_ipv6': '0'
15:51:18,240 DEBUG NetworkManager:<debug> [1505145078.1549] platform-linux: sysctl: reading '/proc/sys/net/ipv6/conf/ens3/hop_limit': '64'
15:51:18,241 DEBUG NetworkManager:<debug> [1505145078.1549] platform-linux: sysctl: reading '/proc/sys/net/ipv6/conf/ens3/use_tempaddr': '0'
15:51:18,241 DEBUG NetworkManager:<debug> [1505145078.1549] device[0x55902389a1e0] (ens3): will enable userland IPv6LL
15:51:18,253 DEBUG NetworkManager:<debug> [1505145078.1549] platform-linux: link: change 2: user-ipv6ll: set IPv6 address generation mode to none
15:51:18,253 DEBUG NetworkManager:<debug> [1505145078.1550] platform-linux: do-request-link: 2
15:51:18,253 DEBUG NetworkManager:<debug> [1505145078.1550] platform: signal: link changed: 2: ens3 <DOWN;broadcast,multicast> mtu 1500 arp 1 ethernet? init addrgenmode none addr 52:54:00:C2:43:7B driver 8139cp rx:0,0 tx:0,0
15:51:18,254 DEBUG NetworkManager:<debug> [1505145078.1550] device[0x55902389a1e0] (ens3): queued link change for ifindex 2
15:51:18,254 DEBUG NetworkManager:<debug> [1505145078.1550] platform-linux: do-change-link[2]: success changing link: success
15:51:18,254 DEBUG NetworkManager:<debug> [1505145078.1551] platform-linux: sysctl: setting '/proc/sys/net/ipv6/conf/ens3/disable_ipv6' to '1' (current value is '0')
15:51:18,255 DEBUG NetworkManager:<debug> [1505145078.1551] platform-linux: sysctl: setting '/proc/sys/net/ipv6/conf/ens3/disable_ipv6' to '0' (current value is '1')
15:51:18,255 DEBUG NetworkManager:<debug> [1505145078.1551] platform-linux: sysctl: setting '/proc/sys/net/ipv6/conf/ens3/accept_ra_defrtr' to '0' (current value is '1')
15:51:18,256 DEBUG NetworkManager:<debug> [1505145078.1551] platform-linux: sysctl: setting '/proc/sys/net/ipv6/conf/ens3/accept_ra_pinfo' to '0' (current value is '1')
15:51:18,261 DEBUG NetworkManager:<debug> [1505145078.1552] platform-linux: sysctl: setting '/proc/sys/net/ipv6/conf/ens3/accept_ra_rtr_pref' to '0' (current value is '1')
15:51:18,275 DEBUG NetworkManager:<debug> [1505145078.1552] platform-linux: sysctl: setting '/proc/sys/net/ipv6/conf/ens3/use_tempaddr' to '0' (current value is identical)
15:51:18,275 DEBUG NetworkManager:<debug> [1505145078.1552] platform-linux: sysctl: setting '/proc/sys/net/ipv6/conf/ens3/forwarding' to '0' (current value is identical)
15:51:18,276 DEBUG NetworkManager:<debug> [1505145078.1552] device[0x55902389a1e0] (ens3): bringing up device 2
15:51:18,276 DEBUG NetworkManager:<debug> [1505145078.1552] platform: link: setting up "ens3" (2)
15:51:18,276 DEBUG NetworkManager:<debug> [1505145078.1552] platform-linux: link: change 2: flags: set 0x1/0x1 ([up] / [up])
15:51:18,277 DEBUG NetworkManager:<debug> [1505145078.1631] platform-linux: do-request-link: 2
15:51:18,277 DEBUG NetworkManager:<debug> [1505145078.1631] platform: signal: link changed: 2: ens3 <UP,LOWER_UP;broadcast,multicast,up,running,lowerup> mtu 1500 arp 1 ethernet? init addrgenmode none addr 52:54:00:C2:43:7B driver 8139cp rx:0,0 tx:0,0
15:51:18,278 DEBUG NetworkManager:<debug> [1505145078.1632] platform-linux: do-change-link[2]: success changing link: success
15:51:18,279 INFO NetworkManager:<info>  [1505145078.1632] device (ens3): link connected
15:51:18,279 DEBUG NetworkManager:<debug> [1505145078.1633] device[0x55902389a1e0] (ens3): speed is now 100 Mb/s
15:51:18,280 DEBUG NetworkManager:<debug> [1505145078.1633] device[0x55902389a1e0] (ens3): add_pending_action (1): 'queued-state-change-disconnected'
15:51:18,280 DEBUG NetworkManager:<debug> [1505145078.1633] device[0x55902389a1e0] (ens3): queue-state[disconnected, reason:carrier-changed, id:37]: queue state change
15:51:18,281 DEBUG NetworkManager:<debug> [1505145078.1633] device[0x55902389a1e0] (ens3): preparing device
15:51:18,281 DEBUG NetworkManager:<debug> [1505145078.1633] device[0x55902389a1e0] (ens3): queue-state[disconnected, reason:carrier-changed, id:37]: clear queued state change
15:51:18,282 DEBUG NetworkManager:<debug> [1505145078.1633] device[0x55902389a1e0] (ens3): remove_pending_action (0): 'queued-state-change-disconnected'
15:51:18,282 DEBUG NetworkManager:<debug> [1505145078.1633] device[0x55902389a1e0] (ens3): clearing queued IP4 config change
15:51:18,283 DEBUG NetworkManager:<debug> [1505145078.1633] device[0x55902389a1e0] (ens3): clearing queued IP6 config change
15:51:18,284 DEBUG NetworkManager:<debug> [1505145078.1634] platform-linux: sysctl: setting '/proc/sys/net/ipv6/conf/ens3/accept_ra' to '0' (current value is '1')
15:51:18,284 DEBUG NetworkManager:<debug> [1505145078.1634] platform-linux: sysctl: setting '/proc/sys/net/ipv6/conf/ens3/use_tempaddr' to '0' (current value is identical)
15:51:18,285 DEBUG NetworkManager:<debug> [1505145078.1634] route-mgr4:   2: sync 0 IPv4 routes
15:51:18,285 DEBUG NetworkManager:<debug> [1505145078.1634] route-mgr6:   2: sync 0 IPv6 routes
15:51:18,286 DEBUG NetworkManager:<debug> [1505145078.1634] default-route: entry[0/dev:0x55902389a1e0:ens3:-has:+sync]: record:add    0.0.0.0/0 via 0.0.0.0 dev 2 metric 4294967295 mss 0 rt-src unknown (4294967295)
15:51:18,287 DEBUG NetworkManager:<debug> [1505145078.1634] default-route: entry[0/dev:0x55902389a1e0:ens3:-has:+sync]: record:add    ::/0 via :: dev 2 metric 4294967295 mss 0 rt-src unknown src ::/0 (4294967295)
15:51:18,288 DEBUG NetworkManager:<debug> [1505145078.1634] default-route: entry[0/dev:0x55902389a1e0:ens3:-has:+sync]: record:remove 0.0.0.0/0 via 0.0.0.0 dev 2 metric 4294967295 mss 0 rt-src unknown (4294967295)
15:51:18,288 DEBUG NetworkManager:<debug> [1505145078.1634] default-route: entry[0/dev:0x55902389a1e0:ens3:-has:+sync]: record:remove ::/0 via :: dev 2 metric 4294967295 mss 0 rt-src unknown src ::/0 (4294967295)
15:51:18,289 DEBUG NetworkManager:<debug> [1505145078.1635] device[0x55902389a1e0] (ens3): ip4-config: update (commit=1, routes-full-sync=1, new-config=(nil))
15:51:18,289 DEBUG NetworkManager:<debug> [1505145078.1635] device[0x55902389a1e0] (ens3): ip4-config: clear IP4Config instance (/org/freedesktop/NetworkManager/IP4Config/1)
15:51:18,289 DEBUG NetworkManager:<debug> [1505145078.1635] dns-mgr: (device_ip4_config_changed): queueing DNS updates (1)
15:51:18,290 DEBUG NetworkManager:<debug> [1505145078.1635] dns-mgr: (device_ip4_config_changed): DNS configuration did not change
15:51:18,292 DEBUG NetworkManager:<debug> [1505145078.1635] dns-mgr: (device_ip4_config_changed): no DNS changes to commit (0)
15:51:18,292 DEBUG NetworkManager:<debug> [1505145078.1715] device[0x55902389a1e0] (ens3): ip6-config: update (commit=1, routes-full-sync=1, new-config=(nil))
15:51:18,292 DEBUG NetworkManager:<debug> [1505145078.1716] device[0x55902389a1e0] (ens3): ip6-config: clear IP6Config instance (/org/freedesktop/NetworkManager/IP6Config/1)
15:51:18,293 DEBUG NetworkManager:<debug> [1505145078.1716] dns-mgr: (device_ip6_config_changed): queueing DNS updates (1)
15:51:18,293 DEBUG NetworkManager:<debug> [1505145078.1716] dns-mgr: (device_ip6_config_changed): DNS configuration did not change
15:51:18,293 DEBUG NetworkManager:<debug> [1505145078.1716] dns-mgr: (device_ip6_config_changed): no DNS changes to commit (0)
15:51:18,293 DEBUG NetworkManager:<debug> [1505145078.1728] device[0x55902389a1e0] (ens3): add_pending_action (1): 'recheck-available'
15:51:18,294 DEBUG NetworkManager:<debug> [1505145078.1747] create NMVpnManager singleton (0x7fd4540045e0)
15:51:18,295 DEBUG NetworkManager:<debug> [1505145078.1748] manager: creating virtual devices...
15:51:18,297 DEBUG NetworkManager:<debug> [1505145078.1748] setting up local loopback
15:51:18,297 DEBUG NetworkManager:<debug> [1505145078.1748] platform: link: setting up "lo" (1)
15:51:18,297 DEBUG NetworkManager:<debug> [1505145078.1748] platform-linux: link: change 1: flags: set 0x1/0x1 ([up] / [up])
15:51:18,299 DEBUG NetworkManager:<debug> [1505145078.1748] platform-linux: do-request-link: 1
15:51:18,304 DEBUG NetworkManager:<debug> [1505145078.1748] platform-linux: do-change-link[1]: success changing link: success
15:51:18,304 NOTICE dbus:[system] Activating via systemd: service name='org.freedesktop.PolicyKit1' unit='polkit.service'
15:51:18,306 DEBUG NetworkManager:<debug> [1505145078.1790] sleep-monitor-sd: inhibit: taking sleep inhibitor...
15:51:18,306 DEBUG NetworkManager:<debug> [1505145078.1816] ifcfg-rh: dbus: aquired D-Bus service com.redhat.ifcfgrh1 and exported /com/redhat/ifcfgrh1 object
15:51:18,310 DEBUG NetworkManager:<debug> [1505145078.1816] sleep-monitor-sd: inhibit: inhibitor fd is 16
15:51:18,310 DEBUG NetworkManager:<debug> [1505145078.1816] firewall: firewall initialized (not running)
15:51:18,311 DEBUG NetworkManager:<debug> [1505145078.1829] device[0x55902388ef50] (lo): ip4-config: update (commit=0, routes-full-sync=0, new-config=0x559023852520)
15:51:18,311 DEBUG NetworkManager:<debug> [1505145078.1834] device[0x55902388ef50] (lo): ip4-config: set IP4Config instance (/org/freedesktop/NetworkManager/IP4Config/2)
15:51:18,312 DEBUG NetworkManager:<debug> [1505145078.1834] dns-mgr: (device_ip4_config_changed): queueing DNS updates (1)
15:51:18,312 DEBUG NetworkManager:<debug> [1505145078.1834] dns-mgr: (device_ip4_config_changed): DNS configuration did not change
15:51:18,313 DEBUG NetworkManager:<debug> [1505145078.1834] dns-mgr: (device_ip4_config_changed): no DNS changes to commit (0)
15:51:18,313 DEBUG NetworkManager:<debug> [1505145078.1835] device[0x55902388ef50] (lo): ip6-config: update (commit=0, routes-full-sync=0, new-config=0x559023817d90)
15:51:18,314 DEBUG NetworkManager:<debug> [1505145078.1855] device[0x55902388ef50] (lo): ip6-config: set IP6Config instance (/org/freedesktop/NetworkManager/IP6Config/2)
15:51:18,315 DEBUG NetworkManager:<debug> [1505145078.1855] dns-mgr: (device_ip6_config_changed): queueing DNS updates (1)
15:51:18,316 DEBUG NetworkManager:<debug> [1505145078.1855] dns-mgr: (device_ip6_config_changed): DNS configuration did not change
15:51:18,361 DEBUG NetworkManager:<debug> [1505145078.1855] dns-mgr: (device_ip6_config_changed): no DNS changes to commit (0)
15:51:18,370 DEBUG NetworkManager:<debug> [1505145078.1875] device[0x55902389a1e0] (ens3): ip4-config: update (commit=0, routes-full-sync=0, new-config=0x559023852340)
15:51:18,379 DEBUG NetworkManager:<debug> [1505145078.1941] device[0x55902389a1e0] (ens3): ip4-config: set IP4Config instance (/org/freedesktop/NetworkManager/IP4Config/3)
15:51:18,380 DEBUG NetworkManager:<debug> [1505145078.1941] dns-mgr: (device_ip4_config_changed): queueing DNS updates (1)
15:51:18,380 DEBUG NetworkManager:<debug> [1505145078.1941] dns-mgr: (device_ip4_config_changed): DNS configuration did not change
15:51:18,380 DEBUG NetworkManager:<debug> [1505145078.1941] dns-mgr: (device_ip4_config_changed): no DNS changes to commit (0)
15:51:18,381 DEBUG NetworkManager:<debug> [1505145078.1941] device[0x55902389a1e0] (ens3): ip6-config: update (commit=0, routes-full-sync=0, new-config=0x559023817af0)
15:51:18,381 DEBUG NetworkManager:<debug> [1505145078.2011] device[0x55902389a1e0] (ens3): ip6-config: set IP6Config instance (/org/freedesktop/NetworkManager/IP6Config/3)
15:51:18,382 DEBUG NetworkManager:<debug> [1505145078.2011] dns-mgr: (device_ip6_config_changed): queueing DNS updates (1)
15:51:18,382 DEBUG NetworkManager:<debug> [1505145078.2011] dns-mgr: (device_ip6_config_changed): DNS configuration did not change
15:51:18,382 DEBUG NetworkManager:<debug> [1505145078.2011] dns-mgr: (device_ip6_config_changed): no DNS changes to commit (0)
15:51:18,382 DEBUG NetworkManager:<debug> [1505145078.2011] manager: (ens3): assume: cannot generate connection: device has no existing configuration
15:51:18,383 DEBUG NetworkManager:<debug> [1505145078.2011] device[0x55902389a1e0] (ens3): add_pending_action (2): 'queued-state-change-disconnected'
15:51:18,383 DEBUG NetworkManager:<debug> [1505145078.2012] device[0x55902389a1e0] (ens3): queue-state[disconnected, reason:none, id:58]: queue state change
15:51:18,386 DEBUG NetworkManager:<debug> [1505145078.2012] device[0x55902389a1e0] (ens3): is available, will transition to disconnected
15:51:18,386 DEBUG NetworkManager:<debug> [1505145078.2012] device[0x55902389a1e0] (ens3): remove_pending_action (1): 'recheck-available'
15:51:18,387 DEBUG NetworkManager:<debug> [1505145078.2020] manager: (lo): assume: don't assume because not managed
15:51:18,389 DEBUG NetworkManager:<debug> [1505145078.2023] device[0x55902389a1e0] (ens3): ip4-config: update (commit=0, routes-full-sync=0, new-config=0x559023852610)
15:51:18,392 DEBUG NetworkManager:<debug> [1505145078.2024] device[0x55902389a1e0] (ens3): ip6-config: update (commit=0, routes-full-sync=0, new-config=0x559023817e70)
15:51:18,393 DEBUG NetworkManager:<debug> [1505145078.2024] manager: (ens3): assume: cannot generate connection: device has no existing configuration
15:51:18,393 DEBUG NetworkManager:<debug> [1505145078.2024] device[0x55902389a1e0] (ens3): queue-state[disconnected, reason:none, id:58]: change state
15:51:18,394 INFO NetworkManager:<info>  [1505145078.2024] device (ens3): state change: unavailable -> disconnected (reason 'none') [20 30 0]
15:51:18,395 DEBUG NetworkManager:<debug> [1505145078.2024] device[0x55902389a1e0] (ens3): will enable userland IPv6LL
15:51:18,395 DEBUG NetworkManager:<debug> [1505145078.2024] platform-linux: link: change 2: user-ipv6ll: set IPv6 address generation mode to none
15:51:18,400 DEBUG NetworkManager:<debug> [1505145078.2040] platform-linux: do-request-link: 2
15:51:18,404 DEBUG NetworkManager:<debug> [1505145078.2040] platform-linux: do-change-link[2]: success changing link: success
15:51:18,404 DEBUG NetworkManager:<debug> [1505145078.2041] platform-linux: sysctl: setting '/proc/sys/net/ipv6/conf/ens3/disable_ipv6' to '1' (current value is '0')
15:51:18,405 DEBUG NetworkManager:<debug> [1505145078.2041] platform-linux: sysctl: setting '/proc/sys/net/ipv6/conf/ens3/disable_ipv6' to '0' (current value is '1')
15:51:18,405 DEBUG NetworkManager:<debug> [1505145078.2042] platform-linux: sysctl: setting '/proc/sys/net/ipv6/conf/ens3/accept_ra_defrtr' to '0' (current value is identical)
15:51:18,405 DEBUG NetworkManager:<debug> [1505145078.2042] platform-linux: sysctl: setting '/proc/sys/net/ipv6/conf/ens3/accept_ra_pinfo' to '0' (current value is identical)
15:51:18,406 DEBUG NetworkManager:<debug> [1505145078.2042] platform-linux: sysctl: setting '/proc/sys/net/ipv6/conf/ens3/accept_ra_rtr_pref' to '0' (current value is identical)
15:51:18,406 DEBUG NetworkManager:<debug> [1505145078.2042] platform-linux: sysctl: setting '/proc/sys/net/ipv6/conf/ens3/use_tempaddr' to '0' (current value is identical)
15:51:18,407 DEBUG NetworkManager:<debug> [1505145078.2043] platform-linux: sysctl: setting '/proc/sys/net/ipv6/conf/ens3/forwarding' to '0' (current value is identical)
15:51:18,407 DEBUG NetworkManager:<debug> [1505145078.2085] device[0x55902389a1e0] (ens3): add_pending_action (2): 'autoactivate'
15:51:18,407 DEBUG NetworkManager:<debug> [1505145078.2086] device[0x55902389a1e0] (ens3): remove_pending_action (1): 'queued-state-change-disconnected'
15:51:18,411 DEBUG NetworkManager:<debug> [1505145078.2137] device[0x55902389a1e0] (ens3): remove_pending_action (0): 'autoactivate'
15:51:18,411 INFO NetworkManager:<info>  [1505145078.2137] manager: startup complete
15:51:18,415 DEBUG nm-dispatcher:req:1 'hostname', "/etc/NetworkManager/dispatcher.d/00-netreport": complete
15:51:18,415 DEBUG nm-dispatcher:req:1 'hostname', "/etc/NetworkManager/dispatcher.d/04-iscsi": run script
15:51:18,416 DEBUG nm-dispatcher:req:1 'hostname', "/etc/NetworkManager/dispatcher.d/04-iscsi": complete
15:51:18,416 DEBUG nm-dispatcher:req:1 'hostname', "/etc/NetworkManager/dispatcher.d/11-dhclient": run script
15:51:18,417 INFO polkitd:Started polkitd version 0.112
15:51:18,421 DEBUG nm-dispatcher:req:1 'hostname', "/etc/NetworkManager/dispatcher.d/11-dhclient": complete
15:51:18,421 INFO systemd:Started Authorization Manager.
15:51:18,422 INFO dbus-daemon:dbus[1082]: [system] Successfully activated service 'org.freedesktop.PolicyKit1'
15:51:18,422 DEBUG nm-dispatcher:req:1 'hostname', "/etc/NetworkManager/dispatcher.d/20-chrony": run script
15:51:18,422 INFO systemd:Startup finished in 3.862s (kernel) + 2.608s (initrd) + 9.301s (userspace) = 15.772s.
15:51:18,426 DEBUG nm-dispatcher:req:1 'hostname', "/etc/NetworkManager/dispatcher.d/20-chrony": complete
15:51:18,427 DEBUG nm-dispatcher:req:1 'hostname': completed (4 scripts)
15:51:18,428 DEBUG NetworkManager:<debug> [1505145078.3159] dispatcher: (1) 00-netreport succeeded
15:51:18,428 DEBUG NetworkManager:<debug> [1505145078.3159] dispatcher: (1) 04-iscsi succeeded
15:51:18,428 DEBUG NetworkManager:<debug> [1505145078.3159] dispatcher: (1) 11-dhclient succeeded
15:51:18,429 DEBUG NetworkManager:<debug> [1505145078.3159] dispatcher: (1) 20-chrony succeeded
15:51:18,431 NOTICE dbus:[system] Successfully activated service 'org.freedesktop.PolicyKit1'
